-- Logs begin at Mon 2020-01-13 21:48:08 UTC, end at Mon 2020-01-13 21:49:23 UTC. --
Jan 13 21:48:08 localhost kernel: Linux version 4.18.0-147.el8.x86_64 (mockbuild@kbuilder.bsys.centos.org) (gcc version 8.3.1 20190507 (Red Hat 8.3.1-4) (GCC)) #1 SMP Wed Dec 4 21:51:45 UTC 2019
Jan 13 21:48:08 localhost kernel: Command line: method=http://qa.centos.org/centos/8/BaseOS/x86_64/os/ ks=file:/ks.cfg
Jan 13 21:48:08 localhost kernel: x86/fpu: x87 FPU will use FXSAVE
Jan 13 21:48:08 localhost kernel: BIOS-provided physical RAM map:
Jan 13 21:48:08 localhost kernel: BIOS-e820: [mem 0x0000000000000000-0x000000000009fbff] usable
Jan 13 21:48:08 localhost kernel: BIOS-e820: [mem 0x000000000009fc00-0x000000000009ffff] reserved
Jan 13 21:48:08 localhost kernel: BIOS-e820: [mem 0x00000000000f0000-0x00000000000fffff] reserved
Jan 13 21:48:08 localhost kernel: BIOS-e820: [mem 0x0000000000100000-0x00000000bfff9fff] usable
Jan 13 21:48:08 localhost kernel: BIOS-e820: [mem 0x00000000bfffa000-0x00000000bfffffff] reserved
Jan 13 21:48:08 localhost kernel: BIOS-e820: [mem 0x00000000feffc000-0x00000000feffffff] reserved
Jan 13 21:48:08 localhost kernel: BIOS-e820: [mem 0x00000000fffc0000-0x00000000ffffffff] reserved
Jan 13 21:48:08 localhost kernel: BIOS-e820: [mem 0x0000000100000000-0x000000013fffffff] usable
Jan 13 21:48:08 localhost kernel: NX (Execute Disable) protection: active
Jan 13 21:48:08 localhost kernel: SMBIOS 2.4 present.
Jan 13 21:48:08 localhost kernel: DMI: Red Hat KVM, BIOS 0.5.1 01/01/2011
Jan 13 21:48:08 localhost kernel: Hypervisor detected: KVM
Jan 13 21:48:08 localhost kernel: kvm-clock: Using msrs 4b564d01 and 4b564d00
Jan 13 21:48:08 localhost kernel: kvm-clock: cpu 0, msr 31801001, primary cpu clock
Jan 13 21:48:08 localhost kernel: kvm-clock: using sched offset of 2269437181 cycles
Jan 13 21:48:08 localhost kernel: clocksource: kvm-clock: mask: 0xffffffffffffffff max_cycles: 0x1cd42e4dffb, max_idle_ns: 881590591483 ns
Jan 13 21:48:08 localhost kernel: e820: update [mem 0x00000000-0x00000fff] usable ==> reserved
Jan 13 21:48:08 localhost kernel: e820: remove [mem 0x000a0000-0x000fffff] usable
Jan 13 21:48:08 localhost kernel: last_pfn = 0x140000 max_arch_pfn = 0x400000000
Jan 13 21:48:08 localhost kernel: MTRR default type: write-back
Jan 13 21:48:08 localhost kernel: MTRR fixed ranges enabled:
Jan 13 21:48:08 localhost kernel:   00000-9FFFF write-back
Jan 13 21:48:08 localhost kernel:   A0000-BFFFF uncachable
Jan 13 21:48:08 localhost kernel:   C0000-FFFFF write-protect
Jan 13 21:48:08 localhost kernel: MTRR variable ranges enabled:
Jan 13 21:48:08 localhost kernel:   0 base 0000C0000000 mask 3FFFC0000000 uncachable
Jan 13 21:48:08 localhost kernel:   1 disabled
Jan 13 21:48:08 localhost kernel:   2 disabled
Jan 13 21:48:08 localhost kernel:   3 disabled
Jan 13 21:48:08 localhost kernel:   4 disabled
Jan 13 21:48:08 localhost kernel:   5 disabled
Jan 13 21:48:08 localhost kernel:   6 disabled
Jan 13 21:48:08 localhost kernel:   7 disabled
Jan 13 21:48:08 localhost kernel: x86/PAT: PAT not supported by CPU.
Jan 13 21:48:08 localhost kernel: x86/PAT: Configuration [0-7]: WB  WT  UC- UC  WB  WT  UC- UC  
Jan 13 21:48:08 localhost kernel: last_pfn = 0xbfffa max_arch_pfn = 0x400000000
Jan 13 21:48:08 localhost kernel: found SMP MP-table at [mem 0x000f6360-0x000f636f] mapped at [(____ptrval____)]
Jan 13 21:48:08 localhost kernel: Base memory trampoline at [(____ptrval____)] 99000 size 24576
Jan 13 21:48:08 localhost kernel: BRK [0x31a01000, 0x31a01fff] PGTABLE
Jan 13 21:48:08 localhost kernel: BRK [0x31a02000, 0x31a02fff] PGTABLE
Jan 13 21:48:08 localhost kernel: BRK [0x31a03000, 0x31a03fff] PGTABLE
Jan 13 21:48:08 localhost kernel: BRK [0x31a04000, 0x31a04fff] PGTABLE
Jan 13 21:48:08 localhost kernel: BRK [0x31a05000, 0x31a05fff] PGTABLE
Jan 13 21:48:08 localhost kernel: RAMDISK: [mem 0x7c4c3000-0x7fffffff]
Jan 13 21:48:08 localhost kernel: ACPI: Early table checksum verification disabled
Jan 13 21:48:08 localhost kernel: ACPI: RSDP 0x00000000000F6110 000014 (v00 BOCHS )
Jan 13 21:48:08 localhost kernel: ACPI: RSDT 0x00000000BFFFFC12 000030 (v01 BOCHS  BXPCRSDT 00000001 BXPC 00000001)
Jan 13 21:48:08 localhost kernel: ACPI: FACP 0x00000000BFFFF177 000074 (v01 BOCHS  BXPCFACP 00000001 BXPC 00000001)
Jan 13 21:48:08 localhost kernel: ACPI: DSDT 0x00000000BFFFE040 001137 (v01 BOCHS  BXPCDSDT 00000001 BXPC 00000001)
Jan 13 21:48:08 localhost kernel: ACPI: FACS 0x00000000BFFFE000 000040
Jan 13 21:48:08 localhost kernel: ACPI: SSDT 0x00000000BFFFF1EB 000997 (v01 BOCHS  BXPCSSDT 00000001 BXPC 00000001)
Jan 13 21:48:08 localhost kernel: ACPI: APIC 0x00000000BFFFFB82 000090 (v01 BOCHS  BXPCAPIC 00000001 BXPC 00000001)
Jan 13 21:48:08 localhost kernel: ACPI: Local APIC address 0xfee00000
Jan 13 21:48:08 localhost kernel: No NUMA configuration found
Jan 13 21:48:08 localhost kernel: Faking a node at [mem 0x0000000000000000-0x000000013fffffff]
Jan 13 21:48:08 localhost kernel: NODE_DATA(0) allocated [mem 0x13ffd3000-0x13fffcfff]
Jan 13 21:48:08 localhost kernel: Zone ranges:
Jan 13 21:48:08 localhost kernel:   DMA      [mem 0x0000000000001000-0x0000000000ffffff]
Jan 13 21:48:08 localhost kernel:   DMA32    [mem 0x0000000001000000-0x00000000ffffffff]
Jan 13 21:48:08 localhost kernel:   Normal   [mem 0x0000000100000000-0x000000013fffffff]
Jan 13 21:48:08 localhost kernel:   Device   empty
Jan 13 21:48:08 localhost kernel: Movable zone start for each node
Jan 13 21:48:08 localhost kernel: Early memory node ranges
Jan 13 21:48:08 localhost kernel:   node   0: [mem 0x0000000000001000-0x000000000009efff]
Jan 13 21:48:08 localhost kernel:   node   0: [mem 0x0000000000100000-0x00000000bfff9fff]
Jan 13 21:48:08 localhost kernel:   node   0: [mem 0x0000000100000000-0x000000013fffffff]
Jan 13 21:48:08 localhost kernel: Zeroed struct page in unavailable ranges: 104 pages
Jan 13 21:48:08 localhost kernel: Initmem setup node 0 [mem 0x0000000000001000-0x000000013fffffff]
Jan 13 21:48:08 localhost kernel: On node 0 totalpages: 1048472
Jan 13 21:48:08 localhost kernel:   DMA zone: 64 pages used for memmap
Jan 13 21:48:08 localhost kernel:   DMA zone: 21 pages reserved
Jan 13 21:48:08 localhost kernel:   DMA zone: 3998 pages, LIFO batch:0
Jan 13 21:48:08 localhost kernel:   DMA32 zone: 12224 pages used for memmap
Jan 13 21:48:08 localhost kernel:   DMA32 zone: 782330 pages, LIFO batch:31
Jan 13 21:48:08 localhost kernel:   Normal zone: 4096 pages used for memmap
Jan 13 21:48:08 localhost kernel:   Normal zone: 262144 pages, LIFO batch:31
Jan 13 21:48:08 localhost kernel: ACPI: PM-Timer IO Port: 0x608
Jan 13 21:48:08 localhost kernel: ACPI: Local APIC address 0xfee00000
Jan 13 21:48:08 localhost kernel: ACPI: LAPIC_NMI (acpi_id[0xff] dfl dfl lint[0x1])
Jan 13 21:48:08 localhost kernel: IOAPIC[0]: apic_id 0, version 17, address 0xfec00000, GSI 0-23
Jan 13 21:48:08 localhost kernel: ACPI: INT_SRC_OVR (bus 0 bus_irq 0 global_irq 2 dfl dfl)
Jan 13 21:48:08 localhost kernel: ACPI: INT_SRC_OVR (bus 0 bus_irq 5 global_irq 5 high level)
Jan 13 21:48:08 localhost kernel: ACPI: INT_SRC_OVR (bus 0 bus_irq 9 global_irq 9 high level)
Jan 13 21:48:08 localhost kernel: ACPI: INT_SRC_OVR (bus 0 bus_irq 10 global_irq 10 high level)
Jan 13 21:48:08 localhost kernel: ACPI: INT_SRC_OVR (bus 0 bus_irq 11 global_irq 11 high level)
Jan 13 21:48:08 localhost kernel: ACPI: IRQ0 used by override.
Jan 13 21:48:08 localhost kernel: ACPI: IRQ5 used by override.
Jan 13 21:48:08 localhost kernel: ACPI: IRQ9 used by override.
Jan 13 21:48:08 localhost kernel: ACPI: IRQ10 used by override.
Jan 13 21:48:08 localhost kernel: ACPI: IRQ11 used by override.
Jan 13 21:48:08 localhost kernel: Using ACPI (MADT) for SMP configuration information
Jan 13 21:48:08 localhost kernel: smpboot: Allowing 4 CPUs, 0 hotplug CPUs
Jan 13 21:48:08 localhost kernel: PM: Registered nosave memory: [mem 0x00000000-0x00000fff]
Jan 13 21:48:08 localhost kernel: PM: Registered nosave memory: [mem 0x0009f000-0x0009ffff]
Jan 13 21:48:08 localhost kernel: PM: Registered nosave memory: [mem 0x000a0000-0x000effff]
Jan 13 21:48:08 localhost kernel: PM: Registered nosave memory: [mem 0x000f0000-0x000fffff]
Jan 13 21:48:08 localhost kernel: PM: Registered nosave memory: [mem 0xbfffa000-0xbfffffff]
Jan 13 21:48:08 localhost kernel: PM: Registered nosave memory: [mem 0xc0000000-0xfeffbfff]
Jan 13 21:48:08 localhost kernel: PM: Registered nosave memory: [mem 0xfeffc000-0xfeffffff]
Jan 13 21:48:08 localhost kernel: PM: Registered nosave memory: [mem 0xff000000-0xfffbffff]
Jan 13 21:48:08 localhost kernel: PM: Registered nosave memory: [mem 0xfffc0000-0xffffffff]
Jan 13 21:48:08 localhost kernel: [mem 0xc0000000-0xfeffbfff] available for PCI devices
Jan 13 21:48:08 localhost kernel: Booting paravirtualized kernel on KVM
Jan 13 21:48:08 localhost kernel: clocksource: refined-jiffies: mask: 0xffffffff max_cycles: 0xffffffff, max_idle_ns: 1910969940391419 ns
Jan 13 21:48:08 localhost kernel: setup_percpu: NR_CPUS:8192 nr_cpumask_bits:4 nr_cpu_ids:4 nr_node_ids:1
Jan 13 21:48:08 localhost kernel: percpu: Embedded 47 pages/cpu s155648 r8192 d28672 u524288
Jan 13 21:48:08 localhost kernel: pcpu-alloc: s155648 r8192 d28672 u524288 alloc=1*2097152
Jan 13 21:48:08 localhost kernel: pcpu-alloc: [0] 0 1 2 3 
Jan 13 21:48:08 localhost kernel: KVM setup async PF for cpu 0
Jan 13 21:48:08 localhost kernel: kvm-stealtime: cpu 0, msr 13ba25040
Jan 13 21:48:08 localhost kernel: PV qspinlock hash table entries: 256 (order: 0, 4096 bytes)
Jan 13 21:48:08 localhost kernel: Built 1 zonelists, mobility grouping on.  Total pages: 1032067
Jan 13 21:48:08 localhost kernel: Policy zone: Normal
Jan 13 21:48:08 localhost kernel: Kernel command line: method=http://qa.centos.org/centos/8/BaseOS/x86_64/os/ ks=file:/ks.cfg
Jan 13 21:48:08 localhost kernel: Specific versions of hardware are certified with Red Hat Enterprise Linux 8. Please see the list of hardware certified with Red Hat Enterprise Linux 8 at https://access.redhat.com/ecosystem.
Jan 13 21:48:08 localhost kernel: Memory: 3117284K/4193888K available (12292K kernel code, 2117K rwdata, 3780K rodata, 2368K init, 6348K bss, 226208K reserved, 0K cma-reserved)
Jan 13 21:48:08 localhost kernel: random: get_random_u64 called from cache_random_seq_create+0x7c/0x140 with crng_init=0
Jan 13 21:48:08 localhost kernel: SLUB: HWalign=64, Order=0-3, MinObjects=0, CPUs=4, Nodes=1
Jan 13 21:48:08 localhost kernel: Kernel/User page tables isolation: enabled
Jan 13 21:48:08 localhost kernel: ftrace: allocating 35709 entries in 140 pages
Jan 13 21:48:08 localhost kernel: rcu: Hierarchical RCU implementation.
Jan 13 21:48:08 localhost kernel: rcu:         RCU restricting CPUs from NR_CPUS=8192 to nr_cpu_ids=4.
Jan 13 21:48:08 localhost kernel: rcu: RCU calculated value of scheduler-enlistment delay is 100 jiffies.
Jan 13 21:48:08 localhost kernel: rcu: Adjusting geometry for rcu_fanout_leaf=16, nr_cpu_ids=4
Jan 13 21:48:08 localhost kernel: NR_IRQS: 524544, nr_irqs: 456, preallocated irqs: 16
Jan 13 21:48:08 localhost kernel: Console: colour VGA+ 80x25
Jan 13 21:48:08 localhost kernel: console [tty0] enabled
Jan 13 21:48:08 localhost kernel: ACPI: Core revision 20180531
Jan 13 21:48:08 localhost kernel: APIC: Switch to symmetric I/O mode setup
Jan 13 21:48:08 localhost kernel: ..TIMER: vector=0x30 apic1=0 pin1=2 apic2=-1 pin2=-1
Jan 13 21:48:08 localhost kernel: tsc: Detected 2199.996 MHz processor
Jan 13 21:48:08 localhost kernel: clocksource: tsc-early: mask: 0xffffffffffffffff max_cycles: 0x1fb62f12e8c, max_idle_ns: 440795238402 ns
Jan 13 21:48:08 localhost kernel: Calibrating delay loop (skipped) preset value.. 4399.99 BogoMIPS (lpj=2199996)
Jan 13 21:48:08 localhost kernel: pid_max: default: 32768 minimum: 301
Jan 13 21:48:08 localhost kernel: Security Framework initialized
Jan 13 21:48:08 localhost kernel: Yama: becoming mindful.
Jan 13 21:48:08 localhost kernel: SELinux:  Initializing.
Jan 13 21:48:08 localhost kernel: Dentry cache hash table entries: 524288 (order: 10, 4194304 bytes)
Jan 13 21:48:08 localhost kernel: Inode-cache hash table entries: 262144 (order: 9, 2097152 bytes)
Jan 13 21:48:08 localhost kernel: Mount-cache hash table entries: 8192 (order: 4, 65536 bytes)
Jan 13 21:48:08 localhost kernel: Mountpoint-cache hash table entries: 8192 (order: 4, 65536 bytes)
Jan 13 21:48:08 localhost kernel: Last level iTLB entries: 4KB 0, 2MB 0, 4MB 0
Jan 13 21:48:08 localhost kernel: Last level dTLB entries: 4KB 0, 2MB 0, 4MB 0, 1GB 0
Jan 13 21:48:08 localhost kernel: FEATURE SPEC_CTRL Not Present
Jan 13 21:48:08 localhost kernel: FEATURE IBPB_SUPPORT Not Present
Jan 13 21:48:08 localhost kernel: Spectre V1 : Mitigation: usercopy/swapgs barriers and __user pointer sanitization
Jan 13 21:48:08 localhost kernel: Spectre V2 : Mitigation: Full generic retpoline
Jan 13 21:48:08 localhost kernel: Spectre V2 : Spectre v2 / SpectreRSB mitigation: Filling RSB on context switch
Jan 13 21:48:08 localhost kernel: Speculative Store Bypass: Vulnerable
Jan 13 21:48:08 localhost kernel: MDS: Vulnerable: Clear CPU buffers attempted, no microcode
Jan 13 21:48:08 localhost kernel: Freeing SMP alternatives memory: 32K
Jan 13 21:48:08 localhost kernel: smpboot: CPU0: Intel QEMU Virtual CPU version 1.5.3 (family: 0x6, model: 0xd, stepping: 0x3)
Jan 13 21:48:08 localhost kernel: Performance Events: PMU not available due to virtualization, using software events only.
Jan 13 21:48:08 localhost kernel: rcu: Hierarchical SRCU implementation.
Jan 13 21:48:08 localhost kernel: NMI watchdog: Perf event create on CPU 0 failed with -2
Jan 13 21:48:08 localhost kernel: NMI watchdog: Perf NMI watchdog permanently disabled
Jan 13 21:48:08 localhost kernel: smp: Bringing up secondary CPUs ...
Jan 13 21:48:08 localhost kernel: x86: Booting SMP configuration:
Jan 13 21:48:08 localhost kernel: .... node  #0, CPUs:      #1
Jan 13 21:48:08 localhost kernel: kvm-clock: cpu 1, msr 31801041, secondary cpu clock
Jan 13 21:48:08 localhost kernel: KVM setup async PF for cpu 1
Jan 13 21:48:08 localhost kernel: kvm-stealtime: cpu 1, msr 13baa5040
Jan 13 21:48:08 localhost kernel:  #2
Jan 13 21:48:08 localhost kernel: kvm-clock: cpu 2, msr 31801081, secondary cpu clock
Jan 13 21:48:08 localhost kernel: KVM setup async PF for cpu 2
Jan 13 21:48:08 localhost kernel: kvm-stealtime: cpu 2, msr 13bb25040
Jan 13 21:48:08 localhost kernel:  #3
Jan 13 21:48:08 localhost kernel: kvm-clock: cpu 3, msr 318010c1, secondary cpu clock
Jan 13 21:48:08 localhost kernel: KVM setup async PF for cpu 3
Jan 13 21:48:08 localhost kernel: kvm-stealtime: cpu 3, msr 13bba5040
Jan 13 21:48:08 localhost kernel: smp: Brought up 1 node, 4 CPUs
Jan 13 21:48:08 localhost kernel: smpboot: Max logical packages: 4
Jan 13 21:48:08 localhost kernel: smpboot: Total of 4 processors activated (17599.96 BogoMIPS)
Jan 13 21:48:08 localhost kernel: node 0 initialised, 212599 pages in 9ms
Jan 13 21:48:08 localhost kernel: devtmpfs: initialized
Jan 13 21:48:08 localhost kernel: x86/mm: Memory block size: 128MB
Jan 13 21:48:08 localhost kernel: clocksource: jiffies: mask: 0xffffffff max_cycles: 0xffffffff, max_idle_ns: 1911260446275000 ns
Jan 13 21:48:08 localhost kernel: futex hash table entries: 1024 (order: 4, 65536 bytes)
Jan 13 21:48:08 localhost kernel: pinctrl core: initialized pinctrl subsystem
Jan 13 21:48:08 localhost kernel: NET: Registered protocol family 16
Jan 13 21:48:08 localhost kernel: audit: initializing netlink subsys (disabled)
Jan 13 21:48:08 localhost kernel: audit: type=2000 audit(1578952083.301:1): state=initialized audit_enabled=0 res=1
Jan 13 21:48:08 localhost kernel: cpuidle: using governor menu
Jan 13 21:48:08 localhost kernel: ACPI: bus type PCI registered
Jan 13 21:48:08 localhost kernel: acpiphp: ACPI Hot Plug PCI Controller Driver version: 0.5
Jan 13 21:48:08 localhost kernel: PCI: Using configuration type 1 for base access
Jan 13 21:48:08 localhost kernel: HugeTLB registered 2.00 MiB page size, pre-allocated 0 pages
Jan 13 21:48:08 localhost kernel: cryptd: max_cpu_qlen set to 1000
Jan 13 21:48:08 localhost kernel: ACPI: Added _OSI(Module Device)
Jan 13 21:48:08 localhost kernel: ACPI: Added _OSI(Processor Device)
Jan 13 21:48:08 localhost kernel: ACPI: Added _OSI(3.0 _SCP Extensions)
Jan 13 21:48:08 localhost kernel: ACPI: Added _OSI(Processor Aggregator Device)
Jan 13 21:48:08 localhost kernel: ACPI: Added _OSI(Linux-Dell-Video)
Jan 13 21:48:08 localhost kernel: ACPI: 2 ACPI AML tables successfully acquired and loaded
Jan 13 21:48:08 localhost kernel: ACPI: Interpreter enabled
Jan 13 21:48:08 localhost kernel: ACPI: (supports S0 S5)
Jan 13 21:48:08 localhost kernel: ACPI: Using IOAPIC for interrupt routing
Jan 13 21:48:08 localhost kernel: PCI: Using host bridge windows from ACPI; if necessary, use "pci=nocrs" and report a bug
Jan 13 21:48:08 localhost kernel: ACPI: Enabled 16 GPEs in block 00 to 0F
Jan 13 21:48:08 localhost kernel: ACPI: PCI Root Bridge [PCI0] (domain 0000 [bus 00-ff])
Jan 13 21:48:08 localhost kernel: acpi PNP0A03:00: _OSC: OS supports [ASPM ClockPM Segments MSI]
Jan 13 21:48:08 localhost kernel: acpi PNP0A03:00: fail to add MMCONFIG information, can't access extended PCI configuration space under this bridge.
Jan 13 21:48:08 localhost kernel: acpiphp: Slot [3] registered
Jan 13 21:48:08 localhost kernel: acpiphp: Slot [4] registered
Jan 13 21:48:08 localhost kernel: acpiphp: Slot [5] registered
Jan 13 21:48:08 localhost kernel: acpiphp: Slot [6] registered
Jan 13 21:48:08 localhost kernel: acpiphp: Slot [7] registered
Jan 13 21:48:08 localhost kernel: acpiphp: Slot [8] registered
Jan 13 21:48:08 localhost kernel: acpiphp: Slot [9] registered
Jan 13 21:48:08 localhost kernel: acpiphp: Slot [10] registered
Jan 13 21:48:08 localhost kernel: acpiphp: Slot [11] registered
Jan 13 21:48:08 localhost kernel: acpiphp: Slot [12] registered
Jan 13 21:48:08 localhost kernel: acpiphp: Slot [13] registered
Jan 13 21:48:08 localhost kernel: acpiphp: Slot [14] registered
Jan 13 21:48:08 localhost kernel: acpiphp: Slot [15] registered
Jan 13 21:48:08 localhost kernel: acpiphp: Slot [16] registered
Jan 13 21:48:08 localhost kernel: acpiphp: Slot [17] registered
Jan 13 21:48:08 localhost kernel: acpiphp: Slot [18] registered
Jan 13 21:48:08 localhost kernel: acpiphp: Slot [19] registered
Jan 13 21:48:08 localhost kernel: acpiphp: Slot [20] registered
Jan 13 21:48:08 localhost kernel: acpiphp: Slot [21] registered
Jan 13 21:48:08 localhost kernel: acpiphp: Slot [22] registered
Jan 13 21:48:08 localhost kernel: acpiphp: Slot [23] registered
Jan 13 21:48:08 localhost kernel: acpiphp: Slot [24] registered
Jan 13 21:48:08 localhost kernel: acpiphp: Slot [25] registered
Jan 13 21:48:08 localhost kernel: acpiphp: Slot [26] registered
Jan 13 21:48:08 localhost kernel: acpiphp: Slot [27] registered
Jan 13 21:48:08 localhost kernel: acpiphp: Slot [28] registered
Jan 13 21:48:08 localhost kernel: acpiphp: Slot [29] registered
Jan 13 21:48:08 localhost kernel: acpiphp: Slot [30] registered
Jan 13 21:48:08 localhost kernel: acpiphp: Slot [31] registered
Jan 13 21:48:08 localhost kernel: PCI host bridge to bus 0000:00
Jan 13 21:48:08 localhost kernel: pci_bus 0000:00: root bus resource [io  0x0000-0x0cf7 window]
Jan 13 21:48:08 localhost kernel: pci_bus 0000:00: root bus resource [io  0x0d00-0xffff window]
Jan 13 21:48:08 localhost kernel: pci_bus 0000:00: root bus resource [mem 0x000a0000-0x000bffff window]
Jan 13 21:48:08 localhost kernel: pci_bus 0000:00: root bus resource [mem 0xc0000000-0xfebfffff window]
Jan 13 21:48:08 localhost kernel: pci_bus 0000:00: root bus resource [bus 00-ff]
Jan 13 21:48:08 localhost kernel: pci 0000:00:00.0: [8086:1237] type 00 class 0x060000
Jan 13 21:48:08 localhost kernel: pci 0000:00:01.0: [8086:7000] type 00 class 0x060100
Jan 13 21:48:08 localhost kernel: pci 0000:00:01.1: [8086:7010] type 00 class 0x010180
Jan 13 21:48:08 localhost kernel: pci 0000:00:01.1: reg 0x20: [io  0xc0c0-0xc0cf]
Jan 13 21:48:08 localhost kernel: pci 0000:00:01.1: legacy IDE quirk: reg 0x10: [io  0x01f0-0x01f7]
Jan 13 21:48:08 localhost kernel: pci 0000:00:01.1: legacy IDE quirk: reg 0x14: [io  0x03f6]
Jan 13 21:48:08 localhost kernel: pci 0000:00:01.1: legacy IDE quirk: reg 0x18: [io  0x0170-0x0177]
Jan 13 21:48:08 localhost kernel: pci 0000:00:01.1: legacy IDE quirk: reg 0x1c: [io  0x0376]
Jan 13 21:48:08 localhost kernel: pci 0000:00:01.2: [8086:7020] type 00 class 0x0c0300
Jan 13 21:48:08 localhost kernel: pci 0000:00:01.2: reg 0x20: [io  0xc040-0xc05f]
Jan 13 21:48:08 localhost kernel: pci 0000:00:01.3: [8086:7113] type 00 class 0x068000
Jan 13 21:48:08 localhost kernel: pci 0000:00:01.3: quirk: [io  0x0600-0x063f] claimed by PIIX4 ACPI
Jan 13 21:48:08 localhost kernel: pci 0000:00:01.3: quirk: [io  0x0700-0x070f] claimed by PIIX4 SMB
Jan 13 21:48:08 localhost kernel: pci 0000:00:02.0: [1013:00b8] type 00 class 0x030000
Jan 13 21:48:08 localhost kernel: pci 0000:00:02.0: reg 0x10: [mem 0xfc000000-0xfdffffff pref]
Jan 13 21:48:08 localhost kernel: pci 0000:00:02.0: reg 0x14: [mem 0xfebd0000-0xfebd0fff]
Jan 13 21:48:08 localhost kernel: pci 0000:00:02.0: reg 0x30: [mem 0xfebc0000-0xfebcffff pref]
Jan 13 21:48:08 localhost kernel: pci 0000:00:03.0: [1af4:1000] type 00 class 0x020000
Jan 13 21:48:08 localhost kernel: pci 0000:00:03.0: reg 0x10: [io  0xc060-0xc07f]
Jan 13 21:48:08 localhost kernel: pci 0000:00:03.0: reg 0x14: [mem 0xfebd1000-0xfebd1fff]
Jan 13 21:48:08 localhost kernel: pci 0000:00:03.0: reg 0x30: [mem 0xfeb80000-0xfebbffff pref]
Jan 13 21:48:08 localhost kernel: pci 0000:00:04.0: [1af4:1003] type 00 class 0x078000
Jan 13 21:48:08 localhost kernel: pci 0000:00:04.0: reg 0x10: [io  0xc080-0xc09f]
Jan 13 21:48:08 localhost kernel: pci 0000:00:04.0: reg 0x14: [mem 0xfebd2000-0xfebd2fff]
Jan 13 21:48:08 localhost kernel: pci 0000:00:05.0: [1af4:1001] type 00 class 0x010000
Jan 13 21:48:08 localhost kernel: pci 0000:00:05.0: reg 0x10: [io  0xc000-0xc03f]
Jan 13 21:48:08 localhost kernel: pci 0000:00:05.0: reg 0x14: [mem 0xfebd3000-0xfebd3fff]
Jan 13 21:48:08 localhost kernel: pci 0000:00:06.0: [1af4:1002] type 00 class 0x00ff00
Jan 13 21:48:08 localhost kernel: pci 0000:00:06.0: reg 0x10: [io  0xc0a0-0xc0bf]
Jan 13 21:48:08 localhost kernel: ACPI: PCI Interrupt Link [LNKA] (IRQs 5 *10 11)
Jan 13 21:48:08 localhost kernel: ACPI: PCI Interrupt Link [LNKB] (IRQs 5 *10 11)
Jan 13 21:48:08 localhost kernel: ACPI: PCI Interrupt Link [LNKC] (IRQs 5 10 *11)
Jan 13 21:48:08 localhost kernel: ACPI: PCI Interrupt Link [LNKD] (IRQs 5 10 *11)
Jan 13 21:48:08 localhost kernel: ACPI: PCI Interrupt Link [LNKS] (IRQs *9)
Jan 13 21:48:08 localhost kernel: pci 0000:00:02.0: vgaarb: setting as boot VGA device
Jan 13 21:48:08 localhost kernel: pci 0000:00:02.0: vgaarb: VGA device added: decodes=io+mem,owns=io+mem,locks=none
Jan 13 21:48:08 localhost kernel: pci 0000:00:02.0: vgaarb: bridge control possible
Jan 13 21:48:08 localhost kernel: vgaarb: loaded
Jan 13 21:48:08 localhost kernel: SCSI subsystem initialized
Jan 13 21:48:08 localhost kernel: ACPI: bus type USB registered
Jan 13 21:48:08 localhost kernel: usbcore: registered new interface driver usbfs
Jan 13 21:48:08 localhost kernel: usbcore: registered new interface driver hub
Jan 13 21:48:08 localhost kernel: usbcore: registered new device driver usb
Jan 13 21:48:08 localhost kernel: pps_core: LinuxPPS API ver. 1 registered
Jan 13 21:48:08 localhost kernel: pps_core: Software ver. 5.3.6 - Copyright 2005-2007 Rodolfo Giometti <giometti@linux.it>
Jan 13 21:48:08 localhost kernel: PTP clock support registered
Jan 13 21:48:08 localhost kernel: EDAC MC: Ver: 3.0.0
Jan 13 21:48:08 localhost kernel: PCI: Using ACPI for IRQ routing
Jan 13 21:48:08 localhost kernel: PCI: pci_cache_line_size set to 64 bytes
Jan 13 21:48:08 localhost kernel: e820: reserve RAM buffer [mem 0x0009fc00-0x0009ffff]
Jan 13 21:48:08 localhost kernel: e820: reserve RAM buffer [mem 0xbfffa000-0xbfffffff]
Jan 13 21:48:08 localhost kernel: NetLabel: Initializing
Jan 13 21:48:08 localhost kernel: NetLabel:  domain hash size = 128
Jan 13 21:48:08 localhost kernel: NetLabel:  protocols = UNLABELED CIPSOv4 CALIPSO
Jan 13 21:48:08 localhost kernel: NetLabel:  unlabeled traffic allowed by default
Jan 13 21:48:08 localhost kernel: clocksource: Switched to clocksource kvm-clock
Jan 13 21:48:08 localhost kernel: VFS: Disk quotas dquot_6.6.0
Jan 13 21:48:08 localhost kernel: VFS: Dquot-cache hash table entries: 512 (order 0, 4096 bytes)
Jan 13 21:48:08 localhost kernel: pnp: PnP ACPI init
Jan 13 21:48:08 localhost kernel: pnp 00:00: Plug and Play ACPI device, IDs PNP0b00 (active)
Jan 13 21:48:08 localhost kernel: pnp 00:01: Plug and Play ACPI device, IDs PNP0303 (active)
Jan 13 21:48:08 localhost kernel: pnp 00:02: Plug and Play ACPI device, IDs PNP0f13 (active)
Jan 13 21:48:08 localhost kernel: pnp 00:03: [dma 2]
Jan 13 21:48:08 localhost kernel: pnp 00:03: Plug and Play ACPI device, IDs PNP0700 (active)
Jan 13 21:48:08 localhost kernel: pnp 00:04: Plug and Play ACPI device, IDs PNP0501 (active)
Jan 13 21:48:08 localhost kernel: pnp 00:05: Plug and Play ACPI device, IDs PNP0501 (active)
Jan 13 21:48:08 localhost kernel: pnp: PnP ACPI: found 6 devices
Jan 13 21:48:08 localhost kernel: clocksource: acpi_pm: mask: 0xffffff max_cycles: 0xffffff, max_idle_ns: 2085701024 ns
Jan 13 21:48:08 localhost kernel: pci_bus 0000:00: resource 4 [io  0x0000-0x0cf7 window]
Jan 13 21:48:08 localhost kernel: pci_bus 0000:00: resource 5 [io  0x0d00-0xffff window]
Jan 13 21:48:08 localhost kernel: pci_bus 0000:00: resource 6 [mem 0x000a0000-0x000bffff window]
Jan 13 21:48:08 localhost kernel: pci_bus 0000:00: resource 7 [mem 0xc0000000-0xfebfffff window]
Jan 13 21:48:08 localhost kernel: NET: Registered protocol family 2
Jan 13 21:48:08 localhost kernel: tcp_listen_portaddr_hash hash table entries: 2048 (order: 3, 32768 bytes)
Jan 13 21:48:08 localhost kernel: TCP established hash table entries: 32768 (order: 6, 262144 bytes)
Jan 13 21:48:08 localhost kernel: TCP bind hash table entries: 32768 (order: 7, 524288 bytes)
Jan 13 21:48:08 localhost kernel: TCP: Hash tables configured (established 32768 bind 32768)
Jan 13 21:48:08 localhost kernel: UDP hash table entries: 2048 (order: 4, 65536 bytes)
Jan 13 21:48:08 localhost kernel: UDP-Lite hash table entries: 2048 (order: 4, 65536 bytes)
Jan 13 21:48:08 localhost kernel: NET: Registered protocol family 1
Jan 13 21:48:08 localhost kernel: NET: Registered protocol family 44
Jan 13 21:48:08 localhost kernel: pci 0000:00:00.0: Limiting direct PCI/PCI transfers
Jan 13 21:48:08 localhost kernel: pci 0000:00:01.0: PIIX3: Enabling Passive Release
Jan 13 21:48:08 localhost kernel: pci 0000:00:01.0: Activating ISA DMA hang workarounds
Jan 13 21:48:08 localhost kernel: PCI Interrupt Link [LNKD] enabled at IRQ 11
Jan 13 21:48:08 localhost kernel: pci 0000:00:02.0: Video device with shadowed ROM at [mem 0x000c0000-0x000dffff]
Jan 13 21:48:08 localhost kernel: PCI: CLS 0 bytes, default 64
Jan 13 21:48:08 localhost kernel: Unpacking initramfs...
Jan 13 21:48:08 localhost kernel: Freeing initrd memory: 60660K
Jan 13 21:48:08 localhost kernel: PCI-DMA: Using software bounce buffering for IO (SWIOTLB)
Jan 13 21:48:08 localhost kernel: software IO TLB: mapped [mem 0xbbffa000-0xbfffa000] (64MB)
Jan 13 21:48:08 localhost kernel: clocksource: tsc: mask: 0xffffffffffffffff max_cycles: 0x1fb62f12e8c, max_idle_ns: 440795238402 ns
Jan 13 21:48:08 localhost kernel: Initialise system trusted keyrings
Jan 13 21:48:08 localhost kernel: Key type blacklist registered
Jan 13 21:48:08 localhost kernel: workingset: timestamp_bits=36 max_order=20 bucket_order=0
Jan 13 21:48:08 localhost kernel: zbud: loaded
Jan 13 21:48:08 localhost kernel: pstore: using deflate compression
Jan 13 21:48:08 localhost kernel: Platform Keyring initialized
Jan 13 21:48:08 localhost kernel: NET: Registered protocol family 38
Jan 13 21:48:08 localhost kernel: Key type asymmetric registered
Jan 13 21:48:08 localhost kernel: Asymmetric key parser 'x509' registered
Jan 13 21:48:08 localhost kernel: Block layer SCSI generic (bsg) driver version 0.4 loaded (major 245)
Jan 13 21:48:08 localhost kernel: io scheduler mq-deadline registered
Jan 13 21:48:08 localhost kernel: io scheduler kyber registered
Jan 13 21:48:08 localhost kernel: io scheduler bfq registered
Jan 13 21:48:08 localhost kernel: atomic64_test: passed for x86-64 platform with CX8 and with SSE
Jan 13 21:48:08 localhost kernel: shpchp: Standard Hot Plug PCI Controller Driver version: 0.4
Jan 13 21:48:08 localhost kernel: intel_idle: does not run on family 6 model 13
Jan 13 21:48:08 localhost kernel: input: Power Button as /devices/LNXSYSTM:00/LNXPWRBN:00/input/input0
Jan 13 21:48:08 localhost kernel: ACPI: Power Button [PWRF]
Jan 13 21:48:08 localhost kernel: PCI Interrupt Link [LNKC] enabled at IRQ 10
Jan 13 21:48:08 localhost kernel: virtio-pci 0000:00:03.0: virtio_pci: leaving for legacy driver
Jan 13 21:48:08 localhost kernel: virtio-pci 0000:00:04.0: virtio_pci: leaving for legacy driver
Jan 13 21:48:08 localhost kernel: PCI Interrupt Link [LNKA] enabled at IRQ 10
Jan 13 21:48:08 localhost kernel: virtio-pci 0000:00:05.0: virtio_pci: leaving for legacy driver
Jan 13 21:48:08 localhost kernel: PCI Interrupt Link [LNKB] enabled at IRQ 11
Jan 13 21:48:08 localhost kernel: virtio-pci 0000:00:06.0: virtio_pci: leaving for legacy driver
Jan 13 21:48:08 localhost kernel: Serial: 8250/16550 driver, 4 ports, IRQ sharing enabled
Jan 13 21:48:08 localhost kernel: 00:04: ttyS0 at I/O 0x3f8 (irq = 4, base_baud = 115200) is a 16550A
Jan 13 21:48:08 localhost kernel: 00:05: ttyS1 at I/O 0x2f8 (irq = 3, base_baud = 115200) is a 16550A
Jan 13 21:48:08 localhost kernel: Non-volatile memory driver v1.3
Jan 13 21:48:08 localhost kernel: rdac: device handler registered
Jan 13 21:48:08 localhost kernel: hp_sw: device handler registered
Jan 13 21:48:08 localhost kernel: emc: device handler registered
Jan 13 21:48:08 localhost kernel: alua: device handler registered
Jan 13 21:48:08 localhost kernel: libphy: Fixed MDIO Bus: probed
Jan 13 21:48:08 localhost kernel: ehci_hcd: USB 2.0 'Enhanced' Host Controller (EHCI) Driver
Jan 13 21:48:08 localhost kernel: ehci-pci: EHCI PCI platform driver
Jan 13 21:48:08 localhost kernel: ohci_hcd: USB 1.1 'Open' Host Controller (OHCI) Driver
Jan 13 21:48:08 localhost kernel: ohci-pci: OHCI PCI platform driver
Jan 13 21:48:08 localhost kernel: uhci_hcd: USB Universal Host Controller Interface driver
Jan 13 21:48:08 localhost kernel: uhci_hcd 0000:00:01.2: UHCI Host Controller
Jan 13 21:48:08 localhost kernel: uhci_hcd 0000:00:01.2: new USB bus registered, assigned bus number 1
Jan 13 21:48:08 localhost kernel: uhci_hcd 0000:00:01.2: detected 2 ports
Jan 13 21:48:08 localhost kernel: uhci_hcd 0000:00:01.2: irq 11, io base 0x0000c040
Jan 13 21:48:08 localhost kernel: usb usb1: New USB device found, idVendor=1d6b, idProduct=0001, bcdDevice= 4.18
Jan 13 21:48:08 localhost kernel: usb usb1: New USB device strings: Mfr=3, Product=2, SerialNumber=1
Jan 13 21:48:08 localhost kernel: usb usb1: Product: UHCI Host Controller
Jan 13 21:48:08 localhost kernel: usb usb1: Manufacturer: Linux 4.18.0-147.el8.x86_64 uhci_hcd
Jan 13 21:48:08 localhost kernel: usb usb1: SerialNumber: 0000:00:01.2
Jan 13 21:48:08 localhost kernel: hub 1-0:1.0: USB hub found
Jan 13 21:48:08 localhost kernel: hub 1-0:1.0: 2 ports detected
Jan 13 21:48:08 localhost kernel: usbcore: registered new interface driver usbserial_generic
Jan 13 21:48:08 localhost kernel: usbserial: USB Serial support registered for generic
Jan 13 21:48:08 localhost kernel: i8042: PNP: PS/2 Controller [PNP0303:KBD,PNP0f13:MOU] at 0x60,0x64 irq 1,12
Jan 13 21:48:08 localhost kernel: serio: i8042 KBD port at 0x60,0x64 irq 1
Jan 13 21:48:08 localhost kernel: serio: i8042 AUX port at 0x60,0x64 irq 12
Jan 13 21:48:08 localhost kernel: mousedev: PS/2 mouse device common for all mice
Jan 13 21:48:08 localhost kernel: input: AT Translated Set 2 keyboard as /devices/platform/i8042/serio0/input/input1
Jan 13 21:48:08 localhost kernel: rtc_cmos 00:00: RTC can wake from S4
Jan 13 21:48:08 localhost kernel: input: VirtualPS/2 VMware VMMouse as /devices/platform/i8042/serio1/input/input4
Jan 13 21:48:08 localhost kernel: rtc_cmos 00:00: registered as rtc0
Jan 13 21:48:08 localhost kernel: rtc_cmos 00:00: alarms up to one day, 114 bytes nvram
Jan 13 21:48:08 localhost kernel: input: VirtualPS/2 VMware VMMouse as /devices/platform/i8042/serio1/input/input3
Jan 13 21:48:08 localhost kernel: hidraw: raw HID events driver (C) Jiri Kosina
Jan 13 21:48:08 localhost kernel: usbcore: registered new interface driver usbhid
Jan 13 21:48:08 localhost kernel: usbhid: USB HID core driver
Jan 13 21:48:08 localhost kernel: drop_monitor: Initializing network drop monitor service
Jan 13 21:48:08 localhost kernel: Initializing XFRM netlink socket
Jan 13 21:48:08 localhost kernel: NET: Registered protocol family 10
Jan 13 21:48:08 localhost kernel: Segment Routing with IPv6
Jan 13 21:48:08 localhost kernel: NET: Registered protocol family 17
Jan 13 21:48:08 localhost kernel: mpls_gso: MPLS GSO support
Jan 13 21:48:08 localhost kernel: core: Using 10 MCE banks
Jan 13 21:48:08 localhost kernel: sched_clock: Marking stable (4324177983, 0)->(4715334290, -391156307)
Jan 13 21:48:08 localhost kernel: registered taskstats version 1
Jan 13 21:48:08 localhost kernel: Loading compiled-in X.509 certificates
Jan 13 21:48:08 localhost kernel: Loaded X.509 cert 'CentOS Linux kernel signing key: 62fbda82fd66838262339185658780cd50698acd'
Jan 13 21:48:08 localhost kernel: Loaded X.509 cert 'CentOS Linux Driver update signing key: 29bd4c0d06d2e9911044b5dc973309139b51d6d5'
Jan 13 21:48:08 localhost kernel: Loaded X.509 cert 'CentOS Linux kpatch signing key: b49f086205909dc4da2cfa99376fb191d2f09e78'
Jan 13 21:48:08 localhost kernel: zswap: loaded using pool lzo/zbud
Jan 13 21:48:08 localhost kernel: Key type big_key registered
Jan 13 21:48:08 localhost kernel: Key type encrypted registered
Jan 13 21:48:08 localhost kernel: ima: No TPM chip found, activating TPM-bypass!
Jan 13 21:48:08 localhost kernel: ima: Allocated hash algorithm: sha1
Jan 13 21:48:08 localhost kernel: evm: Initialising EVM extended attributes:
Jan 13 21:48:08 localhost kernel: evm: security.selinux
Jan 13 21:48:08 localhost kernel: evm: security.ima
Jan 13 21:48:08 localhost kernel: evm: security.capability
Jan 13 21:48:08 localhost kernel: evm: HMAC attrs: 0x1
Jan 13 21:48:08 localhost kernel: rtc_cmos 00:00: setting system clock to 2020-01-13 21:48:07 UTC (1578952087)
Jan 13 21:48:08 localhost kernel: Freeing unused decrypted memory: 2040K
Jan 13 21:48:08 localhost kernel: Freeing unused kernel memory: 2368K
Jan 13 21:48:08 localhost kernel: Write protecting the kernel read-only data: 18432k
Jan 13 21:48:08 localhost kernel: Freeing unused kernel memory: 2020K
Jan 13 21:48:08 localhost kernel: Freeing unused kernel memory: 316K
Jan 13 21:48:08 localhost systemd[1]: systemd 239 running in system mode. (+PAM +AUDIT +SELINUX +IMA -APPARMOR +SMACK +SYSVINIT +UTMP +LIBCRYPTSETUP +GCRYPT +GNUTLS +ACL +XZ +LZ4 +SECCOMP +BLKID +ELFUTILS +KMOD +IDN2 -IDN +PCRE2 default-hierarchy=legacy)
Jan 13 21:48:08 localhost systemd[1]: Detected virtualization kvm.
Jan 13 21:48:08 localhost systemd[1]: Detected architecture x86-64.
Jan 13 21:48:08 localhost systemd[1]: Running in initial RAM disk.
Jan 13 21:48:08 localhost systemd[1]: No hostname configured.
Jan 13 21:48:08 localhost systemd[1]: Set hostname to <localhost>.
Jan 13 21:48:08 localhost systemd[1]: Initializing machine ID from KVM UUID.
Jan 13 21:48:08 localhost kernel: random: ln: uninitialized urandom read (6 bytes read)
Jan 13 21:48:08 localhost kernel: random: ln: uninitialized urandom read (6 bytes read)
Jan 13 21:48:08 localhost kernel: random: systemd: uninitialized urandom read (16 bytes read)
Jan 13 21:48:08 localhost systemd[1]: Listening on Journal Socket (/dev/log).
Jan 13 21:48:08 localhost systemd[1]: Reached target Initrd Root Device.
Jan 13 21:48:08 localhost systemd[1]: Reached target Slices.
Jan 13 21:48:08 localhost kernel: Loading iSCSI transport class v2.0-870.
Jan 13 21:48:08 localhost kernel: BIOS EDD facility v0.16 2004-Jun-25, 1 devices found
Jan 13 21:48:08 localhost systemd-journald[184]: Journal started
Jan 13 21:48:08 localhost systemd-journald[184]: Runtime journal (/run/log/journal/a62e3178c0c34c5984c4b39cffe1c1d9) is 8.0M, max 197.0M, 189.0M free.
Jan 13 21:48:08 localhost rngd[175]: Initalizing available sources
Jan 13 21:48:08 localhost rngd[175]: Failed to init entropy source hwrng
Jan 13 21:48:08 localhost rngd[175]: Failed to init entropy source rdrand
Jan 13 21:48:08 localhost dracut-cmdline[196]: dracut-8 (Core) dracut-049-27.git20190906.el8
Jan 13 21:48:08 localhost dracut-cmdline[196]: Using kernel command line parameters: method=http://qa.centos.org/centos/8/BaseOS/x86_64/os/ ks=file:/ks.cfg
Jan 13 21:48:08 localhost dracut-cmdline[196]: Loading CentOS Linux 8 x86_64 installer...
Jan 13 21:48:08 localhost dracut-cmdline[196]: Warning: 'method=' is deprecated. Using 'repo=http://qa.centos.org/centos/8/BaseOS/x86_64/os/' instead.
Jan 13 21:48:08 localhost dracut-cmdline[196]: anaconda: parsing kickstart /ks.cfg
Jan 13 21:48:09 localhost rngd[175]: Enabling JITTER rng support
Jan 13 21:48:09 localhost rngd[175]: Initalizing entropy source jitter
Jan 13 21:48:09 localhost kernel: random: crng init done
Jan 13 21:48:09 localhost kernel: random: 7 urandom warning(s) missed due to ratelimiting
Jan 13 21:48:09 localhost dracut-cmdline[196]: parse-kickstart WARNING: No device with link found for --device=link
Jan 13 21:48:09 localhost dracut-cmdline[196]: rd.luks=0: removing cryptoluks activation
Jan 13 21:48:09 localhost dracut-cmdline[196]: rd.lvm=0: removing LVM activation
Jan 13 21:48:09 localhost kernel: iscsi: registered transport (tcp)
Jan 13 21:48:09 localhost kernel: iscsi: registered transport (qla4xxx)
Jan 13 21:48:09 localhost kernel: QLogic iSCSI HBA Driver
Jan 13 21:48:09 localhost kernel: libcxgbi:libcxgbi_init_module: Chelsio iSCSI driver library libcxgbi v0.9.1-ko (Apr. 2015)
Jan 13 21:48:10 localhost kernel: Chelsio T4-T6 iSCSI Driver cxgb4i v0.9.5-ko (Apr. 2015)
Jan 13 21:48:10 localhost kernel: iscsi: registered transport (cxgb4i)
Jan 13 21:48:10 localhost kernel: cnic: QLogic cnicDriver v2.5.22 (July 20, 2015)
Jan 13 21:48:10 localhost kernel: QLogic NetXtreme II iSCSI Driver bnx2i v2.7.10.1 (Jul 16, 2014)
Jan 13 21:48:10 localhost kernel: iscsi: registered transport (bnx2i)
Jan 13 21:48:10 localhost kernel: iscsi: registered transport (be2iscsi)
Jan 13 21:48:10 localhost kernel: In beiscsi_module_init, tt=00000000b406e9c8
Jan 13 21:48:10 localhost systemd[1]: Started dracut cmdline hook.
Jan 13 21:48:10 localhost systemd[1]: Starting dracut pre-udev hook...
Jan 13 21:48:10 localhost kernel: squashfs: version 4.0 (2009/01/31) Phillip Lougher
Jan 13 21:48:10 localhost dracut-pre-udev[454]: modprobe: FATAL: Module floppy not found in directory /lib/modules/4.18.0-147.el8.x86_64
Jan 13 21:48:10 localhost kernel: No iBFT detected.
Jan 13 21:48:10 localhost kernel: raid6: sse2x1   gen() 10406 MB/s
Jan 13 21:48:10 localhost kernel: raid6: sse2x1   xor()  7169 MB/s
Jan 13 21:48:10 localhost kernel: raid6: sse2x2   gen() 12136 MB/s
Jan 13 21:48:10 localhost kernel: raid6: sse2x2   xor()  8058 MB/s
Jan 13 21:48:10 localhost kernel: raid6: sse2x4   gen() 14125 MB/s
Jan 13 21:48:10 localhost kernel: raid6: sse2x4   xor()  9250 MB/s
Jan 13 21:48:10 localhost kernel: raid6: using algorithm sse2x4 gen() 14125 MB/s
Jan 13 21:48:10 localhost kernel: raid6: .... xor() 9250 MB/s, rmw enabled
Jan 13 21:48:10 localhost kernel: raid6: using intx1 recovery algorithm
Jan 13 21:48:10 localhost kernel: async_tx: api initialized (async)
Jan 13 21:48:10 localhost kernel: xor: measuring software checksum speed
Jan 13 21:48:10 localhost kernel:    prefetch64-sse: 19120.000 MB/sec
Jan 13 21:48:10 localhost kernel:    generic_sse: 17464.000 MB/sec
Jan 13 21:48:10 localhost kernel: xor: using function: prefetch64-sse (19120.000 MB/sec)
Jan 13 21:48:10 localhost kernel: device-mapper: uevent: version 1.0.3
Jan 13 21:48:10 localhost kernel: device-mapper: ioctl: 4.39.0-ioctl (2018-04-03) initialised: dm-devel@redhat.com
Jan 13 21:48:10 localhost kernel: device-mapper: multipath round-robin: version 1.2.0 loaded
Jan 13 21:48:10 localhost dracut-pre-udev[454]: modprobe: ERROR: could not insert 'sha256_mb': No such device
Jan 13 21:48:10 localhost kernel: RPC: Registered named UNIX socket transport module.
Jan 13 21:48:10 localhost kernel: RPC: Registered udp transport module.
Jan 13 21:48:10 localhost kernel: RPC: Registered tcp transport module.
Jan 13 21:48:10 localhost kernel: RPC: Registered tcp NFSv4.1 backchannel transport module.
Jan 13 21:48:10 localhost rpc.statd[669]: Version 2.3.3 starting
Jan 13 21:48:10 localhost rpc.statd[669]: Initializing NSM state
Jan 13 21:48:10 localhost rpc.statd[669]: Running as root.  chown /var/lib/nfs/statd to choose different user
Jan 13 21:48:10 localhost rpc.idmapd[674]: Setting log level to 0
Jan 13 21:48:10 localhost systemd[1]: Started dracut pre-udev hook.
Jan 13 21:48:10 localhost systemd[1]: Starting udev Kernel Device Manager...
Jan 13 21:48:11 localhost systemd[1]: Started udev Kernel Device Manager.
Jan 13 21:48:11 localhost systemd[1]: Starting dracut pre-trigger hook...
Jan 13 21:48:11 localhost lldpad[705]: config file failed to load,
Jan 13 21:48:11 localhost lldpad[705]: create a new file.
Jan 13 21:48:11 localhost lldpad[705]: bound ctrl iface to /com/intel/lldpad
Jan 13 21:48:11 localhost dracut-pre-trigger[695]: 706
Jan 13 21:48:11 localhost dracut-pre-trigger[695]: rd.md=0: removing MD RAID activation
Jan 13 21:48:11 localhost systemd[1]: Started dracut pre-trigger hook.
Jan 13 21:48:11 localhost systemd[1]: Starting udev Coldplug all Devices...
Jan 13 21:48:11 localhost systemd[1]: Mounting Kernel Configuration File System...
Jan 13 21:48:11 localhost systemd[1]: Mounted Kernel Configuration File System.
Jan 13 21:48:11 localhost systemd[1]: Started udev Coldplug all Devices.
Jan 13 21:48:11 localhost systemd[1]: Starting Show Plymouth Boot Screen...
Jan 13 21:48:11 localhost systemd[1]: Starting udev Wait for Complete Device Initialization...
Jan 13 21:48:11 localhost kernel: virtio_blk virtio2: [vda] 20971520 512-byte logical blocks (10.7 GB/10.0 GiB)
Jan 13 21:48:11 localhost systemd[1]: Received SIGRTMIN+20 from PID 807 (plymouthd).
Jan 13 21:48:11 localhost systemd[1]: Started Show Plymouth Boot Screen.
Jan 13 21:48:11 localhost systemd[1]: Started Forward Password Requests to Plymouth Directory Watch.
Jan 13 21:48:11 localhost systemd[1]: Reached target Local Encrypted Volumes.
Jan 13 21:48:11 localhost systemd[1]: Reached target Paths.
Jan 13 21:48:11 localhost kernel: libata version 3.00 loaded.
Jan 13 21:48:11 localhost kernel: ata_piix 0000:00:01.1: version 2.13
Jan 13 21:48:11 localhost kernel: 8021q: 802.1Q VLAN Support v1.8
Jan 13 21:48:11 localhost kernel: scsi host0: ata_piix
Jan 13 21:48:11 localhost kernel: scsi host1: ata_piix
Jan 13 21:48:11 localhost kernel: ata1: PATA max MWDMA2 cmd 0x1f0 ctl 0x3f6 bmdma 0xc0c0 irq 14
Jan 13 21:48:11 localhost kernel: ata2: PATA max MWDMA2 cmd 0x170 ctl 0x376 bmdma 0xc0c8 irq 15
Jan 13 21:48:11 localhost systemd-udevd[780]: link_config: autonegotiation is unset or enabled, the speed and duplex are not writable.
Jan 13 21:48:11 localhost kernel: virtio_net virtio0 ens3: renamed from eth0
Jan 13 21:48:11 localhost systemd-udevd[787]: link_config: autonegotiation is unset or enabled, the speed and duplex are not writable.
Jan 13 21:48:11 localhost kernel: cirrus 0000:00:02.0: vgaarb: deactivate vga console
Jan 13 21:48:11 localhost kernel: Console: switching to colour dummy device 80x25
Jan 13 21:48:11 localhost kernel: [TTM] Zone  kernel: Available graphics memory: 2017558 kiB
Jan 13 21:48:11 localhost kernel: [TTM] Initializing pool allocator
Jan 13 21:48:11 localhost kernel: [TTM] Initializing DMA pool allocator
Jan 13 21:48:11 localhost kernel: [drm] fb mappable at 0xFC000000
Jan 13 21:48:11 localhost kernel: [drm] vram aper at 0xFC000000
Jan 13 21:48:11 localhost kernel: [drm] size 33554432
Jan 13 21:48:11 localhost kernel: [drm] fb depth is 16
Jan 13 21:48:11 localhost kernel: [drm]    pitch is 2048
Jan 13 21:48:11 localhost kernel: fbcon: cirrusdrmfb (fb0) is primary device
Jan 13 21:48:11 localhost kernel: Console: switching to colour frame buffer device 128x48
Jan 13 21:48:11 localhost kernel: cirrus 0000:00:02.0: fb0: cirrusdrmfb frame buffer device
Jan 13 21:48:11 localhost kernel: [drm] Initialized cirrus 1.0.0 20110418 for 0000:00:02.0 on minor 0
Jan 13 21:48:11 localhost systemd[1]: Started udev Wait for Complete Device Initialization.
Jan 13 21:48:11 localhost systemd[1]: Starting Device-Mapper Multipath Device Controller...
Jan 13 21:48:11 localhost systemd[1]: Started Device-Mapper Multipath Device Controller.
Jan 13 21:48:11 localhost systemd[1]: Starting Open-iSCSI...
Jan 13 21:48:11 localhost systemd[1]: Reached target Local File Systems (Pre).
Jan 13 21:48:11 localhost systemd[1]: Reached target Local File Systems.
Jan 13 21:48:11 localhost systemd[1]: Starting Create Volatile Files and Directories...
Jan 13 21:48:11 localhost multipathd[928]: --------start up--------
Jan 13 21:48:11 localhost multipathd[928]: read /etc/multipath.conf
Jan 13 21:48:11 localhost iscsid[929]: iscsid: can't open InitiatorName configuration file /etc/iscsi/initiatorname.iscsi
Jan 13 21:48:11 localhost iscsid[929]: iscsid: Warning: InitiatorName file /etc/iscsi/initiatorname.iscsi does not exist or does not contain a properly formatted InitiatorName. If using software iscsi (iscsi_tcp or ib_iser) or partial offload (bnx2i or cxgbi iscsi), you may not be able to log into or discover targets. Please create a file /etc/iscsi/initiatorname.iscsi that contains a sting with the format: InitiatorName=iqn.yyyy-mm.<reversed domain name>[:identifier].
Jan 13 21:48:11 localhost iscsid[929]: Example: InitiatorName=iqn.2001-04.com.redhat:fc6.
Jan 13 21:48:11 localhost iscsid[929]: If using hardware iscsi like qla4xxx this message can be ignored.
Jan 13 21:48:11 localhost iscsid[929]: iscsid: can't open InitiatorAlias configuration file /etc/iscsi/initiatorname.iscsi
Jan 13 21:48:11 localhost multipathd[928]: path checkers start up
Jan 13 21:48:11 localhost systemd[1]: Started Open-iSCSI.
Jan 13 21:48:11 localhost systemd[1]: Starting dracut initqueue hook...
Jan 13 21:48:11 localhost systemd[1]: Started Create Volatile Files and Directories.
Jan 13 21:48:11 localhost systemd[1]: Reached target System Initialization.
Jan 13 21:48:11 localhost systemd[1]: Reached target Basic System.
Jan 13 21:48:11 localhost systemd[1]: Reloading.
Jan 13 21:48:11 localhost kernel: IPv6: ADDRCONF(NETDEV_UP): ens3: link is not ready
Jan 13 21:48:11 localhost kernel: 8021q: adding VLAN 0 to HW filter on device ens3
Jan 13 21:48:11 localhost dracut-initqueue[936]: Starting dhcp for interface ens3
Jan 13 21:48:11 localhost dracut-initqueue[936]: dhcp: PREINIT ens3 up
Jan 13 21:48:11 localhost dhclient[1021]: Created duid "\000\004\246.1x\300\303LY\204\304\263\234\377\341\301\331".
Jan 13 21:48:11 localhost dhclient[1021]: DHCPDISCOVER on ens3 to 255.255.255.255 port 67 interval 7 (xid=0x40256454)
Jan 13 21:48:12 localhost kernel: IPv6: ADDRCONF(NETDEV_CHANGE): ens3: link becomes ready
Jan 13 21:48:16 localhost dhclient[1021]: DHCPREQUEST on ens3 to 255.255.255.255 port 67 (xid=0x40256454)
Jan 13 21:48:16 localhost dhclient[1021]: DHCPOFFER from 192.168.122.1
Jan 13 21:48:16 localhost dhclient[1021]: DHCPACK from 192.168.122.1 (xid=0x40256454)
Jan 13 21:48:16 localhost dracut-initqueue[936]: dhcp: BOND setting ens3
Jan 13 21:48:18 localhost dhclient[1021]: bound to 192.168.122.70 -- renewal in 1706 seconds.
Jan 13 21:48:18 localhost dracut-initqueue[936]: RTNETLINK answers: File exists
Jan 13 21:48:19 localhost dracut-initqueue[936]: anaconda: stage2 locations are: http://qa.centos.org/centos/8/BaseOS/x86_64/os/
Jan 13 21:48:19 localhost dracut-initqueue[936]: anaconda: fetching stage2 from http://qa.centos.org/centos/8/BaseOS/x86_64/os/
Jan 13 21:48:19 localhost dracut-initqueue[936]:   % Total    % Received % Xferd  Average Speed   Time    Time     Time  Current
Jan 13 21:48:19 localhost dracut-initqueue[936]:                                  Dload  Upload   Total   Spent    Left  Speed
Jan 13 21:48:29 localhost dracut-initqueue[936]: [948B blob data]
Jan 13 21:48:29 localhost dracut-initqueue[936]: anaconda: successfully fetched stage2 from http://qa.centos.org/centos/8/BaseOS/x86_64/os/
Jan 13 21:48:30 localhost kernel: loop: module loaded
Jan 13 21:48:30 localhost systemd[1]: Started dracut initqueue hook.
Jan 13 21:48:30 localhost systemd[1]: Starting dracut pre-mount hook...
Jan 13 21:48:30 localhost systemd[1]: Reached target Remote File Systems (Pre).
Jan 13 21:48:30 localhost systemd[1]: Reached target Remote File Systems.
Jan 13 21:48:30 localhost systemd[1]: Started dracut pre-mount hook.
Jan 13 21:48:30 localhost systemd[1]: Reached target Initrd Root File System.
Jan 13 21:48:30 localhost systemd[1]: Starting Reload Configuration from the Real Root...
Jan 13 21:48:30 localhost systemd[1]: Reloading.
Jan 13 21:48:30 localhost systemd[1]: Started Reload Configuration from the Real Root.
Jan 13 21:48:30 localhost systemd[1]: Starting dracut mount hook...
Jan 13 21:48:30 localhost systemd[1]: Reached target Initrd File Systems.
Jan 13 21:48:30 localhost systemd[1]: Reached target Initrd Default Target.
Jan 13 21:48:30 localhost kernel: EXT4-fs (dm-0): mounted filesystem with ordered data mode. Opts: (null)
Jan 13 21:48:30 localhost systemd[1]: Started dracut mount hook.
Jan 13 21:48:30 localhost systemd[1]: Starting dracut pre-pivot and cleanup hook...
Jan 13 21:48:31 localhost systemd[1]: Started dracut pre-pivot and cleanup hook.
Jan 13 21:48:31 localhost systemd[1]: Starting Cleaning Up and Shutting Down Daemons...
Jan 13 21:48:31 localhost systemd[1]: Stopped target Timers.
Jan 13 21:48:31 localhost systemd[1]: Starting Setup Virtual Console...
Jan 13 21:48:31 localhost systemd[1]: Starting Plymouth switch root service...
Jan 13 21:48:31 localhost systemd[1]: Stopped dracut pre-pivot and cleanup hook.
Jan 13 21:48:31 localhost systemd[1]: Stopped target Initrd Default Target.
Jan 13 21:48:31 localhost systemd[1]: Stopped target Initrd Root Device.
Jan 13 21:48:31 localhost systemd[1]: Stopped target Basic System.
Jan 13 21:48:31 localhost systemd[1]: Stopped target Slices.
Jan 13 21:48:31 localhost systemd[1]: Stopped target Sockets.
Jan 13 21:48:31 localhost systemd[1]: Stopped target System Initialization.
Jan 13 21:48:31 localhost systemd[1]: Stopped target Swap.
Jan 13 21:48:31 localhost systemd[1]: Stopped Apply Kernel Variables.
Jan 13 21:48:31 localhost systemd[1]: Stopped Create Volatile Files and Directories.
Jan 13 21:48:31 localhost systemd[1]: Stopped target Local File Systems.
Jan 13 21:48:31 localhost systemd[1]: Stopped target Local File Systems (Pre).
Jan 13 21:48:31 localhost systemd[1]: Stopped target Remote File Systems.
Jan 13 21:48:31 localhost systemd[1]: Stopped target Remote File Systems (Pre).
Jan 13 21:48:31 localhost systemd[1]: Stopped dracut mount hook.
Jan 13 21:48:31 localhost systemd[1]: Stopped dracut pre-mount hook.
Jan 13 21:48:31 localhost systemd[1]: Stopped target Local Encrypted Volumes.
Jan 13 21:48:31 localhost systemd[1]: Stopped dracut initqueue hook.
Jan 13 21:48:31 localhost systemd[1]: Stopping Open-iSCSI...
Jan 13 21:48:31 localhost systemd[1]: Stopped target Paths.
Jan 13 21:48:31 localhost systemd[1]: Started Setup Virtual Console.
Jan 13 21:48:31 localhost systemd[1]: Started Plymouth switch root service.
Jan 13 21:48:31 localhost iscsid[929]: iscsid: iscsid shutting down.
Jan 13 21:48:31 localhost systemd[1]: Started Cleaning Up and Shutting Down Daemons.
Jan 13 21:48:31 localhost systemd[1]: Stopped Open-iSCSI.
Jan 13 21:48:31 localhost systemd[1]: Stopping iSCSI UserSpace I/O driver...
Jan 13 21:48:31 localhost systemd[1]: Stopping Device-Mapper Multipath Device Controller...
Jan 13 21:48:31 localhost systemd[1]: Closed Open-iSCSI iscsid Socket.
Jan 13 21:48:31 localhost systemd[1]: Stopped iSCSI UserSpace I/O driver.
Jan 13 21:48:31 localhost systemd[1]: Closed Open-iSCSI iscsiuio Socket.
Jan 13 21:48:31 localhost multipathd[1503]: ok
Jan 13 21:48:31 localhost multipathd[928]: --------shut down-------
Jan 13 21:48:31 localhost systemd[1]: Stopped Device-Mapper Multipath Device Controller.
Jan 13 21:48:31 localhost systemd[1]: Stopped udev Wait for Complete Device Initialization.
Jan 13 21:48:31 localhost systemd[1]: Stopped udev Coldplug all Devices.
Jan 13 21:48:31 localhost systemd[1]: Stopped dracut pre-trigger hook.
Jan 13 21:48:31 localhost systemd[1]: Stopping udev Kernel Device Manager...
Jan 13 21:48:31 localhost systemd[1]: Stopped udev Kernel Device Manager.
Jan 13 21:48:31 localhost systemd[1]: Stopped Create Static Device Nodes in /dev.
Jan 13 21:48:31 localhost systemd[1]: Stopped Create list of required static device nodes for the current kernel.
Jan 13 21:48:31 localhost systemd[1]: Stopped dracut pre-udev hook.
Jan 13 21:48:31 localhost systemd[1]: Stopped dracut cmdline hook.
Jan 13 21:48:31 localhost systemd[1]: Stopping Hardware RNG Entropy Gatherer Daemon...
Jan 13 21:48:31 localhost systemd[1]: Closed udev Kernel Socket.
Jan 13 21:48:31 localhost systemd[1]: Closed udev Control Socket.
Jan 13 21:48:31 localhost systemd[1]: Starting Cleanup udevd DB...
Jan 13 21:48:31 localhost systemd[1]: Stopped Hardware RNG Entropy Gatherer Daemon.
Jan 13 21:48:31 localhost systemd[1]: Started Cleanup udevd DB.
Jan 13 21:48:31 localhost systemd[1]: Reached target Switch Root.
Jan 13 21:48:31 localhost systemd[1]: Starting Switch Root...
Jan 13 21:48:31 localhost systemd[1]: Switching root.
Jan 13 21:48:31 localhost systemd-journald[184]: Journal stopped
Jan 13 21:48:33 localhost systemd-journald[184]: Received SIGTERM from PID 1 (systemd).
Jan 13 21:48:33 localhost kernel: systemd: 22 output lines suppressed due to ratelimiting
Jan 13 21:48:33 localhost kernel: SELinux:  policy capability network_peer_controls=1
Jan 13 21:48:33 localhost kernel: SELinux:  policy capability open_perms=1
Jan 13 21:48:33 localhost kernel: SELinux:  policy capability extended_socket_class=1
Jan 13 21:48:33 localhost kernel: SELinux:  policy capability always_check_network=0
Jan 13 21:48:33 localhost kernel: SELinux:  policy capability cgroup_seclabel=1
Jan 13 21:48:33 localhost kernel: SELinux:  policy capability nnp_nosuid_transition=1
Jan 13 21:48:33 localhost kernel: audit: type=1403 audit(1578952112.874:2): auid=4294967295 ses=4294967295 lsm=selinux res=1
Jan 13 21:48:33 localhost systemd[1]: Successfully loaded SELinux policy in 600.175ms.
Jan 13 21:48:33 localhost systemd[1]: Relabelled /dev, /run and /sys/fs/cgroup in 26.227ms.
Jan 13 21:48:33 localhost systemd[1]: systemd 239 running in system mode. (+PAM +AUDIT +SELINUX +IMA -APPARMOR +SMACK +SYSVINIT +UTMP +LIBCRYPTSETUP +GCRYPT +GNUTLS +ACL +XZ +LZ4 +SECCOMP +BLKID +ELFUTILS +KMOD +IDN2 -IDN +PCRE2 default-hierarchy=legacy)
Jan 13 21:48:33 localhost systemd[1]: Detected virtualization kvm.
Jan 13 21:48:33 localhost systemd[1]: Detected architecture x86-64.
Jan 13 21:48:33 localhost systemd[1]: Stopped Switch Root.
Jan 13 21:48:33 localhost systemd[1]: systemd-journald.service: Service has no hold-off time (RestartSec=0), scheduling restart.
Jan 13 21:48:33 localhost systemd[1]: systemd-journald.service: Scheduled restart job, restart counter is at 1.
Jan 13 21:48:33 localhost systemd[1]: Stopped Journal Service.
Jan 13 21:48:33 localhost systemd[1]: Starting Journal Service...
Jan 13 21:48:33 localhost systemd[1]: Stopped target Switch Root.
Jan 13 21:48:33 localhost systemd[1]: Mounting Kernel Debug File System...
Jan 13 21:48:33 localhost systemd-journald[1541]: Journal started
Jan 13 21:48:33 localhost systemd-journald[1541]: Runtime journal (/run/log/journal/b4125ef2ab544937a77a1e509fed972c) is 8.0M, max 197.0M, 189.0M free.
Jan 13 21:48:33 localhost systemd-tmpfiles[1564]: [/usr/lib/tmpfiles.d/mdadm.conf:1] Line references path below legacy directory /var/run/, updating /var/run/mdadm  /run/mdadm; please update the tmpfiles.d/ drop-in file accordingly.
Jan 13 21:48:33 localhost systemd[1]: Started Rebuild Hardware Database.
Jan 13 21:48:33 localhost systemd[1]: Starting udev Kernel Device Manager...
Jan 13 21:48:33 localhost systemd[1]: Starting Flush Journal to Persistent Storage...
Jan 13 21:48:34 localhost systemd-journald[1541]: Runtime journal (/run/log/journal/b4125ef2ab544937a77a1e509fed972c) is 8.0M, max 197.0M, 189.0M free.
Jan 13 21:48:34 localhost systemd[1]: Started Flush Journal to Persistent Storage.
Jan 13 21:48:34 localhost systemd[1]: Started udev Kernel Device Manager.
Jan 13 21:48:34 localhost kernel: piix4_smbus 0000:00:01.3: SMBus Host Controller at 0x700, revision 0
Jan 13 21:48:34 localhost kernel: input: PC Speaker as /devices/platform/pcspkr/input/input5
Jan 13 21:48:34 localhost systemd-udevd[1578]: link_config: autonegotiation is unset or enabled, the speed and duplex are not writable.
Jan 13 21:48:34 localhost systemd-udevd[1589]: link_config: autonegotiation is unset or enabled, the speed and duplex are not writable.
Jan 13 21:48:34 localhost systemd[1]: Started udev Wait for Complete Device Initialization.
Jan 13 21:48:34 localhost systemd[1]: Starting Device-Mapper Multipath Device Controller...
Jan 13 21:48:34 localhost multipathd[1719]: --------start up--------
Jan 13 21:48:34 localhost multipathd[1719]: read /etc/multipath.conf
Jan 13 21:48:34 localhost multipathd[1719]: path checkers start up
Jan 13 21:48:34 localhost systemd[1]: Started Device-Mapper Multipath Device Controller.
Jan 13 21:48:34 localhost systemd[1]: Reached target Local File Systems (Pre).
Jan 13 21:48:34 localhost systemd[1]: Reached target Local File Systems.
Jan 13 21:48:34 localhost systemd[1]: Starting Rebuild Dynamic Linker Cache...
Jan 13 21:48:34 localhost systemd[1]: Starting Tell Plymouth To Write Out Runtime Data...
Jan 13 21:48:34 localhost systemd[1]: Starting Import network configuration from initramfs...
Jan 13 21:48:34 localhost systemd[1]: Starting Rebuild Journal Catalog...
Jan 13 21:48:34 localhost systemd[1]: Started Tell Plymouth To Write Out Runtime Data.
Jan 13 21:48:34 localhost systemd[1]: Started Rebuild Journal Catalog.
Jan 13 21:48:34 localhost systemd[1]: Started Import network configuration from initramfs.
Jan 13 21:48:34 localhost systemd[1]: Starting Create Volatile Files and Directories...
Jan 13 21:48:34 localhost systemd-tmpfiles[1749]: [/usr/lib/tmpfiles.d/mdadm.conf:1] Line references path below legacy directory /var/run/, updating /var/run/mdadm  /run/mdadm; please update the tmpfiles.d/ drop-in file accordingly.
Jan 13 21:48:34 localhost systemd[1]: Started Create Volatile Files and Directories.
Jan 13 21:48:34 localhost systemd[1]: Starting Update UTMP about System Boot/Shutdown...
Jan 13 21:48:34 localhost systemd[1]: Started Update UTMP about System Boot/Shutdown.
Jan 13 21:48:36 localhost systemd[1]: Started Rebuild Dynamic Linker Cache.
Jan 13 21:48:36 localhost systemd[1]: Starting Update is Completed...
Jan 13 21:48:36 localhost systemd[1]: Started Update is Completed.
Jan 13 21:48:36 localhost systemd[1]: Reached target System Initialization.
Jan 13 21:48:36 localhost systemd[1]: Started Daily Cleanup of Temporary Directories.
Jan 13 21:48:36 localhost systemd[1]: Reached target Timers.
Jan 13 21:48:36 localhost systemd[1]: Listening on Open-iSCSI iscsiuio Socket.
Jan 13 21:48:36 localhost systemd[1]: Listening on D-Bus System Message Bus Socket.
Jan 13 21:48:36 localhost systemd[1]: Listening on Open-iSCSI iscsid Socket.
Jan 13 21:48:36 localhost systemd[1]: Reached target Sockets.
Jan 13 21:48:36 localhost systemd[1]: Reached target Basic System.
Jan 13 21:48:36 localhost systemd[1]: Starting Login Service...
Jan 13 21:48:36 localhost systemd[1]: Starting Terminate Plymouth Boot Screen...
Jan 13 21:48:36 localhost systemd[1]: Starting OpenSSH ecdsa Server Key Generation...
Jan 13 21:48:36 localhost systemd[1]: Starting Service enabling compressing RAM with zRam...
Jan 13 21:48:36 localhost systemd[1]: Started Hardware RNG Entropy Gatherer Daemon.
Jan 13 21:48:36 localhost systemd[1]: Starting Hold until boot process finishes up...
Jan 13 21:48:36 localhost systemd[1]: Starting OpenSSH ed25519 Server Key Generation...
Jan 13 21:48:36 localhost systemd[1]: Starting OpenSSH rsa Server Key Generation...
Jan 13 21:48:36 localhost systemd[1]: Starting Anaconda NetworkManager configuration...
Jan 13 21:48:36 localhost systemd[1]: Starting pre-anaconda logging service...
Jan 13 21:48:36 localhost zramswapon[1759]: + MAX_RAM_ON=2097152
Jan 13 21:48:36 localhost zramswapon[1759]: ++ grep -E --only-matching '[[:digit:]]+'
Jan 13 21:48:36 localhost systemd[1]: Received SIGRTMIN+21 from PID 807 (plymouthd).
Jan 13 21:48:36 localhost zramswapon[1759]: ++ grep MemTotal /proc/meminfo
Jan 13 21:48:36 localhost zramswapon[1759]: + mem_total_kb=4035116
Jan 13 21:48:36 localhost zramswapon[1759]: + grep -E 'inst\.zram=(on|1)' /proc/cmdline
Jan 13 21:48:36 localhost zramswapon[1759]: + force=1
Jan 13 21:48:36 localhost zramswapon[1759]: + '[' '(' 4035116 -gt 2097152 ')' -a '(' 1 '!=' 0 ')' ']'
Jan 13 21:48:36 localhost zramswapon[1759]: + exit 0
Jan 13 21:48:36 localhost systemd[1]: Started Service enabling compressing RAM with zRam.
Jan 13 21:48:36 localhost rngd[1760]: Initalizing available sources
Jan 13 21:48:36 localhost rngd[1760]: Failed to init entropy source hwrng
Jan 13 21:48:36 localhost rngd[1760]: Failed to init entropy source rdrand
Jan 13 21:48:36 localhost systemd[1]: Started Hold until boot process finishes up.
Jan 13 21:48:36 localhost systemd[1]: Started Terminate Plymouth Boot Screen.
Jan 13 21:48:36 localhost systemd[1]: Started Anaconda NetworkManager configuration.
Jan 13 21:48:36 localhost systemd[1]: Starting Network Manager...
Jan 13 21:48:36 localhost systemd[1]: Started pre-anaconda logging service.
Jan 13 21:48:36 localhost systemd[1]: Started OpenSSH ed25519 Server Key Generation.
Jan 13 21:48:36 localhost systemd[1]: Started OpenSSH ecdsa Server Key Generation.
Jan 13 21:48:36 localhost NetworkManager[1782]: <debug> [1578952116.8616] monotonic timestamp started counting 1.727508366 seconds ago with an offset of 32.0 seconds to CLOCK_BOOTTIME (local time is 2020-01-13 21:48:36)
Jan 13 21:48:36 localhost NetworkManager[1782]: <info>  [1578952116.8617] NetworkManager (version 1.20.0-3.el8) is starting... (for the first time)
Jan 13 21:48:36 localhost NetworkManager[1782]: <info>  [1578952116.8617] Read config: /etc/NetworkManager/NetworkManager.conf (run: 10-dracut-dhclient.conf) (etc: 80-anaconda-no-ibft.conf, 90-anaconda-no-auto-default.conf, 91-anaconda-autoconnect-slaves.conf, 92-anaconda-loglevel-debug.conf)
Jan 13 21:48:36 localhost NetworkManager[1782]: <debug> [1578952116.8617] CONFIG: config-data[0x560206de6840]: 3 groups
Jan 13 21:48:36 localhost NetworkManager[1782]: <debug> [1578952116.8617] CONFIG: 
Jan 13 21:48:36 localhost NetworkManager[1782]: <debug> [1578952116.8617] CONFIG: [main]
Jan 13 21:48:36 localhost NetworkManager[1782]: <debug> [1578952116.8617] CONFIG:   dhcp=dhclient
Jan 13 21:48:36 localhost NetworkManager[1782]: <debug> [1578952116.8617] CONFIG:   plugins=ifcfg-rh,no-ibft
Jan 13 21:48:36 localhost NetworkManager[1782]: <debug> [1578952116.8617] CONFIG:   no-auto-default=*
Jan 13 21:48:36 localhost NetworkManager[1782]: <debug> [1578952116.8617] CONFIG: 
Jan 13 21:48:36 localhost NetworkManager[1782]: <debug> [1578952116.8618] CONFIG: [logging]
Jan 13 21:48:36 localhost NetworkManager[1782]: <debug> [1578952116.8618] CONFIG:   level=DEBUG
Jan 13 21:48:36 localhost NetworkManager[1782]: <debug> [1578952116.8618] CONFIG: 
Jan 13 21:48:36 localhost NetworkManager[1782]: <debug> [1578952116.8618] CONFIG: [connection]
Jan 13 21:48:36 localhost NetworkManager[1782]: <debug> [1578952116.8618] CONFIG:   connection.autoconnect-slaves=1
Jan 13 21:48:36 localhost NetworkManager[1782]: <debug> [1578952116.8618] config: state: missing state file "/var/lib/NetworkManager/NetworkManager.state": No such file or directory
Jan 13 21:48:36 localhost NetworkManager[1782]: <debug> [1578952116.8618] WEXT support is disabled
Jan 13 21:48:36 localhost NetworkManager[1782]: <debug> [1578952116.8711] create NMDBusManager singleton (440807ef396a5352)
Jan 13 21:48:36 localhost systemd[1]: Started D-Bus System Message Bus.
Jan 13 21:48:36 localhost systemd[1]: Started Network Manager.
Jan 13 21:48:36 localhost NetworkManager[1782]: <info>  [1578952116.9339] bus-manager: acquired D-Bus service "org.freedesktop.NetworkManager"
Jan 13 21:48:36 localhost NetworkManager[1782]: <debug> [1578952116.9339] netns[0x560206dfa3a0]: new netns (net:8, mnt:9)
Jan 13 21:48:36 localhost NetworkManager[1782]: <debug> [1578952116.9342] platform-linux: create (ignore netns, initial netns, use udev)
Jan 13 21:48:36 localhost systemd[1]: Starting Network Manager Wait Online...
Jan 13 21:48:36 localhost NetworkManager[1782]: <debug> [1578952116.9346] platform-linux: Netlink socket for events established: port=1782, fd=12
Jan 13 21:48:36 localhost systemd[1]: Reached target Network.
Jan 13 21:48:36 localhost NetworkManager[1782]: <debug> [1578952116.9346] platform-linux: populate platform cache
Jan 13 21:48:36 localhost NetworkManager[1782]: <debug> [1578952116.9347] platform: kernel-support for USER_IPV6LL (IFLA_INET6_ADDR_GEN_MODE support) detected: supported
Jan 13 21:48:36 localhost systemd[1]: Started Logout off all iSCSI sessions on shutdown.
Jan 13 21:48:36 localhost NetworkManager[1782]: <debug> [1578952116.9348] platform: (lo) signal: link   added: 1: lo <UP,LOWER_UP;loopback,up,running,lowerup> mtu 65536 arp 772 loopback? not-init addrgenmode eui64 addr 00:00:00:00:00:00 brd 00:00:00:00:00:00 driver unknown rx:6,416 tx:6,416
Jan 13 21:48:36 localhost systemd[1]: Reached target Remote File Systems (Pre).
Jan 13 21:48:36 localhost NetworkManager[1782]: <debug> [1578952116.9350] platform: (ens3) signal: link   added: 2: ens3 <UP,LOWER_UP;broadcast,multicast,up,running,lowerup> mtu 1500 arp 1 ethernet? not-init addrgenmode eui64 addr 52:54:00:06:FE:DC brd FF:FF:FF:FF:FF:FF driver virtio_net rx:60892,537430403 tx:54806,3618653
Jan 13 21:48:36 localhost NetworkManager[1782]: <debug> [1578952116.9350] platform: kernel-support for EXTENDED_IFA_FLAGS (IPv6 temporary addresses support) detected: supported
Jan 13 21:48:36 localhost NetworkManager[1782]: <debug> [1578952116.9350] platform: (lo) signal: address 4   added: 127.0.0.1/8 lft forever pref forever lifetime 1-0[4294967295,4294967295] dev 1 flags permanent src kernel
Jan 13 21:48:36 localhost NetworkManager[1782]: <debug> [1578952116.9350] platform: (ens3) signal: address 4   added: 192.168.122.70/24 lft 3582sec pref 3582sec lifetime 1-1[3582,3582] dev 2 src kernel
Jan 13 21:48:36 localhost NetworkManager[1782]: <debug> [1578952116.9351] platform: (lo) signal: address 6   added: ::1/128 lft forever pref forever lifetime 1-0[4294967295,4294967295] dev 1 flags permanent src kernel
Jan 13 21:48:36 localhost NetworkManager[1782]: <debug> [1578952116.9351] platform: (ens3) signal: address 6   added: fe80::5054:ff:fe06:fedc/64 lft forever pref forever lifetime 1-0[4294967295,4294967295] dev 2 flags permanent src kernel
Jan 13 21:48:36 localhost NetworkManager[1782]: <debug> [1578952116.9352] platform: (ens3) signal: route   4   added: 0.0.0.0/0 via 192.168.122.1 dev 2 metric 0 mss 0 rt-src rt-boot scope global
Jan 13 21:48:36 localhost NetworkManager[1782]: <debug> [1578952116.9352] platform: (ens3) signal: route   4   added: 192.168.122.0/24 via 0.0.0.0 dev 2 metric 0 mss 0 rt-src rt-kernel scope link pref-src 192.168.122.70
Jan 13 21:48:36 localhost NetworkManager[1782]: <debug> [1578952116.9353] platform: kernel-support for RTA_PREF (ability to set router preference for IPv6 routes) detected: supported
Jan 13 21:48:36 localhost NetworkManager[1782]: <debug> [1578952116.9353] platform: (lo) signal: route   6   added: ::1/128 via :: dev 1 metric 256 mss 0 rt-src rt-kernel
Jan 13 21:48:36 localhost NetworkManager[1782]: <debug> [1578952116.9353] platform: (ens3) signal: route   6   added: fe80::/64 via :: dev 2 metric 256 mss 0 rt-src rt-kernel
Jan 13 21:48:36 localhost NetworkManager[1782]: <debug> [1578952116.9353] platform: (ens3) signal: route   6   added: table 255 ff00::/8 via :: dev 2 metric 256 mss 0 rt-src rt-boot
Jan 13 21:48:36 localhost NetworkManager[1782]: <debug> [1578952116.9353] platform: kernel-support for FRA_PROTOCOL (FRA_PROTOCOL attribute for policy routing rules) detected: supported
Jan 13 21:48:36 localhost NetworkManager[1782]: <debug> [1578952116.9354] platform: kernel-support for FRA_UID_RANGE (FRA_UID_RANGE attribute for policy routing rules) not detected: assume supported
Jan 13 21:48:36 localhost NetworkManager[1782]: <debug> [1578952116.9354] platform: kernel-support for FRA_L3MDEV (FRA_L3MDEV attribute for policy routing rules) not detected: assume supported
Jan 13 21:48:36 localhost NetworkManager[1782]: <debug> [1578952116.9354] platform: kernel-support for FRA_IP_PROTO (FRA_IP_PROTO, FRA_SPORT_RANGE, FRA_DPORT_RANGE attributes for policy routing rules) not detected: assume supported
Jan 13 21:48:36 localhost NetworkManager[1782]: <debug> [1578952116.9354] platform: signal: rt-rule   added: [4] 0: from all lookup 255 protocol 2
Jan 13 21:48:36 localhost NetworkManager[1782]: <debug> [1578952116.9354] platform: signal: rt-rule   added: [4] 32766: from all lookup 254 protocol 2
Jan 13 21:48:36 localhost NetworkManager[1782]: <debug> [1578952116.9354] platform: signal: rt-rule   added: [4] 32767: from all lookup 253 protocol 2
Jan 13 21:48:36 localhost NetworkManager[1782]: <debug> [1578952116.9354] platform: signal: rt-rule   added: [6] 0: from all lookup 255 protocol 2
Jan 13 21:48:36 localhost NetworkManager[1782]: <debug> [1578952116.9355] platform: signal: rt-rule   added: [6] 32766: from all lookup 254 protocol 2
Jan 13 21:48:36 localhost NetworkManager[1782]: <debug> [1578952116.9355] platform: (lo) signal: qdisc   added: noqueue dev 1 family 0 handle 0 parent ffffffff info 2
Jan 13 21:48:36 localhost NetworkManager[1782]: <debug> [1578952116.9355] platform: (ens3) signal: qdisc   added: fq_codel dev 2 family 0 handle 0 parent ffffffff info 2 limit 10240 flows 1024 target 4999 interval 99999 quantum 1514 memory_limit 33554432 ecn
Jan 13 21:48:36 localhost NetworkManager[1782]: <debug> [1578952116.9361] platform: (ens3) signal: link changed: 2: ens3 <UP,LOWER_UP;broadcast,multicast,up,running,lowerup> mtu 1500 arp 1 ethernet? init addrgenmode eui64 addr 52:54:00:06:FE:DC brd FF:FF:FF:FF:FF:FF driver virtio_net rx:60892,537430403 tx:54806,3618653
Jan 13 21:48:36 localhost NetworkManager[1782]: <debug> [1578952116.9363] platform: (lo) signal: link changed: 1: lo <UP,LOWER_UP;loopback,up,running,lowerup> mtu 65536 arp 772 loopback? init addrgenmode eui64 addr 00:00:00:00:00:00 brd 00:00:00:00:00:00 driver unknown rx:6,416 tx:6,416
Jan 13 21:48:36 localhost NetworkManager[1782]: <debug> [1578952116.9363] setup NMPlatform singleton (3e640a0d8137107a)
Jan 13 21:48:36 localhost NetworkManager[1782]: <debug> [1578952116.9364] rules-manager: routing-rule: track [64929a8075efa05c,0] "[4] 0: from all lookup 255 protocol 2")
Jan 13 21:48:36 localhost NetworkManager[1782]: <debug> [1578952116.9364] rules-manager: routing-rule: track [64929a8075efa05c,0] "[4] 32766: from all lookup 254 protocol 2")
Jan 13 21:48:36 localhost NetworkManager[1782]: <debug> [1578952116.9364] rules-manager: routing-rule: track [64929a8075efa05c,0] "[4] 32767: from all lookup 253 protocol 2")
Jan 13 21:48:36 localhost NetworkManager[1782]: <debug> [1578952116.9364] rules-manager: routing-rule: track [64929a8075efa05c,0] "[6] 0: from all lookup 255 protocol 2")
Jan 13 21:48:36 localhost NetworkManager[1782]: <debug> [1578952116.9364] rules-manager: routing-rule: track [64929a8075efa05c,0] "[6] 32766: from all lookup 254 protocol 2")
Jan 13 21:48:36 localhost NetworkManager[1782]: <debug> [1578952116.9364] rules-manager: routing-rule: track [df55c4295dc4d9a2,0] "[4] 0: from all lookup 255 protocol 2")
Jan 13 21:48:36 localhost NetworkManager[1782]: <debug> [1578952116.9364] rules-manager: routing-rule: track [df55c4295dc4d9a2,0] "[4] 32766: from all lookup 254 protocol 2")
Jan 13 21:48:36 localhost NetworkManager[1782]: <debug> [1578952116.9364] rules-manager: routing-rule: track [df55c4295dc4d9a2,0] "[4] 32767: from all lookup 253 protocol 2")
Jan 13 21:48:36 localhost NetworkManager[1782]: <debug> [1578952116.9365] rules-manager: routing-rule: track [df55c4295dc4d9a2,0] "[6] 0: from all lookup 255 protocol 2")
Jan 13 21:48:36 localhost NetworkManager[1782]: <debug> [1578952116.9365] rules-manager: routing-rule: track [df55c4295dc4d9a2,0] "[6] 32766: from all lookup 254 protocol 2")
Jan 13 21:48:36 localhost NetworkManager[1782]: <debug> [1578952116.9365] create NMNetns singleton (4a2bb5f18a289c98)
Jan 13 21:48:36 localhost NetworkManager[1782]: <debug> [1578952116.9366] auth[0x560206de7a30]: create auth-manager: polkit enabled
Jan 13 21:48:36 localhost NetworkManager[1782]: <debug> [1578952116.9366] auth[0x560206de7a30]: set instance
Jan 13 21:48:36 localhost NetworkManager[1782]: <debug> [1578952116.9366] setup NMAuthManager singleton (ee749e84aa85d09c)
Jan 13 21:48:36 localhost NetworkManager[1782]: <info>  [1578952116.9478] manager[0x560206e0e140]: monitoring kernel firmware directory '/lib/firmware'.
Jan 13 21:48:36 localhost NetworkManager[1782]: <debug> [1578952116.9523] session-monitor: using systemd-logind session tracking
Jan 13 21:48:36 localhost NetworkManager[1782]: <debug> [1578952116.9524] create NMSessionMonitor singleton (e2ee335cb1f03754)
Jan 13 21:48:36 localhost NetworkManager[1782]: <debug> [1578952116.9524] create NMAgentManager singleton (74625ee2e8b9f7c4)
Jan 13 21:48:36 localhost dbus-daemon[1804]: [system] Activating via systemd: service name='org.freedesktop.hostname1' unit='dbus-org.freedesktop.hostname1.service' requested by ':1.1' (uid=0 pid=1782 comm="/usr/sbin/NetworkManager --no-daemon " label="system_u:system_r:kernel_t:s0")
Jan 13 21:48:36 localhost systemd[1]: Starting Hostname Service...
Jan 13 21:48:37 localhost systemd-logind[1756]: New seat seat0.
Jan 13 21:48:37 localhost systemd-logind[1756]: Watching system buttons on /dev/input/event0 (Power Button)
Jan 13 21:48:37 localhost systemd-logind[1756]: Watching system buttons on /dev/input/event1 (AT Translated Set 2 keyboard)
Jan 13 21:48:37 localhost systemd[1]: Started Login Service.
Jan 13 21:48:37 localhost systemd[1]: Started OpenSSH rsa Server Key Generation.
Jan 13 21:48:37 localhost systemd[1]: Reached target sshd-keygen.target.
Jan 13 21:48:37 localhost dbus-daemon[1804]: [system] Successfully activated service 'org.freedesktop.hostname1'
Jan 13 21:48:37 localhost systemd[1]: Started Hostname Service.
Jan 13 21:48:37 localhost NetworkManager[1782]: <info>  [1578952117.8533] hostname: hostname: using hostnamed
Jan 13 21:48:37 localhost NetworkManager[1782]: <debug> [1578952117.8533] create NMHostnameManager singleton (031a49b31660a1f6)
Jan 13 21:48:37 localhost NetworkManager[1782]: <debug> [1578952117.8534] create NMFirewallManager singleton (f5ced2c7683dce01)
Jan 13 21:48:37 localhost NetworkManager[1782]: <info>  [1578952117.8537] dns-mgr[0x560206df1250]: init: dns=default,systemd-resolved rc-manager=symlink
Jan 13 21:48:37 localhost NetworkManager[1782]: <debug> [1578952117.8537] create NMDnsManager singleton (4e16698936c184b8)
Jan 13 21:48:37 localhost NetworkManager[1782]: <debug> [1578952117.8537] policy: hostname-mode: full
Jan 13 21:48:37 localhost NetworkManager[1782]: <debug> [1578952117.8540] setup NMManager singleton (ec589d619f8a7a86)
Jan 13 21:48:37 localhost NetworkManager[1782]: <debug> [1578952117.8551] create NMConnectivity singleton (92a473ad98ed16f4)
Jan 13 21:48:37 localhost NetworkManager[1782]: <debug> [1578952117.8560] Loaded device plugin: NM6LowpanDeviceFactory (internal)
Jan 13 21:48:37 localhost NetworkManager[1782]: <debug> [1578952117.8560] Loaded device plugin: NMBondDeviceFactory (internal)
Jan 13 21:48:37 localhost NetworkManager[1782]: <debug> [1578952117.8560] Loaded device plugin: NMBridgeDeviceFactory (internal)
Jan 13 21:48:37 localhost NetworkManager[1782]: <debug> [1578952117.8560] Loaded device plugin: NMDummyDeviceFactory (internal)
Jan 13 21:48:37 localhost NetworkManager[1782]: <debug> [1578952117.8561] Loaded device plugin: NMEthernetDeviceFactory (internal)
Jan 13 21:48:37 localhost NetworkManager[1782]: <debug> [1578952117.8561] Loaded device plugin: NMInfinibandDeviceFactory (internal)
Jan 13 21:48:37 localhost NetworkManager[1782]: <debug> [1578952117.8561] Loaded device plugin: NMIPTunnelDeviceFactory (internal)
Jan 13 21:48:37 localhost NetworkManager[1782]: <debug> [1578952117.8566] Loaded device plugin: NMMacsecDeviceFactory (internal)
Jan 13 21:48:37 localhost NetworkManager[1782]: <debug> [1578952117.8566] Loaded device plugin: NMMacvlanDeviceFactory (internal)
Jan 13 21:48:37 localhost NetworkManager[1782]: <debug> [1578952117.8566] Loaded device plugin: NMPppDeviceFactory (internal)
Jan 13 21:48:37 localhost NetworkManager[1782]: <debug> [1578952117.8566] Loaded device plugin: NMTunDeviceFactory (internal)
Jan 13 21:48:37 localhost NetworkManager[1782]: <debug> [1578952117.8567] Loaded device plugin: NMVethDeviceFactory (internal)
Jan 13 21:48:37 localhost NetworkManager[1782]: <debug> [1578952117.8567] Loaded device plugin: NMVlanDeviceFactory (internal)
Jan 13 21:48:37 localhost NetworkManager[1782]: <debug> [1578952117.8567] Loaded device plugin: NMVxlanDeviceFactory (internal)
Jan 13 21:48:37 localhost NetworkManager[1782]: <debug> [1578952117.8567] Loaded device plugin: NMWireGuardDeviceFactory (internal)
Jan 13 21:48:37 localhost NetworkManager[1782]: <debug> [1578952117.8567] Loaded device plugin: NMWpanDeviceFactory (internal)
Jan 13 21:48:37 localhost NetworkManager[1782]: <info>  [1578952117.8611] Loaded device plugin: NMTeamFactory (/usr/lib64/NetworkManager/1.20.0-3.el8/libnm-device-plugin-team.so)
Jan 13 21:48:37 localhost NetworkManager[1782]: <info>  [1578952117.8669] Loaded device plugin: NMWifiFactory (/usr/lib64/NetworkManager/1.20.0-3.el8/libnm-device-plugin-wifi.so)
Jan 13 21:48:37 localhost NetworkManager[1782]: <info>  [1578952117.8669] manager: rfkill: Wi-Fi enabled by radio killswitch; enabled by state file
Jan 13 21:48:37 localhost NetworkManager[1782]: <info>  [1578952117.8670] manager: rfkill: WWAN enabled by radio killswitch; enabled by state file
Jan 13 21:48:37 localhost NetworkManager[1782]: <info>  [1578952117.8671] manager: Networking is enabled by state file
Jan 13 21:48:37 localhost NetworkManager[1782]: <debug> [1578952117.8671] dispatcher: (1) dispatching action 'hostname'
Jan 13 21:48:37 localhost NetworkManager[1782]: <debug> [1578952117.8672] dhcp-init: enabled DHCP client 'dhclient' (NMDhcpDhclient)
Jan 13 21:48:37 localhost NetworkManager[1782]: <debug> [1578952117.8672] dhcp-init: enabled DHCP client 'internal' (NMDhcpSystemd)
Jan 13 21:48:37 localhost NetworkManager[1782]: <info>  [1578952117.8672] dhcp-init: Using DHCP client 'dhclient'
Jan 13 21:48:37 localhost NetworkManager[1782]: <debug> [1578952117.8673] create NMDhcpManager singleton (fd28f20012fc9ee2)
Jan 13 21:48:37 localhost dbus-daemon[1804]: [system] Activating via systemd: service name='org.freedesktop.nm_dispatcher' unit='dbus-org.freedesktop.nm-dispatcher.service' requested by ':1.1' (uid=0 pid=1782 comm="/usr/sbin/NetworkManager --no-daemon " label="system_u:system_r:kernel_t:s0")
Jan 13 21:48:37 localhost systemd[1]: Starting Network Manager Script Dispatcher Service...
Jan 13 21:48:37 localhost NetworkManager[1782]: <info>  [1578952117.8747] settings: Loaded settings plugin: ifcfg-rh ("/usr/lib64/NetworkManager/1.20.0-3.el8/libnm-settings-plugin-ifcfg-rh.so")
Jan 13 21:48:37 localhost NetworkManager[1782]: <warn>  [1578952117.8747] settings: skipping deprecated plugin no-ibft
Jan 13 21:48:37 localhost NetworkManager[1782]: <info>  [1578952117.8747] settings: Loaded settings plugin: keyfile (internal)
Jan 13 21:48:37 localhost NetworkManager[1782]: <debug> [1578952117.8771] ++ connection 'new connection' (0x560206e32640/NMSimpleConnection/"802-3-ethernet"): [/org/freedesktop/NetworkManager/Settings/1]
Jan 13 21:48:37 localhost NetworkManager[1782]: <debug> [1578952117.8772] ++ connection                [ 0x560206dfe110 ]
Jan 13 21:48:37 localhost NetworkManager[1782]: <debug> [1578952117.8772] ++ connection.id             = 'ens3'
Jan 13 21:48:37 localhost NetworkManager[1782]: <debug> [1578952117.8772] ++ connection.interface-name = 'ens3'
Jan 13 21:48:37 localhost NetworkManager[1782]: <debug> [1578952117.8772] ++ connection.permissions    = []
Jan 13 21:48:37 localhost NetworkManager[1782]: <debug> [1578952117.8772] ++ connection.type           = '802-3-ethernet'
Jan 13 21:48:37 localhost NetworkManager[1782]: <debug> [1578952117.8772] ++ connection.uuid           = '22c5fd20-2314-4577-99d0-e71ee7684a14'
Jan 13 21:48:37 localhost NetworkManager[1782]: <debug> [1578952117.8773] ++ 802-3-ethernet            [ 0x560206dccc10 ]
Jan 13 21:48:37 localhost NetworkManager[1782]: <debug> [1578952117.8773] ++ 802-3-ethernet.mac-address-blacklist = []
Jan 13 21:48:37 localhost NetworkManager[1782]: <debug> [1578952117.8773] ++ 802-3-ethernet.s390-options = ((GHashTable*) 0x560206e38700)
Jan 13 21:48:37 localhost NetworkManager[1782]: <debug> [1578952117.8773] ++ ipv4                      [ 0x560206de69a0 ]
Jan 13 21:48:37 localhost NetworkManager[1782]: <debug> [1578952117.8773] ++ ipv4.addresses            = ((GPtrArray*) 0x560206e32b40)
Jan 13 21:48:37 localhost NetworkManager[1782]: <debug> [1578952117.8773] ++ ipv4.dns                  = []
Jan 13 21:48:37 localhost NetworkManager[1782]: <debug> [1578952117.8773] ++ ipv4.dns-search           = []
Jan 13 21:48:37 localhost NetworkManager[1782]: <debug> [1578952117.8773] ++ ipv4.method               = 'auto'
Jan 13 21:48:37 localhost NetworkManager[1782]: <debug> [1578952117.8774] ++ ipv4.routes               = ((GPtrArray*) 0x560206e32920)
Jan 13 21:48:37 localhost NetworkManager[1782]: <debug> [1578952117.8774] ++ ipv4.routing-rules        = <unknown>
Jan 13 21:48:37 localhost NetworkManager[1782]: <debug> [1578952117.8774] ++ ipv6                      [ 0x560206dfe1e0 ]
Jan 13 21:48:37 localhost NetworkManager[1782]: <debug> [1578952117.8774] ++ ipv6.addr-gen-mode        = 0
Jan 13 21:48:37 localhost NetworkManager[1782]: <debug> [1578952117.8774] ++ ipv6.addresses            = ((GPtrArray*) 0x560206e32880)
Jan 13 21:48:37 localhost NetworkManager[1782]: <debug> [1578952117.8774] ++ ipv6.dns                  = []
Jan 13 21:48:37 localhost NetworkManager[1782]: <debug> [1578952117.8774] ++ ipv6.dns-search           = []
Jan 13 21:48:37 localhost NetworkManager[1782]: <debug> [1578952117.8775] ++ ipv6.method               = 'auto'
Jan 13 21:48:37 localhost NetworkManager[1782]: <debug> [1578952117.8775] ++ ipv6.routes               = ((GPtrArray*) 0x560206e32a60)
Jan 13 21:48:37 localhost NetworkManager[1782]: <debug> [1578952117.8775] ++ ipv6.routing-rules        = <unknown>
Jan 13 21:48:37 localhost NetworkManager[1782]: <debug> [1578952117.8779] device[0x560206e1bcb0] (lo): unmanaged: flags set to [platform-init,by-default=0x110/0x110/unmanaged/unrealized], set-unmanaged [by-default=0x100])
Jan 13 21:48:37 localhost NetworkManager[1782]: <debug> [1578952117.8780] device[0x560206e1bcb0] (lo): constructed (NMDeviceGeneric)
Jan 13 21:48:37 localhost NetworkManager[1782]: <debug> [1578952117.8780] device[0x560206e1bcb0] (lo): start setup of NMDeviceGeneric, kernel ifindex 1
Jan 13 21:48:37 localhost NetworkManager[1782]: <debug> [1578952117.8780] device[0x560206e1bcb0] (lo): assume-state: set guess-assume=1, connection=(null)
Jan 13 21:48:37 localhost NetworkManager[1782]: <debug> [1578952117.8781] platform-linux: error reading net:/sys/class/net/lo/phys_port_id: error reading 4096 bytes from file descriptor: Operation not supported
Jan 13 21:48:37 localhost NetworkManager[1782]: <debug> [1578952117.8782] platform-linux: sysctl: reading 'net:/sys/class/net/lo/dev_id': '0x0'
Jan 13 21:48:37 localhost NetworkManager[1782]: <debug> [1578952117.8783] platform-linux: error reading net:/sys/class/net/lo/device/sriov_totalvfs: Failed to open file "device/sriov_totalvfs" with openat: No such file or directory
Jan 13 21:48:37 localhost NetworkManager[1782]: <debug> [1578952117.8784] device[0x560206e1bcb0] (lo): hw-addr: hardware address now 00:00:00:00:00:00
Jan 13 21:48:37 localhost NetworkManager[1782]: <debug> [1578952117.8784] device[0x560206e1bcb0] (lo): hw-addr: update initial MAC address 00:00:00:00:00:00
Jan 13 21:48:37 localhost NetworkManager[1782]: <debug> [1578952117.8784] device[0x560206e1bcb0] (lo): hw-addr: unable to read permanent MAC address (use current: 00:00:00:00:00:00)
Jan 13 21:48:37 localhost NetworkManager[1782]: <info>  [1578952117.8784] device (lo): carrier: link connected
Jan 13 21:48:37 localhost NetworkManager[1782]: <debug> [1578952117.8785] device[0x560206e1bcb0] (lo): unmanaged: flags set to [platform-init,by-default,!external-down=0x110/0x910/unmanaged/unrealized], set-managed [external-down=0x800])
Jan 13 21:48:37 localhost NetworkManager[1782]: <debug> [1578952117.8785] device[0x560206e1bcb0] (lo): unmanaged: flags set to [by-type,platform-init,by-default,!external-down=0x118/0x918/unmanaged/unrealized], set-unmanaged [by-type=0x8])
Jan 13 21:48:37 localhost NetworkManager[1782]: <debug> [1578952117.8785] device[0x560206e1bcb0] (lo): unmanaged: flags set to [by-type,platform-init,by-default,!user-settings,!external-down=0x118/0x958/unmanaged/unrealized], set-managed [user-settings=0x40])
Jan 13 21:48:37 localhost NetworkManager[1782]: <debug> [1578952117.8785] device[0x560206e1bcb0] (lo): unmanaged: flags set to [by-type,by-default,!platform-init,!user-settings,!external-down=0x108/0x958/unmanaged/unrealized], set-managed [platform-init=0x10])
Jan 13 21:48:37 localhost NetworkManager[1782]: <debug> [1578952117.8785] device[0x560206e1bcb0] (lo): unmanaged: flags set to [by-type,by-default,!sleeping,!platform-init,!user-settings,!external-down=0x108/0x959/unmanaged/unrealized], set-managed [sleeping=0x1])
Jan 13 21:48:37 localhost NetworkManager[1782]: <info>  [1578952117.8788] manager: (lo): new Generic device (/org/freedesktop/NetworkManager/Devices/1)
Jan 13 21:48:37 localhost NetworkManager[1782]: <debug> [1578952117.8791] device[0x560206e1bcb0] (lo): assume-state: set guess-assume=0, connection=(null)
Jan 13 21:48:37 localhost NetworkManager[1782]: <debug> [1578952117.8792] device[0x560206e5f880] (ens3): constructed (NMDeviceEthernet)
Jan 13 21:48:37 localhost NetworkManager[1782]: <debug> [1578952117.8793] device[0x560206e5f880] (ens3): start setup of NMDeviceEthernet, kernel ifindex 2
Jan 13 21:48:37 localhost NetworkManager[1782]: <debug> [1578952117.8793] device[0x560206e5f880] (ens3): assume-state: set guess-assume=1, connection=(null)
Jan 13 21:48:37 localhost NetworkManager[1782]: <debug> [1578952117.8794] platform-linux: error reading net:/sys/class/net/ens3/phys_port_id: error reading 4096 bytes from file descriptor: Operation not supported
Jan 13 21:48:37 localhost NetworkManager[1782]: <debug> [1578952117.8794] platform-linux: sysctl: reading 'net:/sys/class/net/ens3/dev_id': '0x0'
Jan 13 21:48:37 localhost NetworkManager[1782]: <debug> [1578952117.8795] platform-linux: error reading net:/sys/class/net/ens3/device/sriov_totalvfs: Failed to open file "device/sriov_totalvfs" with openat: No such file or directory
Jan 13 21:48:37 localhost NetworkManager[1782]: <debug> [1578952117.8796] device[0x560206e5f880] (ens3): hw-addr: hardware address now 52:54:00:06:FE:DC
Jan 13 21:48:37 localhost NetworkManager[1782]: <debug> [1578952117.8796] device[0x560206e5f880] (ens3): hw-addr: update initial MAC address 52:54:00:06:FE:DC
Jan 13 21:48:37 localhost NetworkManager[1782]: <debug> [1578952117.8796] device[0x560206e5f880] (ens3): hw-addr: read permanent MAC address '52:54:00:06:FE:DC'
Jan 13 21:48:37 localhost NetworkManager[1782]: <info>  [1578952117.8797] device (ens3): carrier: link connected
Jan 13 21:48:37 localhost NetworkManager[1782]: <debug> [1578952117.8798] device[0x560206e5f880] (ens3): unmanaged: flags set to [platform-init,!by-type=0x10/0x18/unmanaged/unrealized], set-managed [by-type=0x8])
Jan 13 21:48:37 localhost NetworkManager[1782]: <debug> [1578952117.8798] device[0x560206e5f880] (ens3): unmanaged: flags set to [platform-init,!by-type,!user-settings=0x10/0x58/unmanaged/unrealized], set-managed [user-settings=0x40])
Jan 13 21:48:37 localhost NetworkManager[1782]: <debug> [1578952117.8798] device[0x560206e5f880] (ens3): unmanaged: flags set to [!by-type,!platform-init,!user-settings=0x0/0x58/managed/unrealized], set-managed [platform-init=0x10])
Jan 13 21:48:37 localhost NetworkManager[1782]: <debug> [1578952117.8799] device[0x560206e5f880] (ens3): unmanaged: flags set to [!sleeping,!by-type,!platform-init,!user-settings=0x0/0x59/managed/unrealized], set-managed [sleeping=0x1])
Jan 13 21:48:37 localhost NetworkManager[1782]: <info>  [1578952117.8801] manager: (ens3): new Ethernet device (/org/freedesktop/NetworkManager/Devices/2)
Jan 13 21:48:37 localhost NetworkManager[1782]: <debug> [1578952117.8806] device[0x560206e5f880] (ens3): ip4-config: update (commit=0, new-config=0x560206e1e260)
Jan 13 21:48:37 localhost NetworkManager[1782]: <debug> [1578952117.8832] device[0x560206e5f880] (ens3): ip4-config: set IP Config instance (/org/freedesktop/NetworkManager/IP4Config/1)
Jan 13 21:48:37 localhost NetworkManager[1782]: <debug> [1578952117.8837] dns-mgr: (device_ip_config_changed): queueing DNS updates (1)
Jan 13 21:48:37 localhost NetworkManager[1782]: <debug> [1578952117.8838] dns-mgr: (device_ip_config_changed): DNS configuration did not change
Jan 13 21:48:37 localhost NetworkManager[1782]: <debug> [1578952117.8840] dns-mgr: (device_ip_config_changed): no DNS changes to commit (0)
Jan 13 21:48:37 localhost NetworkManager[1782]: <debug> [1578952117.8842] platform-linux: sysctl: reading '/proc/sys/net/ipv6/conf/ens3/disable_ipv6': '0'
Jan 13 21:48:37 localhost NetworkManager[1782]: <debug> [1578952117.8843] device[0x560206e5f880] (ens3): ip6-config: update (commit=0, new-config=0x560206e014a0)
Jan 13 21:48:37 localhost NetworkManager[1782]: <debug> [1578952117.8844] device[0x560206e5f880] (ens3): ip6-config: set IP Config instance (/org/freedesktop/NetworkManager/IP6Config/1)
Jan 13 21:48:37 localhost NetworkManager[1782]: <debug> [1578952117.8846] dns-mgr: (device_ip_config_changed): queueing DNS updates (1)
Jan 13 21:48:37 localhost NetworkManager[1782]: <debug> [1578952117.8847] dns-mgr: (device_ip_config_changed): DNS configuration did not change
Jan 13 21:48:37 localhost NetworkManager[1782]: <debug> [1578952117.8847] dns-mgr: (device_ip_config_changed): no DNS changes to commit (0)
Jan 13 21:48:37 localhost NetworkManager[1782]: <info>  [1578952117.8852] manager: (ens3): assume: will attempt to assume matching connection 'ens3' (22c5fd20-2314-4577-99d0-e71ee7684a14) (guessed)
Jan 13 21:48:37 localhost NetworkManager[1782]: <debug> [1578952117.8852] device[0x560206e5f880] (ens3): assume-state: set guess-assume=0, connection=(null)
Jan 13 21:48:37 localhost NetworkManager[1782]: <info>  [1578952117.8853] manager: (ens3): assume: taking over an initramfs-configured connection
Jan 13 21:48:37 localhost NetworkManager[1782]: <info>  [1578952117.8853] device (ens3): state change: unmanaged -> unavailable (reason 'connection-assumed', sys-iface-state: 'assume')
Jan 13 21:48:37 localhost NetworkManager[1782]: <debug> [1578952117.8857] platform-linux: sysctl: reading '/proc/sys/net/ipv6/conf/ens3/accept_ra': '1'
Jan 13 21:48:37 localhost NetworkManager[1782]: <debug> [1578952117.8857] platform-linux: sysctl: reading '/proc/sys/net/ipv6/conf/ens3/accept_ra_defrtr': '1'
Jan 13 21:48:37 localhost NetworkManager[1782]: <debug> [1578952117.8858] platform-linux: sysctl: reading '/proc/sys/net/ipv6/conf/ens3/accept_ra_pinfo': '1'
Jan 13 21:48:37 localhost NetworkManager[1782]: <debug> [1578952117.8858] platform-linux: sysctl: reading '/proc/sys/net/ipv6/conf/ens3/accept_ra_rtr_pref': '1'
Jan 13 21:48:37 localhost NetworkManager[1782]: <debug> [1578952117.8858] platform-linux: sysctl: reading '/proc/sys/net/ipv6/conf/ens3/forwarding': '0'
Jan 13 21:48:37 localhost NetworkManager[1782]: <debug> [1578952117.8859] platform-linux: sysctl: reading '/proc/sys/net/ipv6/conf/ens3/hop_limit': '64'
Jan 13 21:48:37 localhost NetworkManager[1782]: <debug> [1578952117.8859] platform-linux: sysctl: reading '/proc/sys/net/ipv6/conf/ens3/use_tempaddr': '0'
Jan 13 21:48:37 localhost NetworkManager[1782]: <debug> [1578952117.8954] device[0x560206e5f880] (ens3): add_pending_action (1): 'recheck-available'
Jan 13 21:48:37 localhost NetworkManager[1782]: <debug> [1578952117.8964] device[0x560206e5f880] (ens3): connectivity state changed from UNKNOWN to NONE
Jan 13 21:48:37 localhost NetworkManager[1782]: <debug> [1578952117.8969] manager: connectivity checking indicates NONE
Jan 13 21:48:37 localhost NetworkManager[1782]: <debug> [1578952117.8971] dispatcher: (2) dispatching action 'connectivity-change'
Jan 13 21:48:37 localhost NetworkManager[1782]: <debug> [1578952117.8974] device[0x560206e5f880] (ens3): connectivity state changed from UNKNOWN to NONE
Jan 13 21:48:37 localhost NetworkManager[1782]: <info>  [1578952117.8978] device (ens3): state change: unavailable -> disconnected (reason 'connection-assumed', sys-iface-state: 'assume')
Jan 13 21:48:37 localhost NetworkManager[1782]: <debug> [1578952117.8992] device[0x560206e5f880] (ens3): add_pending_action (2): 'autoactivate'
Jan 13 21:48:37 localhost NetworkManager[1782]: <debug> [1578952117.8994] active-connection[0x560206e1e560]: set device "ens3" [0x560206e5f880]
Jan 13 21:48:37 localhost NetworkManager[1782]: <debug> [1578952117.8994] device[0x560206e5f880] (ens3): add_pending_action (3): 'activation-0x560206e1e560'
Jan 13 21:48:37 localhost NetworkManager[1782]: <debug> [1578952117.8996] active-connection[0x560206e1e560]: constructed (NMActRequest, version-id 1, type assume)
Jan 13 21:48:37 localhost NetworkManager[1782]: <info>  [1578952117.9003] device (ens3): Activation: starting connection 'ens3' (22c5fd20-2314-4577-99d0-e71ee7684a14)
Jan 13 21:48:37 localhost NetworkManager[1782]: <debug> [1578952117.9004] device[0x560206e5f880] (ens3): activation-stage: schedule activate_stage1_device_prepare,v4 (id 30)
Jan 13 21:48:37 localhost NetworkManager[1782]: <debug> [1578952117.9014] create NMVpnManager singleton (95cae70f0ea1a8b8)
Jan 13 21:48:37 localhost NetworkManager[1782]: <debug> [1578952117.9014] manager: creating virtual devices...
Jan 13 21:48:37 localhost NetworkManager[1782]: <debug> [1578952117.9014] setting up local loopback
Jan 13 21:48:37 localhost NetworkManager[1782]: <debug> [1578952117.9014] platform: (lo) link: setting up
Jan 13 21:48:37 localhost NetworkManager[1782]: <debug> [1578952117.9015] platform-linux: link: change 1: flags: set 0x1/0x1 ([up] / [up])
Jan 13 21:48:37 localhost NetworkManager[1782]: <debug> [1578952117.9015] platform-linux: do-request-link: 1 
Jan 13 21:48:37 localhost NetworkManager[1782]: <debug> [1578952117.9016] platform-linux: do-change-link[1]: success changing link: success
Jan 13 21:48:37 localhost NetworkManager[1782]: <debug> [1578952117.9026] device[0x560206e1bcb0] (lo): ip4-config: update (commit=0, new-config=0x560206e1e000)
Jan 13 21:48:37 localhost NetworkManager[1782]: <debug> [1578952117.9027] device[0x560206e1bcb0] (lo): ip4-config: set IP Config instance (/org/freedesktop/NetworkManager/IP4Config/2)
Jan 13 21:48:37 localhost NetworkManager[1782]: <debug> [1578952117.9028] dns-mgr: (device_ip_config_changed): queueing DNS updates (1)
Jan 13 21:48:37 localhost NetworkManager[1782]: <debug> [1578952117.9029] dns-mgr: (device_ip_config_changed): DNS configuration did not change
Jan 13 21:48:37 localhost NetworkManager[1782]: <debug> [1578952117.9029] dns-mgr: (device_ip_config_changed): no DNS changes to commit (0)
Jan 13 21:48:37 localhost NetworkManager[1782]: <debug> [1578952117.9030] platform-linux: sysctl: reading '/proc/sys/net/ipv6/conf/lo/disable_ipv6': '0'
Jan 13 21:48:37 localhost NetworkManager[1782]: <debug> [1578952117.9030] device[0x560206e1bcb0] (lo): ip6-config: update (commit=0, new-config=0x560206e017d0)
Jan 13 21:48:37 localhost NetworkManager[1782]: <debug> [1578952117.9031] device[0x560206e1bcb0] (lo): ip6-config: set IP Config instance (/org/freedesktop/NetworkManager/IP6Config/2)
Jan 13 21:48:37 localhost NetworkManager[1782]: <debug> [1578952117.9032] dns-mgr: (device_ip_config_changed): queueing DNS updates (1)
Jan 13 21:48:37 localhost NetworkManager[1782]: <debug> [1578952117.9032] dns-mgr: (device_ip_config_changed): DNS configuration did not change
Jan 13 21:48:37 localhost NetworkManager[1782]: <debug> [1578952117.9032] dns-mgr: (device_ip_config_changed): no DNS changes to commit (0)
Jan 13 21:48:37 localhost NetworkManager[1782]: <debug> [1578952117.9033] device[0x560206e5f880] (ens3): ip4-config: update (commit=0, new-config=0x560206e1e980)
Jan 13 21:48:37 localhost NetworkManager[1782]: <debug> [1578952117.9034] device[0x560206e5f880] (ens3): ip6-config: update (commit=0, new-config=0x560206e01b00)
Jan 13 21:48:37 localhost NetworkManager[1782]: <debug> [1578952117.9034] device[0x560206e5f880] (ens3): remove_pending_action (2): 'recheck-available'
Jan 13 21:48:37 localhost NetworkManager[1782]: <debug> [1578952117.9034] device[0x560206e5f880] (ens3): remove_pending_action (1): 'autoactivate'
Jan 13 21:48:37 localhost NetworkManager[1782]: <debug> [1578952117.9035] device[0x560206e5f880] (ens3): activation-stage: invoke activate_stage1_device_prepare,v4 (id 30)
Jan 13 21:48:37 localhost NetworkManager[1782]: <info>  [1578952117.9035] device (ens3): state change: disconnected -> prepare (reason 'none', sys-iface-state: 'assume')
Jan 13 21:48:37 localhost NetworkManager[1782]: <debug> [1578952117.9038] active-connection[0x560206e1e560]: set state activating (was unknown)
Jan 13 21:48:37 localhost NetworkManager[1782]: <debug> [1578952117.9038] active-connection[0x560206e1e560]: check-master-ready: not signalling (state activating, no master)
Jan 13 21:48:37 localhost NetworkManager[1782]: <debug> [1578952117.9039] manager: ActivatingConnection now ens3
Jan 13 21:48:37 localhost NetworkManager[1782]: <debug> [1578952117.9039] device[0x560206e5f880] (ens3): activation-stage: schedule activate_stage2_device_config,v4 (id 39)
Jan 13 21:48:37 localhost NetworkManager[1782]: <debug> [1578952117.9040] device[0x560206e5f880] (ens3): activation-stage: complete activate_stage1_device_prepare,v4 (id 30)
Jan 13 21:48:37 localhost NetworkManager[1782]: <debug> [1578952117.9040] manager: (lo): assume: don't assume because not managed
Jan 13 21:48:37 localhost NetworkManager[1782]: <debug> [1578952117.9040] device[0x560206e5f880] (ens3): activation-stage: invoke activate_stage2_device_config,v4 (id 39)
Jan 13 21:48:37 localhost NetworkManager[1782]: <info>  [1578952117.9040] device (ens3): state change: prepare -> config (reason 'none', sys-iface-state: 'assume')
Jan 13 21:48:37 localhost NetworkManager[1782]: <debug> [1578952117.9042] rules-manager: sync
