21:48:08,281 NOTICE kernel:Linux version 4.18.0-147.el8.x86_64 (mockbuild@kbuilder.bsys.centos.org) (gcc version 8.3.1 20190507 (Red Hat 8.3.1-4) (GCC)) #1 SMP Wed Dec 4 21:51:45 UTC 2019
21:48:08,281 INFO kernel:Command line: method=http://qa.centos.org/centos/8/BaseOS/x86_64/os/ ks=file:/ks.cfg
21:48:08,281 INFO kernel:x86/fpu: x87 FPU will use FXSAVE
21:48:08,281 INFO kernel:BIOS-provided physical RAM map:
21:48:08,281 INFO kernel:BIOS-e820: [mem 0x0000000000000000-0x000000000009fbff] usable
21:48:08,281 INFO kernel:BIOS-e820: [mem 0x000000000009fc00-0x000000000009ffff] reserved
21:48:08,281 INFO kernel:BIOS-e820: [mem 0x00000000000f0000-0x00000000000fffff] reserved
21:48:08,281 INFO kernel:BIOS-e820: [mem 0x0000000000100000-0x00000000bfff9fff] usable
21:48:08,281 INFO kernel:BIOS-e820: [mem 0x00000000bfffa000-0x00000000bfffffff] reserved
21:48:08,281 INFO kernel:BIOS-e820: [mem 0x00000000feffc000-0x00000000feffffff] reserved
21:48:08,281 INFO kernel:BIOS-e820: [mem 0x00000000fffc0000-0x00000000ffffffff] reserved
21:48:08,281 INFO kernel:BIOS-e820: [mem 0x0000000100000000-0x000000013fffffff] usable
21:48:08,281 INFO kernel:NX (Execute Disable) protection: active
21:48:08,281 INFO kernel:SMBIOS 2.4 present.
21:48:08,281 INFO kernel:DMI: Red Hat KVM, BIOS 0.5.1 01/01/2011
21:48:08,281 INFO kernel:Hypervisor detected: KVM
21:48:08,281 INFO kernel:kvm-clock: Using msrs 4b564d01 and 4b564d00
21:48:08,281 INFO kernel:kvm-clock: cpu 0, msr 31801001, primary cpu clock
21:48:08,281 INFO kernel:kvm-clock: using sched offset of 2269437181 cycles
21:48:08,281 INFO kernel:clocksource: kvm-clock: mask: 0xffffffffffffffff max_cycles: 0x1cd42e4dffb, max_idle_ns: 881590591483 ns
21:48:08,281 DEBUG kernel:e820: update [mem 0x00000000-0x00000fff] usable ==> reserved
21:48:08,281 DEBUG kernel:e820: remove [mem 0x000a0000-0x000fffff] usable
21:48:08,281 INFO kernel:last_pfn = 0x140000 max_arch_pfn = 0x400000000
21:48:08,281 DEBUG kernel:MTRR default type: write-back
21:48:08,281 DEBUG kernel:MTRR fixed ranges enabled:
21:48:08,281 DEBUG kernel:  00000-9FFFF write-back
21:48:08,282 DEBUG kernel:  A0000-BFFFF uncachable
21:48:08,282 DEBUG kernel:  C0000-FFFFF write-protect
21:48:08,282 DEBUG kernel:MTRR variable ranges enabled:
21:48:08,282 DEBUG kernel:  0 base 0000C0000000 mask 3FFFC0000000 uncachable
21:48:08,282 DEBUG kernel:  1 disabled
21:48:08,282 DEBUG kernel:  2 disabled
21:48:08,282 DEBUG kernel:  3 disabled
21:48:08,282 DEBUG kernel:  4 disabled
21:48:08,282 DEBUG kernel:  5 disabled
21:48:08,282 DEBUG kernel:  6 disabled
21:48:08,282 DEBUG kernel:  7 disabled
21:48:08,282 INFO kernel:x86/PAT: PAT not supported by CPU.
21:48:08,282 INFO kernel:x86/PAT: Configuration [0-7]: WB  WT  UC- UC  WB  WT  UC- UC  
21:48:08,282 INFO kernel:last_pfn = 0xbfffa max_arch_pfn = 0x400000000
21:48:08,282 INFO kernel:found SMP MP-table at [mem 0x000f6360-0x000f636f] mapped at [(____ptrval____)]
21:48:08,282 DEBUG kernel:Base memory trampoline at [(____ptrval____)] 99000 size 24576
21:48:08,282 DEBUG kernel:BRK [0x31a01000, 0x31a01fff] PGTABLE
21:48:08,282 DEBUG kernel:BRK [0x31a02000, 0x31a02fff] PGTABLE
21:48:08,282 DEBUG kernel:BRK [0x31a03000, 0x31a03fff] PGTABLE
21:48:08,282 DEBUG kernel:BRK [0x31a04000, 0x31a04fff] PGTABLE
21:48:08,282 DEBUG kernel:BRK [0x31a05000, 0x31a05fff] PGTABLE
21:48:08,282 INFO kernel:RAMDISK: [mem 0x7c4c3000-0x7fffffff]
21:48:08,282 INFO kernel:ACPI: Early table checksum verification disabled
21:48:08,282 INFO kernel:ACPI: RSDP 0x00000000000F6110 000014 (v00 BOCHS )
21:48:08,282 INFO kernel:ACPI: RSDT 0x00000000BFFFFC12 000030 (v01 BOCHS  BXPCRSDT 00000001 BXPC 00000001)
21:48:08,282 INFO kernel:ACPI: FACP 0x00000000BFFFF177 000074 (v01 BOCHS  BXPCFACP 00000001 BXPC 00000001)
21:48:08,282 INFO kernel:ACPI: DSDT 0x00000000BFFFE040 001137 (v01 BOCHS  BXPCDSDT 00000001 BXPC 00000001)
21:48:08,282 INFO kernel:ACPI: FACS 0x00000000BFFFE000 000040
21:48:08,282 INFO kernel:ACPI: SSDT 0x00000000BFFFF1EB 000997 (v01 BOCHS  BXPCSSDT 00000001 BXPC 00000001)
21:48:08,282 INFO kernel:ACPI: APIC 0x00000000BFFFFB82 000090 (v01 BOCHS  BXPCAPIC 00000001 BXPC 00000001)
21:48:08,282 DEBUG kernel:ACPI: Local APIC address 0xfee00000
21:48:08,282 INFO kernel:No NUMA configuration found
21:48:08,282 INFO kernel:Faking a node at [mem 0x0000000000000000-0x000000013fffffff]
21:48:08,282 INFO kernel:NODE_DATA(0) allocated [mem 0x13ffd3000-0x13fffcfff]
21:48:08,282 INFO kernel:Zone ranges:
21:48:08,282 INFO kernel:  DMA      [mem 0x0000000000001000-0x0000000000ffffff]
21:48:08,282 INFO kernel:  DMA32    [mem 0x0000000001000000-0x00000000ffffffff]
21:48:08,282 INFO kernel:  Normal   [mem 0x0000000100000000-0x000000013fffffff]
21:48:08,282 INFO kernel:  Device   empty
21:48:08,282 INFO kernel:Movable zone start for each node
21:48:08,282 INFO kernel:Early memory node ranges
21:48:08,282 INFO kernel:  node   0: [mem 0x0000000000001000-0x000000000009efff]
21:48:08,282 INFO kernel:  node   0: [mem 0x0000000000100000-0x00000000bfff9fff]
21:48:08,282 INFO kernel:  node   0: [mem 0x0000000100000000-0x000000013fffffff]
21:48:08,282 INFO kernel:Zeroed struct page in unavailable ranges: 104 pages
21:48:08,282 INFO kernel:Initmem setup node 0 [mem 0x0000000000001000-0x000000013fffffff]
21:48:08,282 DEBUG kernel:On node 0 totalpages: 1048472
21:48:08,282 DEBUG kernel:  DMA zone: 64 pages used for memmap
21:48:08,282 DEBUG kernel:  DMA zone: 21 pages reserved
21:48:08,282 DEBUG kernel:  DMA zone: 3998 pages, LIFO batch:0
21:48:08,282 DEBUG kernel:  DMA32 zone: 12224 pages used for memmap
21:48:08,282 DEBUG kernel:  DMA32 zone: 782330 pages, LIFO batch:31
21:48:08,282 DEBUG kernel:  Normal zone: 4096 pages used for memmap
21:48:08,282 DEBUG kernel:  Normal zone: 262144 pages, LIFO batch:31
21:48:08,282 INFO kernel:ACPI: PM-Timer IO Port: 0x608
21:48:08,282 DEBUG kernel:ACPI: Local APIC address 0xfee00000
21:48:08,282 INFO kernel:ACPI: LAPIC_NMI (acpi_id[0xff] dfl dfl lint[0x1])
21:48:08,282 INFO kernel:IOAPIC[0]: apic_id 0, version 17, address 0xfec00000, GSI 0-23
21:48:08,282 INFO kernel:ACPI: INT_SRC_OVR (bus 0 bus_irq 0 global_irq 2 dfl dfl)
21:48:08,282 INFO kernel:ACPI: INT_SRC_OVR (bus 0 bus_irq 5 global_irq 5 high level)
21:48:08,282 INFO kernel:ACPI: INT_SRC_OVR (bus 0 bus_irq 9 global_irq 9 high level)
21:48:08,282 INFO kernel:ACPI: INT_SRC_OVR (bus 0 bus_irq 10 global_irq 10 high level)
21:48:08,282 INFO kernel:ACPI: INT_SRC_OVR (bus 0 bus_irq 11 global_irq 11 high level)
21:48:08,282 DEBUG kernel:ACPI: IRQ0 used by override.
21:48:08,282 DEBUG kernel:ACPI: IRQ5 used by override.
21:48:08,282 DEBUG kernel:ACPI: IRQ9 used by override.
21:48:08,282 DEBUG kernel:ACPI: IRQ10 used by override.
21:48:08,282 DEBUG kernel:ACPI: IRQ11 used by override.
21:48:08,282 INFO kernel:Using ACPI (MADT) for SMP configuration information
21:48:08,282 INFO kernel:smpboot: Allowing 4 CPUs, 0 hotplug CPUs
21:48:08,282 INFO kernel:PM: Registered nosave memory: [mem 0x00000000-0x00000fff]
21:48:08,282 INFO kernel:PM: Registered nosave memory: [mem 0x0009f000-0x0009ffff]
21:48:08,282 INFO kernel:PM: Registered nosave memory: [mem 0x000a0000-0x000effff]
21:48:08,282 INFO kernel:PM: Registered nosave memory: [mem 0x000f0000-0x000fffff]
21:48:08,282 INFO kernel:PM: Registered nosave memory: [mem 0xbfffa000-0xbfffffff]
21:48:08,282 INFO kernel:PM: Registered nosave memory: [mem 0xc0000000-0xfeffbfff]
21:48:08,282 INFO kernel:PM: Registered nosave memory: [mem 0xfeffc000-0xfeffffff]
21:48:08,282 INFO kernel:PM: Registered nosave memory: [mem 0xff000000-0xfffbffff]
21:48:08,282 INFO kernel:PM: Registered nosave memory: [mem 0xfffc0000-0xffffffff]
21:48:08,282 INFO kernel:[mem 0xc0000000-0xfeffbfff] available for PCI devices
21:48:08,282 INFO kernel:Booting paravirtualized kernel on KVM
21:48:08,282 INFO kernel:clocksource: refined-jiffies: mask: 0xffffffff max_cycles: 0xffffffff, max_idle_ns: 1910969940391419 ns
21:48:08,282 INFO kernel:setup_percpu: NR_CPUS:8192 nr_cpumask_bits:4 nr_cpu_ids:4 nr_node_ids:1
21:48:08,282 INFO kernel:percpu: Embedded 47 pages/cpu s155648 r8192 d28672 u524288
21:48:08,282 DEBUG kernel:pcpu-alloc: s155648 r8192 d28672 u524288 alloc=1*2097152
21:48:08,282 DEBUG kernel:pcpu-alloc: [0] 0 1 2 3 
21:48:08,282 INFO kernel:KVM setup async PF for cpu 0
21:48:08,282 INFO kernel:kvm-stealtime: cpu 0, msr 13ba25040
21:48:08,282 INFO kernel:PV qspinlock hash table entries: 256 (order: 0, 4096 bytes)
21:48:08,282 INFO kernel:Built 1 zonelists, mobility grouping on.  Total pages: 1032067
21:48:08,282 INFO kernel:Policy zone: Normal
21:48:08,282 NOTICE kernel:Kernel command line: method=http://qa.centos.org/centos/8/BaseOS/x86_64/os/ ks=file:/ks.cfg
21:48:08,282 NOTICE kernel:Specific versions of hardware are certified with Red Hat Enterprise Linux 8. Please see the list of hardware certified with Red Hat Enterprise Linux 8 at https://access.redhat.com/ecosystem.
21:48:08,282 INFO kernel:Memory: 3117284K/4193888K available (12292K kernel code, 2117K rwdata, 3780K rodata, 2368K init, 6348K bss, 226208K reserved, 0K cma-reserved)
21:48:08,282 NOTICE kernel:random: get_random_u64 called from cache_random_seq_create+0x7c/0x140 with crng_init=0
21:48:08,282 INFO kernel:SLUB: HWalign=64, Order=0-3, MinObjects=0, CPUs=4, Nodes=1
21:48:08,282 INFO kernel:Kernel/User page tables isolation: enabled
21:48:08,282 INFO kernel:ftrace: allocating 35709 entries in 140 pages
21:48:08,282 INFO kernel:rcu: Hierarchical RCU implementation.
21:48:08,282 INFO kernel:rcu: #011RCU restricting CPUs from NR_CPUS=8192 to nr_cpu_ids=4.
21:48:08,282 INFO kernel:rcu: RCU calculated value of scheduler-enlistment delay is 100 jiffies.
21:48:08,282 INFO kernel:rcu: Adjusting geometry for rcu_fanout_leaf=16, nr_cpu_ids=4
21:48:08,282 INFO kernel:NR_IRQS: 524544, nr_irqs: 456, preallocated irqs: 16
21:48:08,282 INFO kernel:Console: colour VGA+ 80x25
21:48:08,282 INFO kernel:console [tty0] enabled
21:48:08,282 INFO kernel:ACPI: Core revision 20180531
21:48:08,282 INFO kernel:APIC: Switch to symmetric I/O mode setup
21:48:08,282 INFO kernel:..TIMER: vector=0x30 apic1=0 pin1=2 apic2=-1 pin2=-1
21:48:08,282 INFO kernel:tsc: Detected 2199.996 MHz processor
21:48:08,282 INFO kernel:clocksource: tsc-early: mask: 0xffffffffffffffff max_cycles: 0x1fb62f12e8c, max_idle_ns: 440795238402 ns
21:48:08,282 INFO kernel:Calibrating delay loop (skipped) preset value.. 4399.99 BogoMIPS (lpj=2199996)
21:48:08,282 INFO kernel:pid_max: default: 32768 minimum: 301
21:48:08,282 INFO kernel:Security Framework initialized
21:48:08,282 INFO kernel:Yama: becoming mindful.
21:48:08,282 INFO kernel:SELinux:  Initializing.
21:48:08,282 INFO kernel:Dentry cache hash table entries: 524288 (order: 10, 4194304 bytes)
21:48:08,282 INFO kernel:Inode-cache hash table entries: 262144 (order: 9, 2097152 bytes)
21:48:08,282 INFO kernel:Mount-cache hash table entries: 8192 (order: 4, 65536 bytes)
21:48:08,282 INFO kernel:Mountpoint-cache hash table entries: 8192 (order: 4, 65536 bytes)
21:48:08,282 INFO kernel:Last level iTLB entries: 4KB 0, 2MB 0, 4MB 0
21:48:08,282 INFO kernel:Last level dTLB entries: 4KB 0, 2MB 0, 4MB 0, 1GB 0
21:48:08,282 INFO kernel:FEATURE SPEC_CTRL Not Present
21:48:08,282 INFO kernel:FEATURE IBPB_SUPPORT Not Present
21:48:08,283 INFO kernel:Spectre V1 : Mitigation: usercopy/swapgs barriers and __user pointer sanitization
21:48:08,283 INFO kernel:Spectre V2 : Mitigation: Full generic retpoline
21:48:08,283 INFO kernel:Spectre V2 : Spectre v2 / SpectreRSB mitigation: Filling RSB on context switch
21:48:08,283 INFO kernel:Speculative Store Bypass: Vulnerable
21:48:08,283 INFO kernel:MDS: Vulnerable: Clear CPU buffers attempted, no microcode
21:48:08,283 INFO kernel:Freeing SMP alternatives memory: 32K
21:48:08,283 INFO kernel:smpboot: CPU0: Intel QEMU Virtual CPU version 1.5.3 (family: 0x6, model: 0xd, stepping: 0x3)
21:48:08,283 INFO kernel:Performance Events: PMU not available due to virtualization, using software events only.
21:48:08,283 INFO kernel:rcu: Hierarchical SRCU implementation.
21:48:08,283 INFO kernel:NMI watchdog: Perf event create on CPU 0 failed with -2
21:48:08,283 INFO kernel:NMI watchdog: Perf NMI watchdog permanently disabled
21:48:08,283 INFO kernel:smp: Bringing up secondary CPUs ...
21:48:08,283 INFO kernel:x86: Booting SMP configuration:
21:48:08,283 INFO kernel:.... node  #0, CPUs:      #1
21:48:08,283 INFO kernel:kvm-clock: cpu 1, msr 31801041, secondary cpu clock
21:48:08,283 INFO kernel:KVM setup async PF for cpu 1
21:48:08,283 INFO kernel:kvm-stealtime: cpu 1, msr 13baa5040
21:48:08,283 WARNING kernel: #2
21:48:08,283 INFO kernel:kvm-clock: cpu 2, msr 31801081, secondary cpu clock
21:48:08,283 INFO kernel:KVM setup async PF for cpu 2
21:48:08,283 INFO kernel:kvm-stealtime: cpu 2, msr 13bb25040
21:48:08,283 WARNING kernel: #3
21:48:08,283 INFO kernel:kvm-clock: cpu 3, msr 318010c1, secondary cpu clock
21:48:08,283 INFO kernel:KVM setup async PF for cpu 3
21:48:08,283 INFO kernel:kvm-stealtime: cpu 3, msr 13bba5040
21:48:08,283 INFO kernel:smp: Brought up 1 node, 4 CPUs
21:48:08,283 INFO kernel:smpboot: Max logical packages: 4
21:48:08,283 INFO kernel:smpboot: Total of 4 processors activated (17599.96 BogoMIPS)
21:48:08,283 INFO kernel:node 0 initialised, 212599 pages in 9ms
21:48:08,283 INFO kernel:devtmpfs: initialized
21:48:08,283 INFO kernel:x86/mm: Memory block size: 128MB
21:48:08,283 INFO kernel:clocksource: jiffies: mask: 0xffffffff max_cycles: 0xffffffff, max_idle_ns: 1911260446275000 ns
21:48:08,283 INFO kernel:futex hash table entries: 1024 (order: 4, 65536 bytes)
21:48:08,283 INFO kernel:pinctrl core: initialized pinctrl subsystem
21:48:08,283 INFO kernel:NET: Registered protocol family 16
21:48:08,283 INFO kernel:audit: initializing netlink subsys (disabled)
21:48:08,283 NOTICE kernel:audit: type=2000 audit(1578952083.301:1): state=initialized audit_enabled=0 res=1
21:48:08,283 INFO kernel:cpuidle: using governor menu
21:48:08,283 INFO kernel:ACPI: bus type PCI registered
21:48:08,283 INFO kernel:acpiphp: ACPI Hot Plug PCI Controller Driver version: 0.5
21:48:08,283 INFO kernel:PCI: Using configuration type 1 for base access
21:48:08,283 INFO kernel:HugeTLB registered 2.00 MiB page size, pre-allocated 0 pages
21:48:08,283 INFO kernel:cryptd: max_cpu_qlen set to 1000
21:48:08,283 INFO kernel:ACPI: Added _OSI(Module Device)
21:48:08,283 INFO kernel:ACPI: Added _OSI(Processor Device)
21:48:08,283 INFO kernel:ACPI: Added _OSI(3.0 _SCP Extensions)
21:48:08,283 INFO kernel:ACPI: Added _OSI(Processor Aggregator Device)
21:48:08,283 INFO kernel:ACPI: Added _OSI(Linux-Dell-Video)
21:48:08,283 INFO kernel:ACPI: 2 ACPI AML tables successfully acquired and loaded
21:48:08,283 INFO kernel:ACPI: Interpreter enabled
21:48:08,283 INFO kernel:ACPI: (supports S0 S5)
21:48:08,283 INFO kernel:ACPI: Using IOAPIC for interrupt routing
21:48:08,283 INFO kernel:PCI: Using host bridge windows from ACPI; if necessary, use "pci=nocrs" and report a bug
21:48:08,283 INFO kernel:ACPI: Enabled 16 GPEs in block 00 to 0F
21:48:08,283 INFO kernel:ACPI: PCI Root Bridge [PCI0] (domain 0000 [bus 00-ff])
21:48:08,283 INFO kernel:acpi PNP0A03:00: _OSC: OS supports [ASPM ClockPM Segments MSI]
21:48:08,283 WARNING kernel:acpi PNP0A03:00: fail to add MMCONFIG information, can't access extended PCI configuration space under this bridge.
21:48:08,283 INFO kernel:acpiphp: Slot [3] registered
21:48:08,283 INFO kernel:acpiphp: Slot [4] registered
21:48:08,283 INFO kernel:acpiphp: Slot [5] registered
21:48:08,283 INFO kernel:acpiphp: Slot [6] registered
21:48:08,283 INFO kernel:acpiphp: Slot [7] registered
21:48:08,283 INFO kernel:acpiphp: Slot [8] registered
21:48:08,283 INFO kernel:acpiphp: Slot [9] registered
21:48:08,283 INFO kernel:acpiphp: Slot [10] registered
21:48:08,283 INFO kernel:acpiphp: Slot [11] registered
21:48:08,283 INFO kernel:acpiphp: Slot [12] registered
21:48:08,283 INFO kernel:acpiphp: Slot [13] registered
21:48:08,283 INFO kernel:acpiphp: Slot [14] registered
21:48:08,283 INFO kernel:acpiphp: Slot [15] registered
21:48:08,283 INFO kernel:acpiphp: Slot [16] registered
21:48:08,283 INFO kernel:acpiphp: Slot [17] registered
21:48:08,283 INFO kernel:acpiphp: Slot [18] registered
21:48:08,283 INFO kernel:acpiphp: Slot [19] registered
21:48:08,284 INFO kernel:acpiphp: Slot [20] registered
21:48:08,284 INFO kernel:acpiphp: Slot [21] registered
21:48:08,284 INFO kernel:acpiphp: Slot [22] registered
21:48:08,284 INFO kernel:acpiphp: Slot [23] registered
21:48:08,284 INFO kernel:acpiphp: Slot [24] registered
21:48:08,284 INFO kernel:acpiphp: Slot [25] registered
21:48:08,284 INFO kernel:acpiphp: Slot [26] registered
21:48:08,284 INFO kernel:acpiphp: Slot [27] registered
21:48:08,284 INFO kernel:acpiphp: Slot [28] registered
21:48:08,284 INFO kernel:acpiphp: Slot [29] registered
21:48:08,284 INFO kernel:acpiphp: Slot [30] registered
21:48:08,284 INFO kernel:acpiphp: Slot [31] registered
21:48:08,284 INFO kernel:PCI host bridge to bus 0000:00
21:48:08,284 INFO kernel:pci_bus 0000:00: root bus resource [io  0x0000-0x0cf7 window]
21:48:08,284 INFO kernel:pci_bus 0000:00: root bus resource [io  0x0d00-0xffff window]
21:48:08,284 INFO kernel:pci_bus 0000:00: root bus resource [mem 0x000a0000-0x000bffff window]
21:48:08,284 INFO kernel:pci_bus 0000:00: root bus resource [mem 0xc0000000-0xfebfffff window]
21:48:08,284 INFO kernel:pci_bus 0000:00: root bus resource [bus 00-ff]
21:48:08,285 DEBUG kernel:pci 0000:00:00.0: [8086:1237] type 00 class 0x060000
21:48:08,285 DEBUG kernel:pci 0000:00:01.0: [8086:7000] type 00 class 0x060100
21:48:08,285 DEBUG kernel:pci 0000:00:01.1: [8086:7010] type 00 class 0x010180
21:48:08,285 DEBUG kernel:pci 0000:00:01.1: reg 0x20: [io  0xc0c0-0xc0cf]
21:48:08,285 INFO kernel:pci 0000:00:01.1: legacy IDE quirk: reg 0x10: [io  0x01f0-0x01f7]
21:48:08,285 INFO kernel:pci 0000:00:01.1: legacy IDE quirk: reg 0x14: [io  0x03f6]
21:48:08,286 INFO kernel:pci 0000:00:01.1: legacy IDE quirk: reg 0x18: [io  0x0170-0x0177]
21:48:08,286 INFO kernel:pci 0000:00:01.1: legacy IDE quirk: reg 0x1c: [io  0x0376]
21:48:08,286 DEBUG kernel:pci 0000:00:01.2: [8086:7020] type 00 class 0x0c0300
21:48:08,286 DEBUG kernel:pci 0000:00:01.2: reg 0x20: [io  0xc040-0xc05f]
21:48:08,286 DEBUG kernel:pci 0000:00:01.3: [8086:7113] type 00 class 0x068000
21:48:08,286 INFO kernel:pci 0000:00:01.3: quirk: [io  0x0600-0x063f] claimed by PIIX4 ACPI
21:48:08,287 INFO kernel:pci 0000:00:01.3: quirk: [io  0x0700-0x070f] claimed by PIIX4 SMB
21:48:08,287 DEBUG kernel:pci 0000:00:02.0: [1013:00b8] type 00 class 0x030000
21:48:08,287 DEBUG kernel:pci 0000:00:02.0: reg 0x10: [mem 0xfc000000-0xfdffffff pref]
21:48:08,287 DEBUG kernel:pci 0000:00:02.0: reg 0x14: [mem 0xfebd0000-0xfebd0fff]
21:48:08,287 DEBUG kernel:pci 0000:00:02.0: reg 0x30: [mem 0xfebc0000-0xfebcffff pref]
21:48:08,287 DEBUG kernel:pci 0000:00:03.0: [1af4:1000] type 00 class 0x020000
21:48:08,288 DEBUG kernel:pci 0000:00:03.0: reg 0x10: [io  0xc060-0xc07f]
21:48:08,288 DEBUG kernel:pci 0000:00:03.0: reg 0x14: [mem 0xfebd1000-0xfebd1fff]
21:48:08,288 DEBUG kernel:pci 0000:00:03.0: reg 0x30: [mem 0xfeb80000-0xfebbffff pref]
21:48:08,288 DEBUG kernel:pci 0000:00:04.0: [1af4:1003] type 00 class 0x078000
21:48:08,288 DEBUG kernel:pci 0000:00:04.0: reg 0x10: [io  0xc080-0xc09f]
21:48:08,288 DEBUG kernel:pci 0000:00:04.0: reg 0x14: [mem 0xfebd2000-0xfebd2fff]
21:48:08,289 DEBUG kernel:pci 0000:00:05.0: [1af4:1001] type 00 class 0x010000
21:48:08,303 DEBUG kernel:pci 0000:00:05.0: reg 0x10: [io  0xc000-0xc03f]
21:48:08,303 DEBUG kernel:pci 0000:00:05.0: reg 0x14: [mem 0xfebd3000-0xfebd3fff]
21:48:08,303 DEBUG kernel:pci 0000:00:06.0: [1af4:1002] type 00 class 0x00ff00
21:48:08,303 DEBUG kernel:pci 0000:00:06.0: reg 0x10: [io  0xc0a0-0xc0bf]
21:48:08,303 INFO kernel:ACPI: PCI Interrupt Link [LNKA] (IRQs 5 *10 11)
21:48:08,303 INFO kernel:ACPI: PCI Interrupt Link [LNKB] (IRQs 5 *10 11)
21:48:08,303 INFO kernel:ACPI: PCI Interrupt Link [LNKC] (IRQs 5 10 *11)
21:48:08,303 INFO kernel:ACPI: PCI Interrupt Link [LNKD] (IRQs 5 10 *11)
21:48:08,303 INFO kernel:ACPI: PCI Interrupt Link [LNKS] (IRQs *9)
21:48:08,303 INFO kernel:pci 0000:00:02.0: vgaarb: setting as boot VGA device
21:48:08,304 INFO kernel:pci 0000:00:02.0: vgaarb: VGA device added: decodes=io+mem,owns=io+mem,locks=none
21:48:08,304 INFO kernel:pci 0000:00:02.0: vgaarb: bridge control possible
21:48:08,304 INFO kernel:vgaarb: loaded
21:48:08,304 NOTICE kernel:SCSI subsystem initialized
21:48:08,304 INFO kernel:ACPI: bus type USB registered
21:48:08,304 INFO kernel:usbcore: registered new interface driver usbfs
21:48:08,304 INFO kernel:usbcore: registered new interface driver hub
21:48:08,304 INFO kernel:usbcore: registered new device driver usb
21:48:08,304 INFO kernel:pps_core: LinuxPPS API ver. 1 registered
21:48:08,304 INFO kernel:pps_core: Software ver. 5.3.6 - Copyright 2005-2007 Rodolfo Giometti <giometti@linux.it>
21:48:08,304 INFO kernel:PTP clock support registered
21:48:08,304 INFO kernel:EDAC MC: Ver: 3.0.0
21:48:08,304 INFO kernel:PCI: Using ACPI for IRQ routing
21:48:08,304 DEBUG kernel:PCI: pci_cache_line_size set to 64 bytes
21:48:08,304 DEBUG kernel:e820: reserve RAM buffer [mem 0x0009fc00-0x0009ffff]
21:48:08,304 DEBUG kernel:e820: reserve RAM buffer [mem 0xbfffa000-0xbfffffff]
21:48:08,304 INFO kernel:NetLabel: Initializing
21:48:08,304 INFO kernel:NetLabel:  domain hash size = 128
21:48:08,304 INFO kernel:NetLabel:  protocols = UNLABELED CIPSOv4 CALIPSO
21:48:08,304 INFO kernel:NetLabel:  unlabeled traffic allowed by default
21:48:08,304 INFO kernel:clocksource: Switched to clocksource kvm-clock
21:48:08,304 NOTICE kernel:VFS: Disk quotas dquot_6.6.0
21:48:08,304 INFO kernel:VFS: Dquot-cache hash table entries: 512 (order 0, 4096 bytes)
21:48:08,304 INFO kernel:pnp: PnP ACPI init
21:48:08,304 DEBUG kernel:pnp 00:00: Plug and Play ACPI device, IDs PNP0b00 (active)
21:48:08,304 DEBUG kernel:pnp 00:01: Plug and Play ACPI device, IDs PNP0303 (active)
21:48:08,304 DEBUG kernel:pnp 00:02: Plug and Play ACPI device, IDs PNP0f13 (active)
21:48:08,305 DEBUG kernel:pnp 00:03: [dma 2]
21:48:08,305 DEBUG kernel:pnp 00:03: Plug and Play ACPI device, IDs PNP0700 (active)
21:48:08,305 DEBUG kernel:pnp 00:04: Plug and Play ACPI device, IDs PNP0501 (active)
21:48:08,305 DEBUG kernel:pnp 00:05: Plug and Play ACPI device, IDs PNP0501 (active)
21:48:08,305 INFO kernel:pnp: PnP ACPI: found 6 devices
21:48:08,305 INFO kernel:clocksource: acpi_pm: mask: 0xffffff max_cycles: 0xffffff, max_idle_ns: 2085701024 ns
21:48:08,305 DEBUG kernel:pci_bus 0000:00: resource 4 [io  0x0000-0x0cf7 window]
21:48:08,305 DEBUG kernel:pci_bus 0000:00: resource 5 [io  0x0d00-0xffff window]
21:48:08,306 DEBUG kernel:pci_bus 0000:00: resource 6 [mem 0x000a0000-0x000bffff window]
21:48:08,306 DEBUG kernel:pci_bus 0000:00: resource 7 [mem 0xc0000000-0xfebfffff window]
21:48:08,306 INFO kernel:NET: Registered protocol family 2
21:48:08,306 INFO kernel:tcp_listen_portaddr_hash hash table entries: 2048 (order: 3, 32768 bytes)
21:48:08,306 INFO kernel:TCP established hash table entries: 32768 (order: 6, 262144 bytes)
21:48:08,306 INFO kernel:TCP bind hash table entries: 32768 (order: 7, 524288 bytes)
21:48:08,306 INFO kernel:TCP: Hash tables configured (established 32768 bind 32768)
21:48:08,306 INFO kernel:UDP hash table entries: 2048 (order: 4, 65536 bytes)
21:48:08,306 INFO kernel:UDP-Lite hash table entries: 2048 (order: 4, 65536 bytes)
21:48:08,306 INFO kernel:NET: Registered protocol family 1
21:48:08,306 INFO kernel:NET: Registered protocol family 44
21:48:08,306 INFO kernel:pci 0000:00:00.0: Limiting direct PCI/PCI transfers
21:48:08,306 INFO kernel:pci 0000:00:01.0: PIIX3: Enabling Passive Release
21:48:08,306 INFO kernel:pci 0000:00:01.0: Activating ISA DMA hang workarounds
21:48:08,306 INFO kernel:PCI Interrupt Link [LNKD] enabled at IRQ 11
21:48:08,306 INFO kernel:pci 0000:00:02.0: Video device with shadowed ROM at [mem 0x000c0000-0x000dffff]
21:48:08,306 DEBUG kernel:PCI: CLS 0 bytes, default 64
21:48:08,306 INFO kernel:Unpacking initramfs...
21:48:08,306 INFO kernel:Freeing initrd memory: 60660K
21:48:08,306 INFO kernel:PCI-DMA: Using software bounce buffering for IO (SWIOTLB)
21:48:08,306 INFO kernel:software IO TLB: mapped [mem 0xbbffa000-0xbfffa000] (64MB)
21:48:08,306 INFO kernel:clocksource: tsc: mask: 0xffffffffffffffff max_cycles: 0x1fb62f12e8c, max_idle_ns: 440795238402 ns
21:48:08,306 NOTICE kernel:Initialise system trusted keyrings
21:48:08,306 NOTICE kernel:Key type blacklist registered
21:48:08,306 INFO kernel:workingset: timestamp_bits=36 max_order=20 bucket_order=0
21:48:08,306 INFO kernel:zbud: loaded
21:48:08,307 INFO kernel:pstore: using deflate compression
21:48:08,307 NOTICE kernel:Platform Keyring initialized
21:48:08,307 INFO kernel:NET: Registered protocol family 38
21:48:08,307 NOTICE kernel:Key type asymmetric registered
21:48:08,307 NOTICE kernel:Asymmetric key parser 'x509' registered
21:48:08,307 INFO kernel:Block layer SCSI generic (bsg) driver version 0.4 loaded (major 245)
21:48:08,307 INFO kernel:io scheduler mq-deadline registered
21:48:08,307 INFO kernel:io scheduler kyber registered
21:48:08,307 INFO kernel:io scheduler bfq registered
21:48:08,307 INFO kernel:atomic64_test: passed for x86-64 platform with CX8 and with SSE
21:48:08,307 INFO kernel:shpchp: Standard Hot Plug PCI Controller Driver version: 0.4
21:48:08,307 DEBUG kernel:intel_idle: does not run on family 6 model 13
21:48:08,307 INFO kernel:input: Power Button as /devices/LNXSYSTM:00/LNXPWRBN:00/input/input0
21:48:08,307 INFO kernel:ACPI: Power Button [PWRF]
21:48:08,307 INFO kernel:PCI Interrupt Link [LNKC] enabled at IRQ 10
21:48:08,307 INFO kernel:virtio-pci 0000:00:03.0: virtio_pci: leaving for legacy driver
21:48:08,307 INFO kernel:virtio-pci 0000:00:04.0: virtio_pci: leaving for legacy driver
21:48:08,307 INFO kernel:PCI Interrupt Link [LNKA] enabled at IRQ 10
21:48:08,307 INFO kernel:virtio-pci 0000:00:05.0: virtio_pci: leaving for legacy driver
21:48:08,307 INFO kernel:PCI Interrupt Link [LNKB] enabled at IRQ 11
21:48:08,307 INFO kernel:virtio-pci 0000:00:06.0: virtio_pci: leaving for legacy driver
21:48:08,307 INFO kernel:Serial: 8250/16550 driver, 4 ports, IRQ sharing enabled
21:48:08,307 INFO kernel:00:04: ttyS0 at I/O 0x3f8 (irq = 4, base_baud = 115200) is a 16550A
21:48:08,307 INFO kernel:00:05: ttyS1 at I/O 0x2f8 (irq = 3, base_baud = 115200) is a 16550A
21:48:08,307 INFO kernel:Non-volatile memory driver v1.3
21:48:08,307 INFO kernel:rdac: device handler registered
21:48:08,307 INFO kernel:hp_sw: device handler registered
21:48:08,307 INFO kernel:emc: device handler registered
21:48:08,307 INFO kernel:alua: device handler registered
21:48:08,307 INFO kernel:libphy: Fixed MDIO Bus: probed
21:48:08,307 INFO kernel:ehci_hcd: USB 2.0 'Enhanced' Host Controller (EHCI) Driver
21:48:08,307 INFO kernel:ehci-pci: EHCI PCI platform driver
21:48:08,307 INFO kernel:ohci_hcd: USB 1.1 'Open' Host Controller (OHCI) Driver
21:48:08,307 INFO kernel:ohci-pci: OHCI PCI platform driver
21:48:08,307 INFO kernel:uhci_hcd: USB Universal Host Controller Interface driver
21:48:08,308 INFO kernel:uhci_hcd 0000:00:01.2: UHCI Host Controller
21:48:08,308 INFO kernel:uhci_hcd 0000:00:01.2: new USB bus registered, assigned bus number 1
21:48:08,308 INFO kernel:uhci_hcd 0000:00:01.2: detected 2 ports
21:48:08,308 INFO kernel:uhci_hcd 0000:00:01.2: irq 11, io base 0x0000c040
21:48:08,308 INFO kernel:usb usb1: New USB device found, idVendor=1d6b, idProduct=0001, bcdDevice= 4.18
21:48:08,308 INFO kernel:usb usb1: New USB device strings: Mfr=3, Product=2, SerialNumber=1
21:48:08,309 INFO kernel:usb usb1: Product: UHCI Host Controller
21:48:08,314 INFO kernel:usb usb1: Manufacturer: Linux 4.18.0-147.el8.x86_64 uhci_hcd
21:48:08,314 INFO kernel:usb usb1: SerialNumber: 0000:00:01.2
21:48:08,314 INFO kernel:hub 1-0:1.0: USB hub found
21:48:08,314 INFO kernel:hub 1-0:1.0: 2 ports detected
21:48:08,314 INFO kernel:usbcore: registered new interface driver usbserial_generic
21:48:08,314 INFO kernel:usbserial: USB Serial support registered for generic
21:48:08,314 INFO kernel:i8042: PNP: PS/2 Controller [PNP0303:KBD,PNP0f13:MOU] at 0x60,0x64 irq 1,12
21:48:08,314 INFO kernel:serio: i8042 KBD port at 0x60,0x64 irq 1
21:48:08,314 INFO kernel:serio: i8042 AUX port at 0x60,0x64 irq 12
21:48:08,314 INFO kernel:mousedev: PS/2 mouse device common for all mice
21:48:08,314 INFO kernel:input: AT Translated Set 2 keyboard as /devices/platform/i8042/serio0/input/input1
21:48:08,315 INFO kernel:rtc_cmos 00:00: RTC can wake from S4
21:48:08,315 INFO kernel:input: VirtualPS/2 VMware VMMouse as /devices/platform/i8042/serio1/input/input4
21:48:08,315 INFO kernel:rtc_cmos 00:00: registered as rtc0
21:48:08,315 INFO kernel:rtc_cmos 00:00: alarms up to one day, 114 bytes nvram
21:48:08,315 INFO kernel:input: VirtualPS/2 VMware VMMouse as /devices/platform/i8042/serio1/input/input3
21:48:08,315 INFO kernel:hidraw: raw HID events driver (C) Jiri Kosina
21:48:08,315 INFO kernel:usbcore: registered new interface driver usbhid
21:48:08,315 INFO kernel:usbhid: USB HID core driver
21:48:08,315 INFO kernel:drop_monitor: Initializing network drop monitor service
21:48:08,315 INFO kernel:Initializing XFRM netlink socket
21:48:08,315 INFO kernel:NET: Registered protocol family 10
21:48:08,315 INFO kernel:Segment Routing with IPv6
21:48:08,315 INFO kernel:NET: Registered protocol family 17
21:48:08,315 INFO kernel:mpls_gso: MPLS GSO support
21:48:08,315 INFO kernel:core: Using 10 MCE banks
21:48:08,315 INFO kernel:sched_clock: Marking stable (4324177983, 0)->(4715334290, -391156307)
21:48:08,315 INFO kernel:registered taskstats version 1
21:48:08,315 NOTICE kernel:Loading compiled-in X.509 certificates
21:48:08,315 NOTICE kernel:Loaded X.509 cert 'CentOS Linux kernel signing key: 62fbda82fd66838262339185658780cd50698acd'
21:48:08,315 NOTICE kernel:Loaded X.509 cert 'CentOS Linux Driver update signing key: 29bd4c0d06d2e9911044b5dc973309139b51d6d5'
21:48:08,315 NOTICE kernel:Loaded X.509 cert 'CentOS Linux kpatch signing key: b49f086205909dc4da2cfa99376fb191d2f09e78'
21:48:08,315 INFO kernel:zswap: loaded using pool lzo/zbud
21:48:08,315 NOTICE kernel:Key type big_key registered
21:48:08,315 NOTICE kernel:Key type encrypted registered
21:48:08,315 INFO kernel:ima: No TPM chip found, activating TPM-bypass!
21:48:08,315 INFO kernel:ima: Allocated hash algorithm: sha1
21:48:08,315 INFO kernel:evm: Initialising EVM extended attributes:
21:48:08,315 INFO kernel:evm: security.selinux
21:48:08,315 INFO kernel:evm: security.ima
21:48:08,315 INFO kernel:evm: security.capability
21:48:08,315 INFO kernel:evm: HMAC attrs: 0x1
21:48:08,315 INFO kernel:rtc_cmos 00:00: setting system clock to 2020-01-13 21:48:07 UTC (1578952087)
21:48:08,315 INFO kernel:Freeing unused decrypted memory: 2040K
21:48:08,315 INFO kernel:Freeing unused kernel memory: 2368K
21:48:08,315 INFO kernel:Write protecting the kernel read-only data: 18432k
21:48:08,315 INFO kernel:Freeing unused kernel memory: 2020K
21:48:08,315 INFO kernel:Freeing unused kernel memory: 316K
21:48:08,315 INFO systemd:systemd 239 running in system mode. (+PAM +AUDIT +SELINUX +IMA -APPARMOR +SMACK +SYSVINIT +UTMP +LIBCRYPTSETUP +GCRYPT +GNUTLS +ACL +XZ +LZ4 +SECCOMP +BLKID +ELFUTILS +KMOD +IDN2 -IDN +PCRE2 default-hierarchy=legacy)
21:48:08,315 INFO systemd:Detected virtualization kvm.
21:48:08,315 INFO systemd:Detected architecture x86-64.
21:48:08,315 INFO systemd:Running in initial RAM disk.
21:48:08,315 INFO systemd:No hostname configured.
21:48:08,315 INFO systemd:Set hostname to <localhost>.
21:48:08,315 INFO systemd:Initializing machine ID from KVM UUID.
21:48:08,315 NOTICE kernel:random: ln: uninitialized urandom read (6 bytes read)
21:48:08,315 NOTICE kernel:random: ln: uninitialized urandom read (6 bytes read)
21:48:08,315 NOTICE kernel:random: systemd: uninitialized urandom read (16 bytes read)
21:48:08,315 INFO systemd:Listening on Journal Socket (/dev/log).
21:48:08,315 INFO systemd:Reached target Initrd Root Device.
21:48:08,315 INFO systemd:Reached target Slices.
21:48:08,315 INFO kernel:Loading iSCSI transport class v2.0-870.
21:48:08,315 INFO kernel:BIOS EDD facility v0.16 2004-Jun-25, 1 devices found
21:48:08,315 INFO systemd-journald:Journal started
21:48:08,315 INFO systemd-journald:Runtime journal (/run/log/journal/a62e3178c0c34c5984c4b39cffe1c1d9) is 8.0M, max 197.0M, 189.0M free.
21:48:08,316 INFO rngd:Initalizing available sources
21:48:08,316 INFO rngd:Failed to init entropy source hwrng
21:48:08,316 INFO rngd:Failed to init entropy source rdrand
21:48:08,317 INFO dracut-cmdline:dracut-8 (Core) dracut-049-27.git20190906.el8
21:48:08,317 INFO dracut-cmdline:Using kernel command line parameters: method=http://qa.centos.org/centos/8/BaseOS/x86_64/os/ ks=file:/ks.cfg
21:48:08,553 INFO dracut-cmdline:Loading CentOS Linux 8 x86_64 installer...
21:48:08,689 INFO dracut-cmdline:Warning: 'method=' is deprecated. Using 'repo=http://qa.centos.org/centos/8/BaseOS/x86_64/os/' instead.
21:48:08,836 INFO dracut-cmdline:anaconda: parsing kickstart /ks.cfg
21:48:09,532 INFO rngd:Enabling JITTER rng support
21:48:09,532 INFO rngd:Initalizing entropy source jitter
21:48:09,533 NOTICE kernel:random: crng init done
21:48:09,533 NOTICE kernel:random: 7 urandom warning(s) missed due to ratelimiting
21:48:09,794 INFO dracut-cmdline:parse-kickstart WARNING: No device with link found for --device=link
21:48:09,900 INFO dracut-cmdline:rd.luks=0: removing cryptoluks activation
21:48:09,925 INFO dracut-cmdline:rd.lvm=0: removing LVM activation
21:48:09,958 NOTICE kernel:iscsi: registered transport (tcp)
21:48:09,979 NOTICE kernel:iscsi: registered transport (qla4xxx)
21:48:09,979 INFO kernel:QLogic iSCSI HBA Driver
21:48:09,986 INFO kernel:libcxgbi:libcxgbi_init_module: Chelsio iSCSI driver library libcxgbi v0.9.1-ko (Apr. 2015)
21:48:10,015 INFO kernel:Chelsio T4-T6 iSCSI Driver cxgb4i v0.9.5-ko (Apr. 2015)
21:48:10,015 NOTICE kernel:iscsi: registered transport (cxgb4i)
21:48:10,022 INFO kernel:cnic: QLogic cnicDriver v2.5.22 (July 20, 2015)
21:48:10,027 INFO kernel:QLogic NetXtreme II iSCSI Driver bnx2i v2.7.10.1 (Jul 16, 2014)
21:48:10,027 NOTICE kernel:iscsi: registered transport (bnx2i)
21:48:10,036 NOTICE kernel:iscsi: registered transport (be2iscsi)
21:48:10,036 INFO kernel:In beiscsi_module_init, tt=00000000b406e9c8
21:48:10,082 INFO systemd:Started dracut cmdline hook.
21:48:10,083 INFO systemd:Starting dracut pre-udev hook...
21:48:10,134 INFO kernel:squashfs: version 4.0 (2009/01/31) Phillip Lougher
21:48:10,150 INFO dracut-pre-udev:modprobe: FATAL: Module floppy not found in directory /lib/modules/4.18.0-147.el8.x86_64
21:48:10,170 INFO kernel:No iBFT detected.
21:48:10,245 INFO kernel:raid6: sse2x1   gen() 10406 MB/s
21:48:10,261 INFO kernel:raid6: sse2x1   xor()  7169 MB/s
21:48:10,278 INFO kernel:raid6: sse2x2   gen() 12136 MB/s
21:48:10,295 INFO kernel:raid6: sse2x2   xor()  8058 MB/s
21:48:10,312 INFO kernel:raid6: sse2x4   gen() 14125 MB/s
21:48:10,329 INFO kernel:raid6: sse2x4   xor()  9250 MB/s
21:48:10,329 INFO kernel:raid6: using algorithm sse2x4 gen() 14125 MB/s
21:48:10,329 INFO kernel:raid6: .... xor() 9250 MB/s, rmw enabled
21:48:10,329 INFO kernel:raid6: using intx1 recovery algorithm
21:48:10,331 INFO kernel:async_tx: api initialized (async)
21:48:10,333 INFO kernel:xor: measuring software checksum speed
21:48:10,343 INFO kernel:   prefetch64-sse: 19120.000 MB/sec
21:48:10,352 INFO kernel:   generic_sse: 17464.000 MB/sec
21:48:10,352 INFO kernel:xor: using function: prefetch64-sse (19120.000 MB/sec)
21:48:10,421 INFO kernel:device-mapper: uevent: version 1.0.3
21:48:10,421 INFO kernel:device-mapper: ioctl: 4.39.0-ioctl (2018-04-03) initialised: dm-devel@redhat.com
21:48:10,477 INFO kernel:device-mapper: multipath round-robin: version 1.2.0 loaded
21:48:10,529 INFO dracut-pre-udev:modprobe: ERROR: could not insert 'sha256_mb': No such device
21:48:10,611 INFO kernel:RPC: Registered named UNIX socket transport module.
21:48:10,611 INFO kernel:RPC: Registered udp transport module.
21:48:10,611 INFO kernel:RPC: Registered tcp transport module.
21:48:10,612 INFO kernel:RPC: Registered tcp NFSv4.1 backchannel transport module.
21:48:10,640 NOTICE rpc.statd:Version 2.3.3 starting
21:48:10,642 NOTICE rpc.statd:Initializing NSM state
21:48:10,643 WARNING rpc.statd:Running as root.  chown /var/lib/nfs/statd to choose different user
21:48:10,658 WARNING rpc.idmapd:Setting log level to 0
21:48:10,678 INFO systemd:Started dracut pre-udev hook.
21:48:10,680 INFO systemd:Starting udev Kernel Device Manager...
21:48:11,016 INFO systemd:Started udev Kernel Device Manager.
21:48:11,018 INFO systemd:Starting dracut pre-trigger hook...
21:48:11,034 INFO lldpad:config file failed to load,
21:48:11,034 INFO lldpad:create a new file.
21:48:11,034 INFO lldpad:bound ctrl iface to /com/intel/lldpad
21:48:11,035 INFO dracut-pre-trigger:706
21:48:11,044 INFO dracut-pre-trigger:rd.md=0: removing MD RAID activation
21:48:11,120 INFO systemd:Started dracut pre-trigger hook.
21:48:11,122 INFO systemd:Starting udev Coldplug all Devices...
21:48:11,162 INFO systemd:Mounting Kernel Configuration File System...
21:48:11,167 INFO systemd:Mounted Kernel Configuration File System.
21:48:11,188 INFO systemd:Started udev Coldplug all Devices.
21:48:11,190 INFO systemd:Starting Show Plymouth Boot Screen...
21:48:11,193 INFO systemd:Starting udev Wait for Complete Device Initialization...
21:48:11,203 NOTICE kernel:virtio_blk virtio2: [vda] 20971520 512-byte logical blocks (10.7 GB/10.0 GiB)
21:48:11,272 INFO systemd:Received SIGRTMIN+20 from PID 807 (plymouthd).
21:48:11,285 INFO systemd:Started Show Plymouth Boot Screen.
21:48:11,285 INFO systemd:Started Forward Password Requests to Plymouth Directory Watch.
21:48:11,285 INFO systemd:Reached target Local Encrypted Volumes.
21:48:11,285 INFO systemd:Reached target Paths.
21:48:11,318 DEBUG kernel:libata version 3.00 loaded.
21:48:11,320 DEBUG kernel:ata_piix 0000:00:01.1: version 2.13
21:48:11,327 INFO kernel:8021q: 802.1Q VLAN Support v1.8
21:48:11,335 INFO kernel:scsi host0: ata_piix
21:48:11,351 INFO kernel:scsi host1: ata_piix
21:48:11,351 INFO kernel:ata1: PATA max MWDMA2 cmd 0x1f0 ctl 0x3f6 bmdma 0xc0c0 irq 14
21:48:11,351 INFO kernel:ata2: PATA max MWDMA2 cmd 0x170 ctl 0x376 bmdma 0xc0c8 irq 15
21:48:11,353 INFO systemd-udevd:link_config: autonegotiation is unset or enabled, the speed and duplex are not writable.
21:48:11,372 INFO kernel:virtio_net virtio0 ens3: renamed from eth0
21:48:11,372 INFO systemd-udevd:link_config: autonegotiation is unset or enabled, the speed and duplex are not writable.
21:48:11,394 INFO kernel:cirrus 0000:00:02.0: vgaarb: deactivate vga console
21:48:11,431 INFO kernel:Console: switching to colour dummy device 80x25
21:48:11,431 INFO kernel:[TTM] Zone  kernel: Available graphics memory: 2017558 kiB
21:48:11,431 INFO kernel:[TTM] Initializing pool allocator
21:48:11,431 INFO kernel:[TTM] Initializing DMA pool allocator
21:48:11,431 INFO kernel:[drm] fb mappable at 0xFC000000
21:48:11,431 INFO kernel:[drm] vram aper at 0xFC000000
21:48:11,431 INFO kernel:[drm] size 33554432
21:48:11,431 INFO kernel:[drm] fb depth is 16
21:48:11,431 INFO kernel:[drm]    pitch is 2048
21:48:11,431 INFO kernel:fbcon: cirrusdrmfb (fb0) is primary device
21:48:11,439 INFO kernel:Console: switching to colour frame buffer device 128x48
21:48:11,440 INFO kernel:cirrus 0000:00:02.0: fb0: cirrusdrmfb frame buffer device
21:48:11,444 INFO kernel:[drm] Initialized cirrus 1.0.0 20110418 for 0000:00:02.0 on minor 0
21:48:11,519 INFO systemd:Started udev Wait for Complete Device Initialization.
21:48:11,520 INFO systemd:Starting Device-Mapper Multipath Device Controller...
21:48:11,523 INFO systemd:Started Device-Mapper Multipath Device Controller.
21:48:11,524 INFO systemd:Starting Open-iSCSI...
21:48:11,525 INFO systemd:Reached target Local File Systems (Pre).
21:48:11,525 INFO systemd:Reached target Local File Systems.
21:48:11,526 INFO systemd:Starting Create Volatile Files and Directories...
21:48:11,528 INFO multipathd:--------start up--------
21:48:11,528 INFO multipathd:read /etc/multipath.conf
21:48:11,529 INFO iscsid:iscsid: can't open InitiatorName configuration file /etc/iscsi/initiatorname.iscsi
21:48:11,529 INFO iscsid:iscsid: Warning: InitiatorName file /etc/iscsi/initiatorname.iscsi does not exist or does not contain a properly formatted InitiatorName. If using software iscsi (iscsi_tcp or ib_iser) or partial offload (bnx2i or cxgbi iscsi), you may not be able to log into or discover targets. Please create a file /etc/iscsi/initiatorname.iscsi that contains a sting with the format: InitiatorName=iqn.yyyy-mm.<reversed domain name>[:identifier].
21:48:11,529 INFO iscsid:Example: InitiatorName=iqn.2001-04.com.redhat:fc6.
21:48:11,529 INFO iscsid:If using hardware iscsi like qla4xxx this message can be ignored.
21:48:11,529 INFO iscsid:iscsid: can't open InitiatorAlias configuration file /etc/iscsi/initiatorname.iscsi
21:48:11,531 INFO multipathd:path checkers start up
21:48:11,534 INFO systemd:Started Open-iSCSI.
21:48:11,534 INFO systemd:Starting dracut initqueue hook...
21:48:11,538 INFO systemd:Started Create Volatile Files and Directories.
21:48:11,538 INFO systemd:Reached target System Initialization.
21:48:11,538 INFO systemd:Reached target Basic System.
21:48:11,566 INFO systemd:Reloading.
21:48:11,653 INFO kernel:IPv6: ADDRCONF(NETDEV_UP): ens3: link is not ready
21:48:11,653 INFO kernel:8021q: adding VLAN 0 to HW filter on device ens3
21:48:11,663 INFO dracut-initqueue:Starting dhcp for interface ens3
21:48:11,686 INFO dracut-initqueue:dhcp: PREINIT ens3 up
21:48:11,705 INFO dhclient:Created duid "\000\004\246.1x\300\303LY\204\304\263\234\377\341\301\331".
21:48:11,705 INFO dhclient:DHCPDISCOVER on ens3 to 255.255.255.255 port 67 interval 7 (xid=0x40256454)
21:48:12,319 INFO kernel:IPv6: ADDRCONF(NETDEV_CHANGE): ens3: link becomes ready
21:48:16,793 INFO dhclient:DHCPREQUEST on ens3 to 255.255.255.255 port 67 (xid=0x40256454)
21:48:16,794 INFO dhclient:DHCPOFFER from 192.168.122.1
21:48:16,794 INFO dhclient:DHCPACK from 192.168.122.1 (xid=0x40256454)
21:48:16,820 INFO dracut-initqueue:dhcp: BOND setting ens3
21:48:18,840 INFO dhclient:bound to 192.168.122.70 -- renewal in 1706 seconds.
21:48:18,864 INFO dracut-initqueue:RTNETLINK answers: File exists
21:48:19,469 INFO dracut-initqueue:anaconda: stage2 locations are: http://qa.centos.org/centos/8/BaseOS/x86_64/os/
21:48:19,469 INFO dracut-initqueue:anaconda: fetching stage2 from http://qa.centos.org/centos/8/BaseOS/x86_64/os/
21:48:19,538 INFO dracut-initqueue:  % Total    % Received % Xferd  Average Speed   Time    Time     Time  Current
21:48:19,538 INFO dracut-initqueue:                                 Dload  Upload   Total   Spent    Left  Speed
21:48:29,868 INFO dracut-initqueue:#015  0     0    0     0    0     0      0      0 --:--:-- --:--:-- --:--:--     0#015  6  508M    6 33.3M    0     0  55.9M      0  0:00:09 --:--:--  0:00:09 55.8M#015 17  508M   17 89.4M    0     0  56.0M      0  0:00:09  0:00:01  0:00:08 56.0M#015 28  508M   28  145M    0     0  56.0M      0  0:00:09  0:00:02  0:00:07 56.0M#015 39  508M   39  201M    0     0  56.0M      0  0:00:09  0:00:03  0:00:06 56.0M#015 50  508M   50  257M    0     0  56.0M      0  0:00:09  0:00:04  0:00:05 56.0M#015 61  508M   61  313M    0     0  56.0M      0  0:00:09  0:00:05  0:00:04 56.1M#015 72  508M   72  369M    0     0  56.0M      0  0:00:09  0:00:06  0:00:03 56.1M#015 81  508M   81  414M    0     0  54.5M      0  0:00:09  0:00:07  0:00:02 53.6M#015 88  508M   88  451M    0     0  52.5M      0  0:00:09  0:00:08  0:00:01 49.9M#015 95  508M   95  487M    0     0  50.7M      0  0:00:10  0:00:09  0:00:01 45.9M#015100  508M  100  508M    0     0  49.2M      0  0:00:10  0:00:10 --:--:-- 41.1M
21:48:29,873 INFO dracut-initqueue:anaconda: successfully fetched stage2 from http://qa.centos.org/centos/8/BaseOS/x86_64/os/
21:48:30,009 INFO kernel:loop: module loaded
21:48:30,148 INFO systemd:Started dracut initqueue hook.
21:48:30,149 INFO systemd:Starting dracut pre-mount hook...
21:48:30,149 INFO systemd:Reached target Remote File Systems (Pre).
21:48:30,150 INFO systemd:Reached target Remote File Systems.
21:48:30,162 INFO systemd:Started dracut pre-mount hook.
21:48:30,162 INFO systemd:Reached target Initrd Root File System.
21:48:30,163 INFO systemd:Starting Reload Configuration from the Real Root...
21:48:30,169 INFO systemd:Reloading.
21:48:30,249 INFO systemd:Started Reload Configuration from the Real Root.
21:48:30,250 INFO systemd:Starting dracut mount hook...
21:48:30,250 INFO systemd:Reached target Initrd File Systems.
21:48:30,251 INFO systemd:Reached target Initrd Default Target.
21:48:30,351 INFO kernel:EXT4-fs (dm-0): mounted filesystem with ordered data mode. Opts: (null)
21:48:30,376 INFO systemd:Started dracut mount hook.
21:48:30,377 INFO systemd:Starting dracut pre-pivot and cleanup hook...
21:48:31,658 INFO systemd:Started dracut pre-pivot and cleanup hook.
21:48:31,660 INFO systemd:Starting Cleaning Up and Shutting Down Daemons...
21:48:31,669 INFO systemd:Stopped target Timers.
21:48:31,670 INFO systemd:Starting Setup Virtual Console...
21:48:31,671 INFO systemd:Starting Plymouth switch root service...
21:48:31,671 INFO systemd:Stopped dracut pre-pivot and cleanup hook.
21:48:31,671 INFO systemd:Stopped target Initrd Default Target.
21:48:31,671 INFO systemd:Stopped target Initrd Root Device.
21:48:31,672 INFO systemd:Stopped target Basic System.
21:48:31,673 INFO systemd:Stopped target Slices.
21:48:31,673 INFO systemd:Stopped target Sockets.
21:48:31,673 INFO systemd:Stopped target System Initialization.
21:48:31,674 INFO systemd:Stopped target Swap.
21:48:31,677 INFO systemd:Stopped Apply Kernel Variables.
21:48:31,678 INFO systemd:Stopped Create Volatile Files and Directories.
21:48:31,678 INFO systemd:Stopped target Local File Systems.
21:48:31,678 INFO systemd:Stopped target Local File Systems (Pre).
21:48:31,679 INFO systemd:Stopped target Remote File Systems.
21:48:31,679 INFO systemd:Stopped target Remote File Systems (Pre).
21:48:31,680 INFO systemd:Stopped dracut mount hook.
21:48:31,681 INFO systemd:Stopped dracut pre-mount hook.
21:48:31,681 INFO systemd:Stopped target Local Encrypted Volumes.
21:48:31,682 INFO systemd:Stopped dracut initqueue hook.
21:48:31,682 INFO systemd:Stopping Open-iSCSI...
21:48:31,683 INFO systemd:Stopped target Paths.
21:48:31,684 INFO systemd:Started Setup Virtual Console.
21:48:31,685 INFO systemd:Started Plymouth switch root service.
21:48:31,686 INFO iscsid:iscsid: iscsid shutting down.
21:48:31,687 INFO systemd:Started Cleaning Up and Shutting Down Daemons.
21:48:31,690 INFO systemd:Stopped Open-iSCSI.
21:48:31,691 INFO systemd:Stopping iSCSI UserSpace I/O driver...
21:48:31,691 INFO systemd:Stopping Device-Mapper Multipath Device Controller...
21:48:31,692 INFO systemd:Closed Open-iSCSI iscsid Socket.
21:48:31,694 INFO systemd:Stopped iSCSI UserSpace I/O driver.
21:48:31,694 INFO systemd:Closed Open-iSCSI iscsiuio Socket.
21:48:31,699 INFO multipathd:ok
21:48:31,699 INFO multipathd:--------shut down-------
21:48:31,707 INFO systemd:Stopped Device-Mapper Multipath Device Controller.
21:48:31,707 INFO systemd:Stopped udev Wait for Complete Device Initialization.
21:48:31,707 INFO systemd:Stopped udev Coldplug all Devices.
21:48:31,707 INFO systemd:Stopped dracut pre-trigger hook.
21:48:31,707 INFO systemd:Stopping udev Kernel Device Manager...
21:48:31,722 INFO systemd:Stopped udev Kernel Device Manager.
21:48:31,722 INFO systemd:Stopped Create Static Device Nodes in /dev.
21:48:31,722 INFO systemd:Stopped Create list of required static device nodes for the current kernel.
21:48:31,722 INFO systemd:Stopped dracut pre-udev hook.
21:48:31,722 INFO systemd:Stopped dracut cmdline hook.
21:48:31,724 INFO systemd:Stopping Hardware RNG Entropy Gatherer Daemon...
21:48:31,724 INFO systemd:Closed udev Kernel Socket.
21:48:31,725 INFO systemd:Closed udev Control Socket.
21:48:31,727 INFO systemd:Starting Cleanup udevd DB...
21:48:31,727 INFO systemd:Stopped Hardware RNG Entropy Gatherer Daemon.
21:48:31,734 INFO systemd:Started Cleanup udevd DB.
21:48:31,734 INFO systemd:Reached target Switch Root.
21:48:31,736 INFO systemd:Starting Switch Root...
21:48:31,745 NOTICE systemd:Switching root.
21:48:31,763 INFO systemd-journald:Journal stopped
21:48:33,991 INFO systemd-journald:Received SIGTERM from PID 1 (systemd).
21:48:33,991 WARNING kernel:systemd: 22 output lines suppressed due to ratelimiting
21:48:33,991 INFO kernel:SELinux:  policy capability network_peer_controls=1
21:48:33,991 INFO kernel:SELinux:  policy capability open_perms=1
21:48:33,991 INFO kernel:SELinux:  policy capability extended_socket_class=1
21:48:33,991 INFO kernel:SELinux:  policy capability always_check_network=0
21:48:33,991 INFO kernel:SELinux:  policy capability cgroup_seclabel=1
21:48:33,991 INFO kernel:SELinux:  policy capability nnp_nosuid_transition=1
21:48:33,991 NOTICE kernel:audit: type=1403 audit(1578952112.874:2): auid=4294967295 ses=4294967295 lsm=selinux res=1
21:48:33,991 INFO systemd:Successfully loaded SELinux policy in 600.175ms.
21:48:33,991 INFO systemd:Relabelled /dev, /run and /sys/fs/cgroup in 26.227ms.
21:48:33,991 INFO systemd:systemd 239 running in system mode. (+PAM +AUDIT +SELINUX +IMA -APPARMOR +SMACK +SYSVINIT +UTMP +LIBCRYPTSETUP +GCRYPT +GNUTLS +ACL +XZ +LZ4 +SECCOMP +BLKID +ELFUTILS +KMOD +IDN2 -IDN +PCRE2 default-hierarchy=legacy)
21:48:33,991 INFO systemd:Detected virtualization kvm.
21:48:33,991 INFO systemd:Detected architecture x86-64.
21:48:33,991 INFO systemd:Stopped Switch Root.
21:48:33,991 INFO systemd:systemd-journald.service: Service has no hold-off time (RestartSec=0), scheduling restart.
21:48:33,991 INFO systemd:systemd-journald.service: Scheduled restart job, restart counter is at 1.
21:48:33,991 INFO systemd:Stopped Journal Service.
21:48:33,991 INFO systemd:Starting Journal Service...
21:48:33,991 INFO systemd:Stopped target Switch Root.
21:48:33,991 INFO systemd:Mounting Kernel Debug File System...
21:48:33,991 INFO systemd-journald:Journal started
21:48:33,991 INFO systemd-journald:Runtime journal (/run/log/journal/b4125ef2ab544937a77a1e509fed972c) is 8.0M, max 197.0M, 189.0M free.
21:48:33,991 NOTICE systemd-tmpfiles:[/usr/lib/tmpfiles.d/mdadm.conf:1] Line references path below legacy directory /var/run/, updating /var/run/mdadm  /run/mdadm; please update the tmpfiles.d/ drop-in file accordingly.
21:48:33,993 INFO systemd:Started Rebuild Hardware Database.
21:48:33,994 INFO systemd:Starting udev Kernel Device Manager...
21:48:33,995 INFO systemd:Starting Flush Journal to Persistent Storage...
21:48:34,008 INFO systemd-journald:Runtime journal (/run/log/journal/b4125ef2ab544937a77a1e509fed972c) is 8.0M, max 197.0M, 189.0M free.
21:48:34,012 INFO systemd:Started Flush Journal to Persistent Storage.
21:48:34,346 INFO systemd:Started udev Kernel Device Manager.
21:48:34,417 INFO kernel:piix4_smbus 0000:00:01.3: SMBus Host Controller at 0x700, revision 0
21:48:34,448 INFO kernel:input: PC Speaker as /devices/platform/pcspkr/input/input5
21:48:34,452 INFO systemd-udevd:link_config: autonegotiation is unset or enabled, the speed and duplex are not writable.
21:48:34,529 INFO systemd-udevd:link_config: autonegotiation is unset or enabled, the speed and duplex are not writable.
21:48:34,654 INFO systemd:Started udev Wait for Complete Device Initialization.
21:48:34,655 INFO systemd:Starting Device-Mapper Multipath Device Controller...
21:48:34,777 INFO multipathd:--------start up--------
21:48:34,777 INFO multipathd:read /etc/multipath.conf
21:48:34,785 INFO multipathd:path checkers start up
21:48:34,795 INFO systemd:Started Device-Mapper Multipath Device Controller.
21:48:34,795 INFO systemd:Reached target Local File Systems (Pre).
21:48:34,795 INFO systemd:Reached target Local File Systems.
21:48:34,796 INFO systemd:Starting Rebuild Dynamic Linker Cache...
21:48:34,799 INFO systemd:Starting Tell Plymouth To Write Out Runtime Data...
21:48:34,800 INFO systemd:Starting Import network configuration from initramfs...
21:48:34,802 INFO systemd:Starting Rebuild Journal Catalog...
21:48:34,862 INFO systemd:Started Tell Plymouth To Write Out Runtime Data.
21:48:34,893 INFO systemd:Started Rebuild Journal Catalog.
21:48:34,916 INFO systemd:Started Import network configuration from initramfs.
21:48:34,916 INFO systemd:Starting Create Volatile Files and Directories...
21:48:34,927 NOTICE systemd-tmpfiles:[/usr/lib/tmpfiles.d/mdadm.conf:1] Line references path below legacy directory /var/run/, updating /var/run/mdadm  /run/mdadm; please update the tmpfiles.d/ drop-in file accordingly.
21:48:34,973 INFO systemd:Started Create Volatile Files and Directories.
21:48:34,974 INFO systemd:Starting Update UTMP about System Boot/Shutdown...
21:48:34,988 INFO systemd:Started Update UTMP about System Boot/Shutdown.
21:48:36,582 INFO systemd:Started Rebuild Dynamic Linker Cache.
21:48:36,583 INFO systemd:Starting Update is Completed...
21:48:36,598 INFO systemd:Started Update is Completed.
21:48:36,598 INFO systemd:Reached target System Initialization.
21:48:36,598 INFO systemd:Started Daily Cleanup of Temporary Directories.
21:48:36,598 INFO systemd:Reached target Timers.
21:48:36,599 INFO systemd:Listening on Open-iSCSI iscsiuio Socket.
21:48:36,600 INFO systemd:Listening on D-Bus System Message Bus Socket.
21:48:36,600 INFO systemd:Listening on Open-iSCSI iscsid Socket.
21:48:36,600 INFO systemd:Reached target Sockets.
21:48:36,600 INFO systemd:Reached target Basic System.
21:48:36,600 INFO systemd:Starting Login Service...
21:48:36,601 INFO systemd:Starting Terminate Plymouth Boot Screen...
21:48:36,603 INFO systemd:Starting OpenSSH ecdsa Server Key Generation...
21:48:36,604 INFO systemd:Starting Service enabling compressing RAM with zRam...
21:48:36,605 INFO systemd:Started Hardware RNG Entropy Gatherer Daemon.
21:48:36,606 INFO systemd:Starting Hold until boot process finishes up...
21:48:36,607 INFO systemd:Starting OpenSSH ed25519 Server Key Generation...
21:48:36,608 INFO systemd:Starting OpenSSH rsa Server Key Generation...
21:48:36,609 INFO systemd:Starting Anaconda NetworkManager configuration...
21:48:36,610 INFO systemd:Starting pre-anaconda logging service...
21:48:36,612 INFO zramswapon:+ MAX_RAM_ON=2097152
21:48:36,612 INFO zramswapon:++ grep -E --only-matching '[[:digit:]]+'
21:48:36,614 INFO systemd:Received SIGRTMIN+21 from PID 807 (plymouthd).
21:48:36,616 INFO zramswapon:++ grep MemTotal /proc/meminfo
21:48:36,618 INFO zramswapon:+ mem_total_kb=4035116
21:48:36,618 INFO zramswapon:+ grep -E 'inst\.zram=(on|1)' /proc/cmdline
21:48:36,621 INFO zramswapon:+ force=1
21:48:36,621 INFO zramswapon:+ '[' '(' 4035116 -gt 2097152 ')' -a '(' 1 '!=' 0 ')' ']'
21:48:36,621 INFO zramswapon:+ exit 0
21:48:36,621 INFO systemd:Started Service enabling compressing RAM with zRam.
21:48:36,625 INFO rngd:Initalizing available sources
21:48:36,625 INFO rngd:Failed to init entropy source hwrng
21:48:36,625 INFO rngd:Failed to init entropy source rdrand
21:48:36,627 INFO systemd:Started Hold until boot process finishes up.
21:48:36,627 INFO systemd:Started Terminate Plymouth Boot Screen.
21:48:36,628 INFO systemd:Started Anaconda NetworkManager configuration.
21:48:36,629 INFO systemd:Starting Network Manager...
21:48:36,732 INFO systemd:Started pre-anaconda logging service.
21:48:36,817 INFO systemd:Started OpenSSH ed25519 Server Key Generation.
21:48:36,819 INFO systemd:Started OpenSSH ecdsa Server Key Generation.
21:48:36,861 DEBUG NetworkManager:<debug> [1578952116.8616] monotonic timestamp started counting 1.727508366 seconds ago with an offset of 32.0 seconds to CLOCK_BOOTTIME (local time is 2020-01-13 21:48:36)
21:48:36,862 INFO NetworkManager:<info>  [1578952116.8617] NetworkManager (version 1.20.0-3.el8) is starting... (for the first time)
21:48:36,862 INFO NetworkManager:<info>  [1578952116.8617] Read config: /etc/NetworkManager/NetworkManager.conf (run: 10-dracut-dhclient.conf) (etc: 80-anaconda-no-ibft.conf, 90-anaconda-no-auto-default.conf, 91-anaconda-autoconnect-slaves.conf, 92-anaconda-loglevel-debug.conf)
21:48:36,862 DEBUG NetworkManager:<debug> [1578952116.8617] CONFIG: config-data[0x560206de6840]: 3 groups
21:48:36,862 DEBUG NetworkManager:<debug> [1578952116.8617] CONFIG: 
21:48:36,862 DEBUG NetworkManager:<debug> [1578952116.8617] CONFIG: [main]
21:48:36,862 DEBUG NetworkManager:<debug> [1578952116.8617] CONFIG:   dhcp=dhclient
21:48:36,862 DEBUG NetworkManager:<debug> [1578952116.8617] CONFIG:   plugins=ifcfg-rh,no-ibft
21:48:36,862 DEBUG NetworkManager:<debug> [1578952116.8617] CONFIG:   no-auto-default=*
21:48:36,862 DEBUG NetworkManager:<debug> [1578952116.8617] CONFIG: 
21:48:36,862 DEBUG NetworkManager:<debug> [1578952116.8618] CONFIG: [logging]
21:48:36,862 DEBUG NetworkManager:<debug> [1578952116.8618] CONFIG:   level=DEBUG
21:48:36,862 DEBUG NetworkManager:<debug> [1578952116.8618] CONFIG: 
21:48:36,862 DEBUG NetworkManager:<debug> [1578952116.8618] CONFIG: [connection]
21:48:36,862 DEBUG NetworkManager:<debug> [1578952116.8618] CONFIG:   connection.autoconnect-slaves=1
21:48:36,863 DEBUG NetworkManager:<debug> [1578952116.8618] config: state: missing state file "/var/lib/NetworkManager/NetworkManager.state": No such file or directory
21:48:36,863 DEBUG NetworkManager:<debug> [1578952116.8618] WEXT support is disabled
21:48:36,871 DEBUG NetworkManager:<debug> [1578952116.8711] create NMDBusManager singleton (440807ef396a5352)
21:48:36,872 INFO systemd:Started D-Bus System Message Bus.
21:48:36,933 INFO systemd:Started Network Manager.
21:48:36,933 INFO NetworkManager:<info>  [1578952116.9339] bus-manager: acquired D-Bus service "org.freedesktop.NetworkManager"
21:48:36,934 DEBUG NetworkManager:<debug> [1578952116.9339] netns[0x560206dfa3a0]: new netns (net:8, mnt:9)
21:48:36,934 DEBUG NetworkManager:<debug> [1578952116.9342] platform-linux: create (ignore netns, initial netns, use udev)
21:48:36,934 INFO systemd:Starting Network Manager Wait Online...
21:48:36,934 DEBUG NetworkManager:<debug> [1578952116.9346] platform-linux: Netlink socket for events established: port=1782, fd=12
21:48:36,934 INFO systemd:Reached target Network.
21:48:36,934 DEBUG NetworkManager:<debug> [1578952116.9346] platform-linux: populate platform cache
21:48:36,934 DEBUG NetworkManager:<debug> [1578952116.9347] platform: kernel-support for USER_IPV6LL (IFLA_INET6_ADDR_GEN_MODE support) detected: supported
21:48:36,934 INFO systemd:Started Logout off all iSCSI sessions on shutdown.
21:48:36,934 DEBUG NetworkManager:<debug> [1578952116.9348] platform: (lo) signal: link   added: 1: lo <UP,LOWER_UP;loopback,up,running,lowerup> mtu 65536 arp 772 loopback? not-init addrgenmode eui64 addr 00:00:00:00:00:00 brd 00:00:00:00:00:00 driver unknown rx:6,416 tx:6,416
21:48:36,934 INFO systemd:Reached target Remote File Systems (Pre).
21:48:36,935 DEBUG NetworkManager:<debug> [1578952116.9350] platform: (ens3) signal: link   added: 2: ens3 <UP,LOWER_UP;broadcast,multicast,up,running,lowerup> mtu 1500 arp 1 ethernet? not-init addrgenmode eui64 addr 52:54:00:06:FE:DC brd FF:FF:FF:FF:FF:FF driver virtio_net rx:60892,537430403 tx:54806,3618653
21:48:36,935 DEBUG NetworkManager:<debug> [1578952116.9350] platform: kernel-support for EXTENDED_IFA_FLAGS (IPv6 temporary addresses support) detected: supported
21:48:36,935 DEBUG NetworkManager:<debug> [1578952116.9350] platform: (lo) signal: address 4   added: 127.0.0.1/8 lft forever pref forever lifetime 1-0[4294967295,4294967295] dev 1 flags permanent src kernel
21:48:36,935 DEBUG NetworkManager:<debug> [1578952116.9350] platform: (ens3) signal: address 4   added: 192.168.122.70/24 lft 3582sec pref 3582sec lifetime 1-1[3582,3582] dev 2 src kernel
21:48:36,935 DEBUG NetworkManager:<debug> [1578952116.9351] platform: (lo) signal: address 6   added: ::1/128 lft forever pref forever lifetime 1-0[4294967295,4294967295] dev 1 flags permanent src kernel
21:48:36,935 DEBUG NetworkManager:<debug> [1578952116.9351] platform: (ens3) signal: address 6   added: fe80::5054:ff:fe06:fedc/64 lft forever pref forever lifetime 1-0[4294967295,4294967295] dev 2 flags permanent src kernel
21:48:36,935 DEBUG NetworkManager:<debug> [1578952116.9352] platform: (ens3) signal: route   4   added: 0.0.0.0/0 via 192.168.122.1 dev 2 metric 0 mss 0 rt-src rt-boot scope global
21:48:36,935 DEBUG NetworkManager:<debug> [1578952116.9352] platform: (ens3) signal: route   4   added: 192.168.122.0/24 via 0.0.0.0 dev 2 metric 0 mss 0 rt-src rt-kernel scope link pref-src 192.168.122.70
21:48:36,935 DEBUG NetworkManager:<debug> [1578952116.9353] platform: kernel-support for RTA_PREF (ability to set router preference for IPv6 routes) detected: supported
21:48:36,935 DEBUG NetworkManager:<debug> [1578952116.9353] platform: (lo) signal: route   6   added: ::1/128 via :: dev 1 metric 256 mss 0 rt-src rt-kernel
21:48:36,935 DEBUG NetworkManager:<debug> [1578952116.9353] platform: (ens3) signal: route   6   added: fe80::/64 via :: dev 2 metric 256 mss 0 rt-src rt-kernel
21:48:36,935 DEBUG NetworkManager:<debug> [1578952116.9353] platform: (ens3) signal: route   6   added: table 255 ff00::/8 via :: dev 2 metric 256 mss 0 rt-src rt-boot
21:48:36,935 DEBUG NetworkManager:<debug> [1578952116.9353] platform: kernel-support for FRA_PROTOCOL (FRA_PROTOCOL attribute for policy routing rules) detected: supported
21:48:36,935 DEBUG NetworkManager:<debug> [1578952116.9354] platform: kernel-support for FRA_UID_RANGE (FRA_UID_RANGE attribute for policy routing rules) not detected: assume supported
21:48:36,935 DEBUG NetworkManager:<debug> [1578952116.9354] platform: kernel-support for FRA_L3MDEV (FRA_L3MDEV attribute for policy routing rules) not detected: assume supported
21:48:36,935 DEBUG NetworkManager:<debug> [1578952116.9354] platform: kernel-support for FRA_IP_PROTO (FRA_IP_PROTO, FRA_SPORT_RANGE, FRA_DPORT_RANGE attributes for policy routing rules) not detected: assume supported
21:48:36,935 DEBUG NetworkManager:<debug> [1578952116.9354] platform: signal: rt-rule   added: [4] 0: from all lookup 255 protocol 2
21:48:36,935 DEBUG NetworkManager:<debug> [1578952116.9354] platform: signal: rt-rule   added: [4] 32766: from all lookup 254 protocol 2
21:48:36,935 DEBUG NetworkManager:<debug> [1578952116.9354] platform: signal: rt-rule   added: [4] 32767: from all lookup 253 protocol 2
21:48:36,936 DEBUG NetworkManager:<debug> [1578952116.9354] platform: signal: rt-rule   added: [6] 0: from all lookup 255 protocol 2
21:48:36,936 DEBUG NetworkManager:<debug> [1578952116.9355] platform: signal: rt-rule   added: [6] 32766: from all lookup 254 protocol 2
21:48:36,936 DEBUG NetworkManager:<debug> [1578952116.9355] platform: (lo) signal: qdisc   added: noqueue dev 1 family 0 handle 0 parent ffffffff info 2
21:48:36,936 DEBUG NetworkManager:<debug> [1578952116.9355] platform: (ens3) signal: qdisc   added: fq_codel dev 2 family 0 handle 0 parent ffffffff info 2 limit 10240 flows 1024 target 4999 interval 99999 quantum 1514 memory_limit 33554432 ecn
21:48:36,936 DEBUG NetworkManager:<debug> [1578952116.9361] platform: (ens3) signal: link changed: 2: ens3 <UP,LOWER_UP;broadcast,multicast,up,running,lowerup> mtu 1500 arp 1 ethernet? init addrgenmode eui64 addr 52:54:00:06:FE:DC brd FF:FF:FF:FF:FF:FF driver virtio_net rx:60892,537430403 tx:54806,3618653
21:48:36,936 DEBUG NetworkManager:<debug> [1578952116.9363] platform: (lo) signal: link changed: 1: lo <UP,LOWER_UP;loopback,up,running,lowerup> mtu 65536 arp 772 loopback? init addrgenmode eui64 addr 00:00:00:00:00:00 brd 00:00:00:00:00:00 driver unknown rx:6,416 tx:6,416
21:48:36,936 DEBUG NetworkManager:<debug> [1578952116.9363] setup NMPlatform singleton (3e640a0d8137107a)
21:48:36,936 DEBUG NetworkManager:<debug> [1578952116.9364] rules-manager: routing-rule: track [64929a8075efa05c,0] "[4] 0: from all lookup 255 protocol 2")
21:48:36,936 DEBUG NetworkManager:<debug> [1578952116.9364] rules-manager: routing-rule: track [64929a8075efa05c,0] "[4] 32766: from all lookup 254 protocol 2")
21:48:36,936 DEBUG NetworkManager:<debug> [1578952116.9364] rules-manager: routing-rule: track [64929a8075efa05c,0] "[4] 32767: from all lookup 253 protocol 2")
21:48:36,936 DEBUG NetworkManager:<debug> [1578952116.9364] rules-manager: routing-rule: track [64929a8075efa05c,0] "[6] 0: from all lookup 255 protocol 2")
21:48:36,936 DEBUG NetworkManager:<debug> [1578952116.9364] rules-manager: routing-rule: track [64929a8075efa05c,0] "[6] 32766: from all lookup 254 protocol 2")
21:48:36,936 DEBUG NetworkManager:<debug> [1578952116.9364] rules-manager: routing-rule: track [df55c4295dc4d9a2,0] "[4] 0: from all lookup 255 protocol 2")
21:48:36,936 DEBUG NetworkManager:<debug> [1578952116.9364] rules-manager: routing-rule: track [df55c4295dc4d9a2,0] "[4] 32766: from all lookup 254 protocol 2")
21:48:36,936 DEBUG NetworkManager:<debug> [1578952116.9364] rules-manager: routing-rule: track [df55c4295dc4d9a2,0] "[4] 32767: from all lookup 253 protocol 2")
21:48:36,936 DEBUG NetworkManager:<debug> [1578952116.9365] rules-manager: routing-rule: track [df55c4295dc4d9a2,0] "[6] 0: from all lookup 255 protocol 2")
21:48:36,936 DEBUG NetworkManager:<debug> [1578952116.9365] rules-manager: routing-rule: track [df55c4295dc4d9a2,0] "[6] 32766: from all lookup 254 protocol 2")
21:48:36,937 DEBUG NetworkManager:<debug> [1578952116.9365] create NMNetns singleton (4a2bb5f18a289c98)
21:48:36,937 DEBUG NetworkManager:<debug> [1578952116.9366] auth[0x560206de7a30]: create auth-manager: polkit enabled
21:48:36,937 DEBUG NetworkManager:<debug> [1578952116.9366] auth[0x560206de7a30]: set instance
21:48:36,937 DEBUG NetworkManager:<debug> [1578952116.9366] setup NMAuthManager singleton (ee749e84aa85d09c)
21:48:36,947 INFO NetworkManager:<info>  [1578952116.9478] manager[0x560206e0e140]: monitoring kernel firmware directory '/lib/firmware'.
21:48:36,952 DEBUG NetworkManager:<debug> [1578952116.9523] session-monitor: using systemd-logind session tracking
21:48:36,952 DEBUG NetworkManager:<debug> [1578952116.9524] create NMSessionMonitor singleton (e2ee335cb1f03754)
21:48:36,952 DEBUG NetworkManager:<debug> [1578952116.9524] create NMAgentManager singleton (74625ee2e8b9f7c4)
21:48:36,952 INFO dbus-daemon:[system] Activating via systemd: service name='org.freedesktop.hostname1' unit='dbus-org.freedesktop.hostname1.service' requested by ':1.1' (uid=0 pid=1782 comm="/usr/sbin/NetworkManager --no-daemon " label="system_u:system_r:kernel_t:s0")
21:48:36,957 INFO systemd:Starting Hostname Service...
21:48:37,330 INFO systemd-logind:New seat seat0.
21:48:37,339 INFO systemd-logind:Watching system buttons on /dev/input/event0 (Power Button)
21:48:37,339 INFO systemd-logind:Watching system buttons on /dev/input/event1 (AT Translated Set 2 keyboard)
21:48:37,343 INFO systemd:Started Login Service.
21:48:37,561 INFO systemd:Started OpenSSH rsa Server Key Generation.
21:48:37,561 INFO systemd:Reached target sshd-keygen.target.
21:48:37,852 INFO dbus-daemon:[system] Successfully activated service 'org.freedesktop.hostname1'
21:48:37,852 INFO systemd:Started Hostname Service.
21:48:37,853 INFO NetworkManager:<info>  [1578952117.8533] hostname: hostname: using hostnamed
21:48:37,853 DEBUG NetworkManager:<debug> [1578952117.8533] create NMHostnameManager singleton (031a49b31660a1f6)
21:48:37,853 DEBUG NetworkManager:<debug> [1578952117.8534] create NMFirewallManager singleton (f5ced2c7683dce01)
21:48:37,853 INFO NetworkManager:<info>  [1578952117.8537] dns-mgr[0x560206df1250]: init: dns=default,systemd-resolved rc-manager=symlink
21:48:37,853 DEBUG NetworkManager:<debug> [1578952117.8537] create NMDnsManager singleton (4e16698936c184b8)
21:48:37,853 DEBUG NetworkManager:<debug> [1578952117.8537] policy: hostname-mode: full
21:48:37,854 DEBUG NetworkManager:<debug> [1578952117.8540] setup NMManager singleton (ec589d619f8a7a86)
21:48:37,855 DEBUG NetworkManager:<debug> [1578952117.8551] create NMConnectivity singleton (92a473ad98ed16f4)
21:48:37,856 DEBUG NetworkManager:<debug> [1578952117.8560] Loaded device plugin: NM6LowpanDeviceFactory (internal)
21:48:37,856 DEBUG NetworkManager:<debug> [1578952117.8560] Loaded device plugin: NMBondDeviceFactory (internal)
21:48:37,856 DEBUG NetworkManager:<debug> [1578952117.8560] Loaded device plugin: NMBridgeDeviceFactory (internal)
21:48:37,856 DEBUG NetworkManager:<debug> [1578952117.8560] Loaded device plugin: NMDummyDeviceFactory (internal)
21:48:37,856 DEBUG NetworkManager:<debug> [1578952117.8561] Loaded device plugin: NMEthernetDeviceFactory (internal)
21:48:37,856 DEBUG NetworkManager:<debug> [1578952117.8561] Loaded device plugin: NMInfinibandDeviceFactory (internal)
21:48:37,856 DEBUG NetworkManager:<debug> [1578952117.8561] Loaded device plugin: NMIPTunnelDeviceFactory (internal)
21:48:37,856 DEBUG NetworkManager:<debug> [1578952117.8566] Loaded device plugin: NMMacsecDeviceFactory (internal)
21:48:37,856 DEBUG NetworkManager:<debug> [1578952117.8566] Loaded device plugin: NMMacvlanDeviceFactory (internal)
21:48:37,856 DEBUG NetworkManager:<debug> [1578952117.8566] Loaded device plugin: NMPppDeviceFactory (internal)
21:48:37,856 DEBUG NetworkManager:<debug> [1578952117.8566] Loaded device plugin: NMTunDeviceFactory (internal)
21:48:37,856 DEBUG NetworkManager:<debug> [1578952117.8567] Loaded device plugin: NMVethDeviceFactory (internal)
21:48:37,856 DEBUG NetworkManager:<debug> [1578952117.8567] Loaded device plugin: NMVlanDeviceFactory (internal)
21:48:37,856 DEBUG NetworkManager:<debug> [1578952117.8567] Loaded device plugin: NMVxlanDeviceFactory (internal)
21:48:37,857 DEBUG NetworkManager:<debug> [1578952117.8567] Loaded device plugin: NMWireGuardDeviceFactory (internal)
21:48:37,857 DEBUG NetworkManager:<debug> [1578952117.8567] Loaded device plugin: NMWpanDeviceFactory (internal)
21:48:37,861 INFO NetworkManager:<info>  [1578952117.8611] Loaded device plugin: NMTeamFactory (/usr/lib64/NetworkManager/1.20.0-3.el8/libnm-device-plugin-team.so)
21:48:37,866 INFO NetworkManager:<info>  [1578952117.8669] Loaded device plugin: NMWifiFactory (/usr/lib64/NetworkManager/1.20.0-3.el8/libnm-device-plugin-wifi.so)
21:48:37,867 INFO NetworkManager:<info>  [1578952117.8669] manager: rfkill: Wi-Fi enabled by radio killswitch; enabled by state file
21:48:37,867 INFO NetworkManager:<info>  [1578952117.8670] manager: rfkill: WWAN enabled by radio killswitch; enabled by state file
21:48:37,867 INFO NetworkManager:<info>  [1578952117.8671] manager: Networking is enabled by state file
21:48:37,867 DEBUG NetworkManager:<debug> [1578952117.8671] dispatcher: (1) dispatching action 'hostname'
21:48:37,867 DEBUG NetworkManager:<debug> [1578952117.8672] dhcp-init: enabled DHCP client 'dhclient' (NMDhcpDhclient)
21:48:37,867 DEBUG NetworkManager:<debug> [1578952117.8672] dhcp-init: enabled DHCP client 'internal' (NMDhcpSystemd)
21:48:37,867 INFO NetworkManager:<info>  [1578952117.8672] dhcp-init: Using DHCP client 'dhclient'
21:48:37,867 DEBUG NetworkManager:<debug> [1578952117.8673] create NMDhcpManager singleton (fd28f20012fc9ee2)
21:48:37,868 INFO dbus-daemon:[system] Activating via systemd: service name='org.freedesktop.nm_dispatcher' unit='dbus-org.freedesktop.nm-dispatcher.service' requested by ':1.1' (uid=0 pid=1782 comm="/usr/sbin/NetworkManager --no-daemon " label="system_u:system_r:kernel_t:s0")
21:48:37,872 INFO systemd:Starting Network Manager Script Dispatcher Service...
21:48:37,874 INFO NetworkManager:<info>  [1578952117.8747] settings: Loaded settings plugin: ifcfg-rh ("/usr/lib64/NetworkManager/1.20.0-3.el8/libnm-settings-plugin-ifcfg-rh.so")
21:48:37,874 WARNING NetworkManager:<warn>  [1578952117.8747] settings: skipping deprecated plugin no-ibft
21:48:37,874 INFO NetworkManager:<info>  [1578952117.8747] settings: Loaded settings plugin: keyfile (internal)
21:48:37,877 DEBUG NetworkManager:<debug> [1578952117.8771] ++ connection 'new connection' (0x560206e32640/NMSimpleConnection/"802-3-ethernet"): [/org/freedesktop/NetworkManager/Settings/1]
21:48:37,877 DEBUG NetworkManager:<debug> [1578952117.8772] ++ connection                [ 0x560206dfe110 ]
21:48:37,877 DEBUG NetworkManager:<debug> [1578952117.8772] ++ connection.id             = 'ens3'
21:48:37,877 DEBUG NetworkManager:<debug> [1578952117.8772] ++ connection.interface-name = 'ens3'
21:48:37,877 DEBUG NetworkManager:<debug> [1578952117.8772] ++ connection.permissions    = []
21:48:37,877 DEBUG NetworkManager:<debug> [1578952117.8772] ++ connection.type           = '802-3-ethernet'
21:48:37,877 DEBUG NetworkManager:<debug> [1578952117.8772] ++ connection.uuid           = '22c5fd20-2314-4577-99d0-e71ee7684a14'
21:48:37,877 DEBUG NetworkManager:<debug> [1578952117.8773] ++ 802-3-ethernet            [ 0x560206dccc10 ]
21:48:37,877 DEBUG NetworkManager:<debug> [1578952117.8773] ++ 802-3-ethernet.mac-address-blacklist = []
21:48:37,877 DEBUG NetworkManager:<debug> [1578952117.8773] ++ 802-3-ethernet.s390-options = ((GHashTable*) 0x560206e38700)
21:48:37,877 DEBUG NetworkManager:<debug> [1578952117.8773] ++ ipv4                      [ 0x560206de69a0 ]
21:48:37,877 DEBUG NetworkManager:<debug> [1578952117.8773] ++ ipv4.addresses            = ((GPtrArray*) 0x560206e32b40)
21:48:37,877 DEBUG NetworkManager:<debug> [1578952117.8773] ++ ipv4.dns                  = []
21:48:37,877 DEBUG NetworkManager:<debug> [1578952117.8773] ++ ipv4.dns-search           = []
21:48:37,878 DEBUG NetworkManager:<debug> [1578952117.8773] ++ ipv4.method               = 'auto'
21:48:37,878 DEBUG NetworkManager:<debug> [1578952117.8774] ++ ipv4.routes               = ((GPtrArray*) 0x560206e32920)
21:48:37,878 DEBUG NetworkManager:<debug> [1578952117.8774] ++ ipv4.routing-rules        = <unknown>
21:48:37,878 DEBUG NetworkManager:<debug> [1578952117.8774] ++ ipv6                      [ 0x560206dfe1e0 ]
21:48:37,878 DEBUG NetworkManager:<debug> [1578952117.8774] ++ ipv6.addr-gen-mode        = 0
21:48:37,878 DEBUG NetworkManager:<debug> [1578952117.8774] ++ ipv6.addresses            = ((GPtrArray*) 0x560206e32880)
21:48:37,878 DEBUG NetworkManager:<debug> [1578952117.8774] ++ ipv6.dns                  = []
21:48:37,878 DEBUG NetworkManager:<debug> [1578952117.8774] ++ ipv6.dns-search           = []
21:48:37,878 DEBUG NetworkManager:<debug> [1578952117.8775] ++ ipv6.method               = 'auto'
21:48:37,878 DEBUG NetworkManager:<debug> [1578952117.8775] ++ ipv6.routes               = ((GPtrArray*) 0x560206e32a60)
21:48:37,878 DEBUG NetworkManager:<debug> [1578952117.8775] ++ ipv6.routing-rules        = <unknown>
21:48:37,878 DEBUG NetworkManager:<debug> [1578952117.8779] device[0x560206e1bcb0] (lo): unmanaged: flags set to [platform-init,by-default=0x110/0x110/unmanaged/unrealized], set-unmanaged [by-default=0x100])
21:48:37,878 DEBUG NetworkManager:<debug> [1578952117.8780] device[0x560206e1bcb0] (lo): constructed (NMDeviceGeneric)
21:48:37,878 DEBUG NetworkManager:<debug> [1578952117.8780] device[0x560206e1bcb0] (lo): start setup of NMDeviceGeneric, kernel ifindex 1
21:48:37,878 DEBUG NetworkManager:<debug> [1578952117.8780] device[0x560206e1bcb0] (lo): assume-state: set guess-assume=1, connection=(null)
21:48:37,878 DEBUG NetworkManager:<debug> [1578952117.8781] platform-linux: error reading net:/sys/class/net/lo/phys_port_id: error reading 4096 bytes from file descriptor: Operation not supported
21:48:37,878 DEBUG NetworkManager:<debug> [1578952117.8782] platform-linux: sysctl: reading 'net:/sys/class/net/lo/dev_id': '0x0'
21:48:37,879 DEBUG NetworkManager:<debug> [1578952117.8783] platform-linux: error reading net:/sys/class/net/lo/device/sriov_totalvfs: Failed to open file "device/sriov_totalvfs" with openat: No such file or directory
21:48:37,879 DEBUG NetworkManager:<debug> [1578952117.8784] device[0x560206e1bcb0] (lo): hw-addr: hardware address now 00:00:00:00:00:00
21:48:37,879 DEBUG NetworkManager:<debug> [1578952117.8784] device[0x560206e1bcb0] (lo): hw-addr: update initial MAC address 00:00:00:00:00:00
21:48:37,879 DEBUG NetworkManager:<debug> [1578952117.8784] device[0x560206e1bcb0] (lo): hw-addr: unable to read permanent MAC address (use current: 00:00:00:00:00:00)
21:48:37,879 INFO NetworkManager:<info>  [1578952117.8784] device (lo): carrier: link connected
21:48:37,879 DEBUG NetworkManager:<debug> [1578952117.8785] device[0x560206e1bcb0] (lo): unmanaged: flags set to [platform-init,by-default,!external-down=0x110/0x910/unmanaged/unrealized], set-managed [external-down=0x800])
21:48:37,879 DEBUG NetworkManager:<debug> [1578952117.8785] device[0x560206e1bcb0] (lo): unmanaged: flags set to [by-type,platform-init,by-default,!external-down=0x118/0x918/unmanaged/unrealized], set-unmanaged [by-type=0x8])
21:48:37,879 DEBUG NetworkManager:<debug> [1578952117.8785] device[0x560206e1bcb0] (lo): unmanaged: flags set to [by-type,platform-init,by-default,!user-settings,!external-down=0x118/0x958/unmanaged/unrealized], set-managed [user-settings=0x40])
21:48:37,879 DEBUG NetworkManager:<debug> [1578952117.8785] device[0x560206e1bcb0] (lo): unmanaged: flags set to [by-type,by-default,!platform-init,!user-settings,!external-down=0x108/0x958/unmanaged/unrealized], set-managed [platform-init=0x10])
21:48:37,879 DEBUG NetworkManager:<debug> [1578952117.8785] device[0x560206e1bcb0] (lo): unmanaged: flags set to [by-type,by-default,!sleeping,!platform-init,!user-settings,!external-down=0x108/0x959/unmanaged/unrealized], set-managed [sleeping=0x1])
21:48:37,879 INFO NetworkManager:<info>  [1578952117.8788] manager: (lo): new Generic device (/org/freedesktop/NetworkManager/Devices/1)
21:48:37,879 DEBUG NetworkManager:<debug> [1578952117.8791] device[0x560206e1bcb0] (lo): assume-state: set guess-assume=0, connection=(null)
21:48:37,879 DEBUG NetworkManager:<debug> [1578952117.8792] device[0x560206e5f880] (ens3): constructed (NMDeviceEthernet)
21:48:37,879 DEBUG NetworkManager:<debug> [1578952117.8793] device[0x560206e5f880] (ens3): start setup of NMDeviceEthernet, kernel ifindex 2
21:48:37,879 DEBUG NetworkManager:<debug> [1578952117.8793] device[0x560206e5f880] (ens3): assume-state: set guess-assume=1, connection=(null)
21:48:37,879 DEBUG NetworkManager:<debug> [1578952117.8794] platform-linux: error reading net:/sys/class/net/ens3/phys_port_id: error reading 4096 bytes from file descriptor: Operation not supported
21:48:37,880 DEBUG NetworkManager:<debug> [1578952117.8794] platform-linux: sysctl: reading 'net:/sys/class/net/ens3/dev_id': '0x0'
21:48:37,880 DEBUG NetworkManager:<debug> [1578952117.8795] platform-linux: error reading net:/sys/class/net/ens3/device/sriov_totalvfs: Failed to open file "device/sriov_totalvfs" with openat: No such file or directory
21:48:37,880 DEBUG NetworkManager:<debug> [1578952117.8796] device[0x560206e5f880] (ens3): hw-addr: hardware address now 52:54:00:06:FE:DC
21:48:37,880 DEBUG NetworkManager:<debug> [1578952117.8796] device[0x560206e5f880] (ens3): hw-addr: update initial MAC address 52:54:00:06:FE:DC
21:48:37,880 DEBUG NetworkManager:<debug> [1578952117.8796] device[0x560206e5f880] (ens3): hw-addr: read permanent MAC address '52:54:00:06:FE:DC'
21:48:37,880 INFO NetworkManager:<info>  [1578952117.8797] device (ens3): carrier: link connected
21:48:37,880 DEBUG NetworkManager:<debug> [1578952117.8798] device[0x560206e5f880] (ens3): unmanaged: flags set to [platform-init,!by-type=0x10/0x18/unmanaged/unrealized], set-managed [by-type=0x8])
21:48:37,880 DEBUG NetworkManager:<debug> [1578952117.8798] device[0x560206e5f880] (ens3): unmanaged: flags set to [platform-init,!by-type,!user-settings=0x10/0x58/unmanaged/unrealized], set-managed [user-settings=0x40])
21:48:37,880 DEBUG NetworkManager:<debug> [1578952117.8798] device[0x560206e5f880] (ens3): unmanaged: flags set to [!by-type,!platform-init,!user-settings=0x0/0x58/managed/unrealized], set-managed [platform-init=0x10])
21:48:37,880 DEBUG NetworkManager:<debug> [1578952117.8799] device[0x560206e5f880] (ens3): unmanaged: flags set to [!sleeping,!by-type,!platform-init,!user-settings=0x0/0x59/managed/unrealized], set-managed [sleeping=0x1])
21:48:37,880 INFO NetworkManager:<info>  [1578952117.8801] manager: (ens3): new Ethernet device (/org/freedesktop/NetworkManager/Devices/2)
21:48:37,882 DEBUG NetworkManager:<debug> [1578952117.8806] device[0x560206e5f880] (ens3): ip4-config: update (commit=0, new-config=0x560206e1e260)
21:48:37,883 DEBUG NetworkManager:<debug> [1578952117.8832] device[0x560206e5f880] (ens3): ip4-config: set IP Config instance (/org/freedesktop/NetworkManager/IP4Config/1)
21:48:37,883 DEBUG NetworkManager:<debug> [1578952117.8837] dns-mgr: (device_ip_config_changed): queueing DNS updates (1)
21:48:37,884 DEBUG NetworkManager:<debug> [1578952117.8838] dns-mgr: (device_ip_config_changed): DNS configuration did not change
21:48:37,884 DEBUG NetworkManager:<debug> [1578952117.8840] dns-mgr: (device_ip_config_changed): no DNS changes to commit (0)
21:48:37,884 DEBUG NetworkManager:<debug> [1578952117.8842] platform-linux: sysctl: reading '/proc/sys/net/ipv6/conf/ens3/disable_ipv6': '0'
21:48:37,884 DEBUG NetworkManager:<debug> [1578952117.8843] device[0x560206e5f880] (ens3): ip6-config: update (commit=0, new-config=0x560206e014a0)
21:48:37,884 DEBUG NetworkManager:<debug> [1578952117.8844] device[0x560206e5f880] (ens3): ip6-config: set IP Config instance (/org/freedesktop/NetworkManager/IP6Config/1)
21:48:37,884 DEBUG NetworkManager:<debug> [1578952117.8846] dns-mgr: (device_ip_config_changed): queueing DNS updates (1)
21:48:37,884 DEBUG NetworkManager:<debug> [1578952117.8847] dns-mgr: (device_ip_config_changed): DNS configuration did not change
21:48:37,884 DEBUG NetworkManager:<debug> [1578952117.8847] dns-mgr: (device_ip_config_changed): no DNS changes to commit (0)
21:48:37,885 INFO NetworkManager:<info>  [1578952117.8852] manager: (ens3): assume: will attempt to assume matching connection 'ens3' (22c5fd20-2314-4577-99d0-e71ee7684a14) (guessed)
21:48:37,885 DEBUG NetworkManager:<debug> [1578952117.8852] device[0x560206e5f880] (ens3): assume-state: set guess-assume=0, connection=(null)
21:48:37,885 INFO NetworkManager:<info>  [1578952117.8853] manager: (ens3): assume: taking over an initramfs-configured connection
21:48:37,885 INFO NetworkManager:<info>  [1578952117.8853] device (ens3): state change: unmanaged -> unavailable (reason 'connection-assumed', sys-iface-state: 'assume')
21:48:37,885 DEBUG NetworkManager:<debug> [1578952117.8857] platform-linux: sysctl: reading '/proc/sys/net/ipv6/conf/ens3/accept_ra': '1'
21:48:37,885 DEBUG NetworkManager:<debug> [1578952117.8857] platform-linux: sysctl: reading '/proc/sys/net/ipv6/conf/ens3/accept_ra_defrtr': '1'
21:48:37,885 DEBUG NetworkManager:<debug> [1578952117.8858] platform-linux: sysctl: reading '/proc/sys/net/ipv6/conf/ens3/accept_ra_pinfo': '1'
21:48:37,885 DEBUG NetworkManager:<debug> [1578952117.8858] platform-linux: sysctl: reading '/proc/sys/net/ipv6/conf/ens3/accept_ra_rtr_pref': '1'
21:48:37,886 DEBUG NetworkManager:<debug> [1578952117.8858] platform-linux: sysctl: reading '/proc/sys/net/ipv6/conf/ens3/forwarding': '0'
21:48:37,886 DEBUG NetworkManager:<debug> [1578952117.8859] platform-linux: sysctl: reading '/proc/sys/net/ipv6/conf/ens3/hop_limit': '64'
21:48:37,886 DEBUG NetworkManager:<debug> [1578952117.8859] platform-linux: sysctl: reading '/proc/sys/net/ipv6/conf/ens3/use_tempaddr': '0'
21:48:37,895 DEBUG NetworkManager:<debug> [1578952117.8954] device[0x560206e5f880] (ens3): add_pending_action (1): 'recheck-available'
21:48:37,896 DEBUG NetworkManager:<debug> [1578952117.8964] device[0x560206e5f880] (ens3): connectivity state changed from UNKNOWN to NONE
21:48:37,897 DEBUG NetworkManager:<debug> [1578952117.8969] manager: connectivity checking indicates NONE
21:48:37,897 DEBUG NetworkManager:<debug> [1578952117.8971] dispatcher: (2) dispatching action 'connectivity-change'
21:48:37,897 DEBUG NetworkManager:<debug> [1578952117.8974] device[0x560206e5f880] (ens3): connectivity state changed from UNKNOWN to NONE
21:48:37,898 INFO NetworkManager:<info>  [1578952117.8978] device (ens3): state change: unavailable -> disconnected (reason 'connection-assumed', sys-iface-state: 'assume')
21:48:37,899 DEBUG NetworkManager:<debug> [1578952117.8992] device[0x560206e5f880] (ens3): add_pending_action (2): 'autoactivate'
21:48:37,899 DEBUG NetworkManager:<debug> [1578952117.8994] active-connection[0x560206e1e560]: set device "ens3" [0x560206e5f880]
21:48:37,899 DEBUG NetworkManager:<debug> [1578952117.8994] device[0x560206e5f880] (ens3): add_pending_action (3): 'activation-0x560206e1e560'
21:48:37,899 DEBUG NetworkManager:<debug> [1578952117.8996] active-connection[0x560206e1e560]: constructed (NMActRequest, version-id 1, type assume)
21:48:37,900 INFO NetworkManager:<info>  [1578952117.9003] device (ens3): Activation: starting connection 'ens3' (22c5fd20-2314-4577-99d0-e71ee7684a14)
21:48:37,900 DEBUG NetworkManager:<debug> [1578952117.9004] device[0x560206e5f880] (ens3): activation-stage: schedule activate_stage1_device_prepare,v4 (id 30)
21:48:37,901 DEBUG NetworkManager:<debug> [1578952117.9014] create NMVpnManager singleton (95cae70f0ea1a8b8)
21:48:37,901 DEBUG NetworkManager:<debug> [1578952117.9014] manager: creating virtual devices...
21:48:37,901 DEBUG NetworkManager:<debug> [1578952117.9014] setting up local loopback
21:48:37,901 DEBUG NetworkManager:<debug> [1578952117.9014] platform: (lo) link: setting up
21:48:37,901 DEBUG NetworkManager:<debug> [1578952117.9015] platform-linux: link: change 1: flags: set 0x1/0x1 ([up] / [up])
21:48:37,901 DEBUG NetworkManager:<debug> [1578952117.9015] platform-linux: do-request-link: 1 
21:48:37,901 DEBUG NetworkManager:<debug> [1578952117.9016] platform-linux: do-change-link[1]: success changing link: success
21:48:37,902 DEBUG NetworkManager:<debug> [1578952117.9026] device[0x560206e1bcb0] (lo): ip4-config: update (commit=0, new-config=0x560206e1e000)
21:48:37,902 DEBUG NetworkManager:<debug> [1578952117.9027] device[0x560206e1bcb0] (lo): ip4-config: set IP Config instance (/org/freedesktop/NetworkManager/IP4Config/2)
21:48:37,902 DEBUG NetworkManager:<debug> [1578952117.9028] dns-mgr: (device_ip_config_changed): queueing DNS updates (1)
21:48:37,903 DEBUG NetworkManager:<debug> [1578952117.9029] dns-mgr: (device_ip_config_changed): DNS configuration did not change
21:48:37,903 DEBUG NetworkManager:<debug> [1578952117.9029] dns-mgr: (device_ip_config_changed): no DNS changes to commit (0)
21:48:37,903 DEBUG NetworkManager:<debug> [1578952117.9030] platform-linux: sysctl: reading '/proc/sys/net/ipv6/conf/lo/disable_ipv6': '0'
21:48:37,903 DEBUG NetworkManager:<debug> [1578952117.9030] device[0x560206e1bcb0] (lo): ip6-config: update (commit=0, new-config=0x560206e017d0)
21:48:37,903 DEBUG NetworkManager:<debug> [1578952117.9031] device[0x560206e1bcb0] (lo): ip6-config: set IP Config instance (/org/freedesktop/NetworkManager/IP6Config/2)
21:48:37,903 DEBUG NetworkManager:<debug> [1578952117.9032] dns-mgr: (device_ip_config_changed): queueing DNS updates (1)
21:48:37,903 DEBUG NetworkManager:<debug> [1578952117.9032] dns-mgr: (device_ip_config_changed): DNS configuration did not change
21:48:37,903 DEBUG NetworkManager:<debug> [1578952117.9032] dns-mgr: (device_ip_config_changed): no DNS changes to commit (0)
21:48:37,903 DEBUG NetworkManager:<debug> [1578952117.9033] device[0x560206e5f880] (ens3): ip4-config: update (commit=0, new-config=0x560206e1e980)
21:48:37,903 DEBUG NetworkManager:<debug> [1578952117.9034] device[0x560206e5f880] (ens3): ip6-config: update (commit=0, new-config=0x560206e01b00)
21:48:37,903 DEBUG NetworkManager:<debug> [1578952117.9034] device[0x560206e5f880] (ens3): remove_pending_action (2): 'recheck-available'
21:48:37,903 DEBUG NetworkManager:<debug> [1578952117.9034] device[0x560206e5f880] (ens3): remove_pending_action (1): 'autoactivate'
21:48:37,903 DEBUG NetworkManager:<debug> [1578952117.9035] device[0x560206e5f880] (ens3): activation-stage: invoke activate_stage1_device_prepare,v4 (id 30)
21:48:37,903 INFO NetworkManager:<info>  [1578952117.9035] device (ens3): state change: disconnected -> prepare (reason 'none', sys-iface-state: 'assume')
21:48:37,903 DEBUG NetworkManager:<debug> [1578952117.9038] active-connection[0x560206e1e560]: set state activating (was unknown)
21:48:37,903 DEBUG NetworkManager:<debug> [1578952117.9038] active-connection[0x560206e1e560]: check-master-ready: not signalling (state activating, no master)
21:48:37,903 DEBUG NetworkManager:<debug> [1578952117.9039] manager: ActivatingConnection now ens3
21:48:37,904 DEBUG NetworkManager:<debug> [1578952117.9039] device[0x560206e5f880] (ens3): activation-stage: schedule activate_stage2_device_config,v4 (id 39)
21:48:37,904 DEBUG NetworkManager:<debug> [1578952117.9040] device[0x560206e5f880] (ens3): activation-stage: complete activate_stage1_device_prepare,v4 (id 30)
21:48:37,904 DEBUG NetworkManager:<debug> [1578952117.9040] manager: (lo): assume: don't assume because not managed
21:48:37,904 DEBUG NetworkManager:<debug> [1578952117.9040] device[0x560206e5f880] (ens3): activation-stage: invoke activate_stage2_device_config,v4 (id 39)
21:48:37,904 INFO NetworkManager:<info>  [1578952117.9040] device (ens3): state change: prepare -> config (reason 'none', sys-iface-state: 'assume')
21:48:37,904 DEBUG NetworkManager:<debug> [1578952117.9042] rules-manager: sync
21:48:37,904 DEBUG NetworkManager:<debug> [1578952117.9042] firewall: [0x560206de78f0,change:"ens3"]: firewall zone change ens3:default (waiting to initialize)
21:48:37,904 DEBUG NetworkManager:<debug> [1578952117.9042] device[0x560206e5f880] (ens3): activation-stage: complete activate_stage2_device_config,v4 (id 39)
21:48:37,904 DEBUG NetworkManager:<debug> [1578952117.9042] manager: startup complete is waiting for device 'ens3' (activation-0x560206e1e560)
21:48:37,909 DEBUG NetworkManager:<debug> [1578952117.9091] ifcfg-rh: dbus: acquired D-Bus service com.redhat.ifcfgrh1 and exported /com/redhat/ifcfgrh1 object
21:48:37,909 DEBUG NetworkManager:<debug> [1578952117.9092] sleep-monitor-sd: inhibit: taking sleep inhibitor...
21:48:37,910 DEBUG NetworkManager:<debug> [1578952117.9102] firewall: firewall initialized (not running)
21:48:37,910 DEBUG NetworkManager:<debug> [1578952117.9102] firewall: [0x560206de78f0,change:"ens3"]: complete: fake success
21:48:37,910 DEBUG NetworkManager:<debug> [1578952117.9102] device[0x560206e5f880] (ens3): activation-stage: schedule activate_stage3_ip_config_start,v4 (id 63)
21:48:37,910 DEBUG NetworkManager:<debug> [1578952117.9104] device[0x560206e5f880] (ens3): activation-stage: invoke activate_stage3_ip_config_start,v4 (id 63)
21:48:37,910 DEBUG NetworkManager:<debug> [1578952117.9104] active-connection[0x560206e1e560]: set state-flags layer2-ready,lifetime-bound-to-profile-visibility (was lifetime-bound-to-profile-visibility)
21:48:37,910 INFO NetworkManager:<info>  [1578952117.9105] device (ens3): state change: config -> ip-config (reason 'none', sys-iface-state: 'assume')
21:48:37,910 DEBUG NetworkManager:<debug> [1578952117.9107] device[0x560206e5f880] (ens3): IPv4 config method is auto
21:48:37,910 DEBUG NetworkManager:<debug> [1578952117.9108] device[0x560206e5f880] (ens3): ipv4.dhcp-client-id: no explicit client-id configured
21:48:37,911 DEBUG NetworkManager:<debug> [1578952117.9109] bus-manager: (dhcp) creating private socket unix:path=/run/NetworkManager/private-dhcp
21:48:37,911 DEBUG NetworkManager:<debug> [1578952117.9112] create NMDhcpListener singleton (da003c2800068be7)
21:48:37,911 INFO NetworkManager:<info>  [1578952117.9112] dhcp4 (ens3): activation: beginning transaction (timeout in 45 seconds)
21:48:37,911 DEBUG NetworkManager:<debug> [1578952117.9112] dhcp4 (ens3): creating composite dhclient config /var/lib/NetworkManager/dhclient-ens3.conf
21:48:37,911 DEBUG NetworkManager:<debug> [1578952117.9112] dhcp4 (ens3): looking for existing config /etc/NetworkManager/dhclient-22c5fd20-2314-4577-99d0-e71ee7684a14.conf
21:48:37,911 DEBUG NetworkManager:<debug> [1578952117.9112] dhcp4 (ens3): looking for existing config /etc/NetworkManager/dhclient-ens3.conf
21:48:37,911 DEBUG NetworkManager:<debug> [1578952117.9113] dhcp4 (ens3): looking for existing config /etc/NetworkManager/dhclient.conf
21:48:37,911 DEBUG NetworkManager:<debug> [1578952117.9113] dhcp4 (ens3): looking for existing config /etc/dhcp/dhclient-ens3.conf
21:48:37,912 DEBUG NetworkManager:<debug> [1578952117.9120] dhcp4 (ens3): looking for existing config /etc/dhclient-ens3.conf
21:48:37,912 DEBUG NetworkManager:<debug> [1578952117.9120] dhcp4 (ens3): looking for existing config /etc/dhcp/dhclient.conf
21:48:37,912 DEBUG NetworkManager:<debug> [1578952117.9120] dhcp4 (ens3): merging existing dhclient config /etc/dhcp/dhclient.conf
21:48:37,919 DEBUG NetworkManager:<debug> [1578952117.9196] dhcp4 (ens3): running: /sbin/dhclient -d -q -sf /usr/libexec/nm-dhcp-helper -pf /run/NetworkManager/dhclient-ens3.pid -lf /run/NetworkManager/dhclient-22c5fd20-2314-4577-99d0-e71ee7684a14-ens3.lease -cf /var/lib/NetworkManager/dhclient-ens3.conf ens3
21:48:37,938 INFO NetworkManager:<info>  [1578952117.9380] dhcp4 (ens3): dhclient started with pid 1830
21:48:37,938 DEBUG NetworkManager:<debug> [1578952117.9381] device[0x560206e5f880] (ens3): add_pending_action (2): 'dhcp4'
21:48:37,938 DEBUG NetworkManager:<debug> [1578952117.9381] device[0x560206e5f880] (ens3): IPv6 config method is auto
21:48:37,938 DEBUG NetworkManager:<debug> [1578952117.9382] platform-linux: sysctl: setting '/proc/sys/net/ipv6/conf/ens3/disable_ipv6' to '0' (current value is identical)
21:48:37,938 DEBUG NetworkManager:<debug> [1578952117.9384] platform-linux: sysctl: reading '/proc/sys/net/ipv6/conf/default/use_tempaddr': '0'
21:48:37,938 DEBUG NetworkManager:<debug> [1578952117.9385] platform-linux: sysctl: reading '/proc/sys/net/ipv6/conf/ens3/router_solicitation_interval': '4'
21:48:37,938 DEBUG NetworkManager:<debug> [1578952117.9385] platform-linux: sysctl: reading '/proc/sys/net/ipv6/conf/ens3/router_solicitations': '-1'
21:48:37,938 DEBUG NetworkManager:<debug> [1578952117.9385] platform-linux: sysctl: reading '/proc/sys/net/ipv6/conf/ens3/max_addresses': '16'
21:48:37,939 DEBUG NetworkManager:<debug> [1578952117.9390] device[0x560206e5f880] (ens3): addrconf6: using the device EUI-64 identifier
21:48:37,939 DEBUG NetworkManager:<debug> [1578952117.9390] device[0x560206e5f880] (ens3): ip6-config: update (commit=1, new-config=0x560206e018e0)
21:48:37,939 DEBUG NetworkManager:<debug> [1578952117.9391] platform: (ens3) address: adding or updating IPv6 address: fe80::5054:ff:fe06:fedc/64 lft forever pref forever lifetime 2-0[4294967295,4294967295] dev 2 flags permanent,noprefixroute src unknown
21:48:37,939 DEBUG NetworkManager:<debug> [1578952117.9391] platform: (ens3) signal: address 6 changed: fe80::5054:ff:fe06:fedc/64 lft forever pref forever lifetime 2-0[4294967295,4294967295] dev 2 flags permanent,noprefixroute src kernel
21:48:37,939 DEBUG NetworkManager:<debug> [1578952117.9392] device[0x560206e5f880] (ens3): queued IP6 config change
21:48:37,939 DEBUG NetworkManager:<debug> [1578952117.9392] platform: (ens3) signal: route   6 removed: fe80::/64 via :: dev 2 metric 256 mss 0 rt-src rt-kernel
21:48:37,939 DEBUG NetworkManager:<debug> [1578952117.9392] platform-linux: do-add-ip6-address[2: fe80::5054:ff:fe06:fedc]: success
21:48:37,939 DEBUG NetworkManager:<debug> [1578952117.9392] platform: (ens3) route: append     IPv6 route: fe80::/64 via :: dev 2 metric 256 mss 0 rt-src rt-kernel
21:48:37,939 DEBUG NetworkManager:<debug> [1578952117.9393] platform: (ens3) signal: route   6   added: fe80::/64 via :: dev 2 metric 256 mss 0 rt-src rt-kernel
21:48:37,939 DEBUG NetworkManager:<debug> [1578952117.9393] platform-linux: do-add-ip6-route[fe80::/64 via :: dev 2 metric 256 mss 0 rt-src rt-kernel]: success
21:48:37,939 DEBUG NetworkManager:<debug> [1578952117.9393] platform: (ens3) route: append     IPv6 route: fe80::/64 via :: dev 2 metric 100 mss 0 rt-src rt-kernel
21:48:37,939 DEBUG NetworkManager:<debug> [1578952117.9394] platform: (ens3) signal: route   6   added: fe80::/64 via :: dev 2 metric 100 mss 0 rt-src rt-kernel
21:48:37,939 DEBUG NetworkManager:<debug> [1578952117.9394] platform-linux: do-add-ip6-route[fe80::/64 via :: dev 2 metric 100 mss 0 rt-src rt-kernel]: success
21:48:37,939 DEBUG NetworkManager:<debug> [1578952117.9396] device[0x560206e5f880] (ens3): ip6-config: update IP Config instance (/org/freedesktop/NetworkManager/IP6Config/1)
21:48:37,939 DEBUG NetworkManager:<debug> [1578952117.9397] dns-mgr: (device_ip_config_changed): queueing DNS updates (1)
21:48:37,939 DEBUG NetworkManager:<debug> [1578952117.9397] dns-mgr: (device_ip_config_changed): DNS configuration did not change
21:48:37,940 DEBUG NetworkManager:<debug> [1578952117.9397] dns-mgr: (device_ip_config_changed): no DNS changes to commit (0)
21:48:37,940 DEBUG NetworkManager:<debug> [1578952117.9397] platform-linux: sysctl: setting '/proc/sys/net/ipv6/conf/ens3/accept_ra' to '1' (current value is identical)
21:48:37,940 DEBUG NetworkManager:<debug> [1578952117.9398] platform-linux: sysctl: setting '/proc/sys/net/ipv6/conf/ens3/accept_ra_defrtr' to '0' (current value is '1')
21:48:37,940 DEBUG NetworkManager:<debug> [1578952117.9398] platform-linux: sysctl: setting '/proc/sys/net/ipv6/conf/ens3/accept_ra_pinfo' to '0' (current value is '1')
21:48:37,940 DEBUG NetworkManager:<debug> [1578952117.9398] platform-linux: sysctl: setting '/proc/sys/net/ipv6/conf/ens3/accept_ra_rtr_pref' to '0' (current value is '1')
21:48:37,940 DEBUG NetworkManager:<debug> [1578952117.9399] ndisc[0x560206e13200,"ens3"]: starting neighbor discovery: 2
21:48:37,940 DEBUG NetworkManager:<debug> [1578952117.9399] ndisc-lndp[0x560206e13200,"ens3"]: processing libndp events
21:48:37,940 DEBUG NetworkManager:<debug> [1578952117.9399] ndisc[0x560206e13200,"ens3"]: scheduling RA timeout in 30 seconds
21:48:37,940 DEBUG NetworkManager:<debug> [1578952117.9399] ndisc[0x560206e13200,"ens3"]: scheduling explicit router solicitation request in 0 seconds.
21:48:37,940 DEBUG NetworkManager:<debug> [1578952117.9399] device[0x560206e5f880] (ens3): activation-stage: complete activate_stage3_ip_config_start,v4 (id 63)
21:48:37,940 DEBUG NetworkManager:<debug> [1578952117.9400] sleep-monitor-sd: inhibit: inhibitor fd is 21
21:48:37,940 DEBUG NetworkManager:<debug> [1578952117.9401] device[0x560206e5f880] (ens3): ip6-config: update (commit=0, new-config=0x560206e01c10)
21:48:37,940 DEBUG NetworkManager:<debug> [1578952117.9403] device[0x560206e5f880] (ens3): ip6-config: update IP Config instance (/org/freedesktop/NetworkManager/IP6Config/1)
21:48:37,940 DEBUG NetworkManager:<debug> [1578952117.9403] dns-mgr: (device_ip_config_changed): queueing DNS updates (1)
21:48:37,940 DEBUG NetworkManager:<debug> [1578952117.9403] dns-mgr: (device_ip_config_changed): DNS configuration did not change
21:48:37,940 DEBUG NetworkManager:<debug> [1578952117.9404] dns-mgr: (device_ip_config_changed): no DNS changes to commit (0)
21:48:37,958 INFO dbus-daemon:[system] Successfully activated service 'org.freedesktop.nm_dispatcher'
21:48:37,959 INFO systemd:Started Network Manager Script Dispatcher Service.
21:48:37,962 INFO nm-dispatcher:req:1 'hostname': new request (3 scripts)
21:48:37,963 DEBUG nm-dispatcher:req:1 'hostname': environment: PATH=/usr/local/sbin:/usr/local/bin:/usr/sbin:/usr/bin
21:48:37,963 DEBUG nm-dispatcher:req:1 'hostname': environment: NM_DISPATCHER_ACTION=hostname
21:48:37,963 INFO nm-dispatcher:req:1 'hostname': start running ordered scripts...
